
*** ChampSim Multicore Out-of-Order Simulator ***

Warmup Instructions: 25000000
Simulation Instructions: 25000000
Number of CPUs: 1
LLC sets: 2048
LLC ways: 16
Off-chip DRAM Size: 4096 MB Channels: 1 Width: 64-bit Data Rate: 6400 MT/s
CPU 0 runs ../traces/Trace1.gz
.gz
BTB has LRU replacement policy
ITLB has LRU replacement policy
DTLB has LRU replacement policy
STLB has LRU replacement policy
L1I has LRU replacement policy
L1D has LRU replacement policy
L2C has LRU replacement policy
LLC has LRU replacement policy
Heartbeat CPU 0 instructions: 10000002 cycles: 2953858 heartbeat IPC: 3.3854 cumulative IPC: 3.3854 (Simulation time: 0 hr 0 min 31 sec) 
Heartbeat CPU 0 instructions: 20000001 cycles: 5915364 heartbeat IPC: 3.37666 cumulative IPC: 3.38103 (Simulation time: 0 hr 1 min 4 sec) 

Warmup complete CPU 0 instructions: 25000004 cycles: 7349828 (Simulation time: 0 hr 1 min 17 sec) 

Heartbeat CPU 0 instructions: 30000003 cycles: 31285805 heartbeat IPC: 0.39416 cumulative IPC: 0.208891 (Simulation time: 0 hr 1 min 40 sec) 
Heartbeat CPU 0 instructions: 40000002 cycles: 71786406 heartbeat IPC: 0.24691 cumulative IPC: 0.232787 (Simulation time: 0 hr 2 min 19 sec) 
Heartbeat CPU 0 instructions: 50000000 cycles: 115055765 heartbeat IPC: 0.23111 cumulative IPC: 0.232113 (Simulation time: 0 hr 3 min 0 sec) 
Finished CPU 0 instructions: 25000000 cycles: 107705941 cumulative IPC: 0.232113 (Simulation time: 0 hr 3 min 0 sec) 

ChampSim completed all CPUs

Region of Interest Statistics

CPU 0 cumulative IPC: 0.232113 instructions: 25000000 cycles: 107705941
ITLB TOTAL     ACCESS:    3638651  HIT:    3617242  MISS:      21409  HIT %:    99.4116  MISS %:   0.588377   MPKI: 0.85636
ITLB LOAD TRANSLATION ACCESS:    3638651  HIT:    3617242  MISS:      21409  HIT %:    99.4116  MISS %:   0.588377   MPKI: 0.85636
ITLB PREFETCH  REQUESTED:          0  ISSUED:          0  USEFUL:          0  USELESS:          0
ITLB USEFUL LOAD PREFETCHES:          0 PREFETCH ISSUED TO LOWER LEVEL:          0  ACCURACY: -nan
ITLB TIMELY PREFETCHES:          0 LATE PREFETCHES: 0 DROPPED PREFETCHES: 0
ITLB PREFETCHES SAME FILL-ORIGIN LEVEL: 0 DIFFERENT FILL-ORIGIN LEVEL: 0
ITLB AVERAGE MISS LATENCY: 42.0873 cycles
ITLB RQ	ACCESS:    4549750	FORWARD:          0	MERGED:     907957	TO_CACHE:    3641793

DTLB TOTAL     ACCESS:    5918722  HIT:    5725749  MISS:     192973  HIT %:    96.7396  MISS %:    3.26038   MPKI: 7.71892
DTLB LOAD TRANSLATION ACCESS:    5918722  HIT:    5725749  MISS:     192973  HIT %:    96.7396  MISS %:    3.26038   MPKI: 7.71892
DTLB PREFETCH  REQUESTED:          0  ISSUED:          0  USEFUL:          0  USELESS:          0
DTLB USEFUL LOAD PREFETCHES:          0 PREFETCH ISSUED TO LOWER LEVEL:          0  ACCURACY: -nan
DTLB TIMELY PREFETCHES:          0 LATE PREFETCHES: 0 DROPPED PREFETCHES: 0
DTLB PREFETCHES SAME FILL-ORIGIN LEVEL: 0 DIFFERENT FILL-ORIGIN LEVEL: 0
DTLB AVERAGE MISS LATENCY: 79.1216 cycles
DTLB RQ	ACCESS:    7323067	FORWARD:          0	MERGED:    1367107	TO_CACHE:    5955960

STLB TOTAL     ACCESS:     214382  HIT:     143003  MISS:      71379  HIT %:    66.7048  MISS %:    33.2952   MPKI: 2.85516
STLB LOAD TRANSLATION ACCESS:     214382  HIT:     143003  MISS:      71379  HIT %:    66.7048  MISS %:    33.2952   MPKI: 2.85516
STLB PREFETCH  REQUESTED:          0  ISSUED:          0  USEFUL:          0  USELESS:          0
STLB USEFUL LOAD PREFETCHES:          0 PREFETCH ISSUED TO LOWER LEVEL:          0  ACCURACY: -nan
STLB TIMELY PREFETCHES:          0 LATE PREFETCHES: 0 DROPPED PREFETCHES: 0
STLB PREFETCHES SAME FILL-ORIGIN LEVEL: 0 DIFFERENT FILL-ORIGIN LEVEL: 0
STLB AVERAGE MISS LATENCY: 199.065 cycles
STLB RQ	ACCESS:     214382	FORWARD:          0	MERGED:          0	TO_CACHE:     214382

STLB Hit, L1D data hit: 0
STLB Hit, L2C data hit: 0
STLB Hit, LLC data hit: 0
STLB Hit, LLC data miss: 0
STLB STLB hints to L2: 0
L1D TOTAL     ACCESS:    7037310  HIT:    6657923  MISS:     379387  HIT %:    94.6089  MISS %:    5.39108   MPKI: 15.1755
L1D LOAD      ACCESS:    4276258  HIT:    4009289  MISS:     266969  HIT %:    93.7569  MISS %:    6.24305   MPKI: 10.6788
L1D RFO       ACCESS:    2761052  HIT:    2648634  MISS:     112418  HIT %:    95.9284  MISS %:    4.07156   MPKI: 4.49672
L1D PREFETCH  REQUESTED:          0  ISSUED:          0  USEFUL:          0  USELESS:          0
L1D USEFUL LOAD PREFETCHES:          0 PREFETCH ISSUED TO LOWER LEVEL:          0  ACCURACY: -nan
L1D TIMELY PREFETCHES:          0 LATE PREFETCHES: 0 DROPPED PREFETCHES: 0
L1D PREFETCHES SAME FILL-ORIGIN LEVEL: 0 DIFFERENT FILL-ORIGIN LEVEL: 0
L1D AVERAGE MISS LATENCY: 125.274 cycles
L1D RQ	ACCESS:    5844160	FORWARD:          0	MERGED:    1450297	TO_CACHE:    4316939
L1D WQ	ACCESS:    3047624	FORWARD:      76924	MERGED:      41496	TO_CACHE:    3006128

L1D UNIQUE REGIONS ACCESSED: 0
L1D REGIONS CONFLICTS: 0
L1D Cross Page Prefetch Requests: 0
L1D Same Page Prefetch Requests: 0
L1D ROI Sum of L1D PQ occupancy: 0
L1D PREFETCHES PUSHED FROM L2C: 0
L1I TOTAL     ACCESS:    4397052  HIT:    4034942  MISS:     362110  HIT %:    91.7647  MISS %:    8.23529   MPKI: 14.4844
L1I LOAD      ACCESS:    4397052  HIT:    4034942  MISS:     362110  HIT %:    91.7647  MISS %:    8.23529   MPKI: 14.4844
L1I PREFETCH  REQUESTED:          0  ISSUED:          0  USEFUL:          0  USELESS:          0
L1I USEFUL LOAD PREFETCHES:          0 PREFETCH ISSUED TO LOWER LEVEL:          0  ACCURACY: -nan
L1I TIMELY PREFETCHES:          0 LATE PREFETCHES: 0 DROPPED PREFETCHES: 0
L1I PREFETCHES SAME FILL-ORIGIN LEVEL: 0 DIFFERENT FILL-ORIGIN LEVEL: 0
L1I AVERAGE MISS LATENCY: 109.757 cycles
L1I RQ	ACCESS:    6255094	FORWARD:          0	MERGED:    1705344	TO_CACHE:    4549750

BTB TOTAL     ACCESS:    2029937  HIT:    1730538  MISS:     299399  HIT %:    85.2508  MISS %:    14.7492   MPKI: 11.976
BTB BRANCH_DIRECT_JUMP	ACCESS:     126163  HIT:     102446  MISS:      23717
BTB BRANCH_INDIRECT	ACCESS:      45810  HIT:      28349  MISS:      17461
BTB BRANCH_CONDITIONAL	ACCESS:    1410836  HIT:    1350768  MISS:      60068
BTB BRANCH_DIRECT_CALL	ACCESS:     192147  HIT:     136830  MISS:      55317
BTB BRANCH_INDIRECT_CALL	ACCESS:      31367  HIT:      17496  MISS:      13871
BTB BRANCH_RETURN	ACCESS:     223607  HIT:      94649  MISS:     128958
BTB BRANCH_OTHER ACCESS:          7  HIT:          0  MISS:          7

L2C TOTAL     ACCESS:    1014333  HIT:     416644  MISS:     597689  HIT %:    41.0757  MISS %:    58.9243   MPKI: 23.9076
L2C LOAD      ACCESS:     629075  HIT:     185947  MISS:     443128  HIT %:    29.5588  MISS %:    70.4412   MPKI: 17.7251
L2C DATA LOAD MPKI: 7.35864
L2C INSTRUCTION LOAD MPKI: 10.3665
L2C RFO       ACCESS:     112418  HIT:      15263  MISS:      97155  HIT %:     13.577  MISS %:     86.423   MPKI: 3.8862
L2C WRITEBACK ACCESS:     155211  HIT:     154149  MISS:       1062  HIT %:    99.3158  MISS %:    0.68423   MPKI: 0.04248
L2C LOAD TRANSLATION ACCESS:     117629  HIT:      61285  MISS:      56344  HIT %:    52.1002  MISS %:    47.8998   MPKI: 2.25376
L2C PREFETCH  REQUESTED:          0  ISSUED:          0  USEFUL:          0  USELESS:          0
L2C USEFUL LOAD PREFETCHES:          0 PREFETCH ISSUED TO LOWER LEVEL:          0  ACCURACY: -nan
L2C TIMELY PREFETCHES:          0 LATE PREFETCHES: 0 DROPPED PREFETCHES: 0
L2C PREFETCHES SAME FILL-ORIGIN LEVEL: 0 DIFFERENT FILL-ORIGIN LEVEL: 0
L2C AVERAGE MISS LATENCY: 140.524 cycles
L2C RQ	ACCESS:     859126	FORWARD:          0	MERGED:          0	TO_CACHE:     859122
L2C WQ	ACCESS:     155211	FORWARD:          4	MERGED:          0	TO_CACHE:     155211

L2C Instructions Evicting Data 121224
L2C Translations Evicting Data 26483
L2C Data Evicting Data 133791
L2C Instructions Evicting Instructions 114004
L2C Translations Evicting Instructions 24502
L2C Data Evicting Instructions 120085
L2C Instructions Evicting Translations 23934
L2C Translations Evicting Translations 5359
L2C Data Evicting Translations 27245
L2C Dense regions hint from L2: 0
PSCL5 TOTAL     ACCESS:      71379  HIT:      71379  MISS:          0  HIT %:        100  MISS %:          0   MPKI: 0
PSCL5 LOAD TRANSLATION ACCESS:      71379  HIT:      71379  MISS:          0  HIT %:        100  MISS %:          0   MPKI: 0
PSCL5 PREFETCH  REQUESTED:          0  ISSUED:          0  USEFUL:          0  USELESS:          0
PSCL5 USEFUL LOAD PREFETCHES:          0 PREFETCH ISSUED TO LOWER LEVEL:          0  ACCURACY: -nan
PSCL5 TIMELY PREFETCHES:          0 LATE PREFETCHES: 0 DROPPED PREFETCHES: 0
PSCL5 PREFETCHES SAME FILL-ORIGIN LEVEL: 0 DIFFERENT FILL-ORIGIN LEVEL: 0

PSCL4 TOTAL     ACCESS:      70575  HIT:      70379  MISS:        196  HIT %:    99.7223  MISS %:   0.277719   MPKI: 0.00784
PSCL4 LOAD TRANSLATION ACCESS:      70575  HIT:      70379  MISS:        196  HIT %:    99.7223  MISS %:   0.277719   MPKI: 0.00784
PSCL4 PREFETCH  REQUESTED:          0  ISSUED:          0  USEFUL:          0  USELESS:          0
PSCL4 USEFUL LOAD PREFETCHES:          0 PREFETCH ISSUED TO LOWER LEVEL:          0  ACCURACY: -nan
PSCL4 TIMELY PREFETCHES:          0 LATE PREFETCHES: 0 DROPPED PREFETCHES: 0
PSCL4 PREFETCHES SAME FILL-ORIGIN LEVEL: 0 DIFFERENT FILL-ORIGIN LEVEL: 0

PSCL3 TOTAL     ACCESS:      69938  HIT:      65829  MISS:       4109  HIT %:    94.1248  MISS %:     5.8752   MPKI: 0.16436
PSCL3 LOAD TRANSLATION ACCESS:      69938  HIT:      65829  MISS:       4109  HIT %:    94.1248  MISS %:     5.8752   MPKI: 0.16436
PSCL3 PREFETCH  REQUESTED:          0  ISSUED:          0  USEFUL:          0  USELESS:          0
PSCL3 USEFUL LOAD PREFETCHES:          0 PREFETCH ISSUED TO LOWER LEVEL:          0  ACCURACY: -nan
PSCL3 TIMELY PREFETCHES:          0 LATE PREFETCHES: 0 DROPPED PREFETCHES: 0
PSCL3 PREFETCHES SAME FILL-ORIGIN LEVEL: 0 DIFFERENT FILL-ORIGIN LEVEL: 0

PSCL2 TOTAL     ACCESS:      71379  HIT:      29166  MISS:      42213  HIT %:    40.8608  MISS %:    59.1392   MPKI: 1.68852
PSCL2 LOAD TRANSLATION ACCESS:      71379  HIT:      29166  MISS:      42213  HIT %:    40.8608  MISS %:    59.1392   MPKI: 1.68852
PSCL2 PREFETCH  REQUESTED:          0  ISSUED:          0  USEFUL:          0  USELESS:          0
PSCL2 USEFUL LOAD PREFETCHES:          0 PREFETCH ISSUED TO LOWER LEVEL:          0  ACCURACY: -nan
PSCL2 TIMELY PREFETCHES:          0 LATE PREFETCHES: 0 DROPPED PREFETCHES: 0
PSCL2 PREFETCHES SAME FILL-ORIGIN LEVEL: 0 DIFFERENT FILL-ORIGIN LEVEL: 0

LLC TOTAL     ACCESS:     728035  HIT:     298186  MISS:     429849  HIT %:    40.9576  MISS %:    59.0424   MPKI: 17.194
LLC LOAD      ACCESS:     443128  HIT:     136131  MISS:     306997  HIT %:    30.7205  MISS %:    69.2795   MPKI: 12.2799
LLC RFO       ACCESS:      97155  HIT:       8686  MISS:      88469  HIT %:    8.94035  MISS %:    91.0596   MPKI: 3.53876
LLC WRITEBACK ACCESS:     131408  HIT:     131261  MISS:        147  HIT %:    99.8881  MISS %:   0.111865   MPKI: 0.00588
LLC LOAD TRANSLATION ACCESS:      56344  HIT:      22108  MISS:      34236  HIT %:    39.2375  MISS %:    60.7625   MPKI: 1.36944
LLC PREFETCH  REQUESTED:          0  ISSUED:          0  USEFUL:          0  USELESS:          0
LLC USEFUL LOAD PREFETCHES:          0 PREFETCH ISSUED TO LOWER LEVEL:          0  ACCURACY: -nan
LLC TIMELY PREFETCHES:          0 LATE PREFETCHES: 0 DROPPED PREFETCHES: 0
LLC PREFETCHES SAME FILL-ORIGIN LEVEL: 0 DIFFERENT FILL-ORIGIN LEVEL: 0
LLC AVERAGE MISS LATENCY: 153.099 cycles
LLC RQ	ACCESS:     596627	FORWARD:          0	MERGED:          0	TO_CACHE:     596627
LLC WQ	ACCESS:     131408	FORWARD:          0	MERGED:          0	TO_CACHE:     131408

LLC Dense regions hint to LLC: 0

RAW hits: 198741
Loads Generated: 6042902
Loads sent to L1D: 5844160
Stores Generated: 3047659
Stores sent to L1D: 3047660
Major fault: 0 Minor fault: 45580
Allocated PAGES: 45580

DRAM Statistics
 CHANNEL 0
 RQ ROW_BUFFER_HIT:      94768  ROW_BUFFER_MISS:     334929
 DBUS_CONGESTED:        229
 WQ ROW_BUFFER_HIT:      43281  ROW_BUFFER_MISS:      70145  FULL:          0

 AVG_CONGESTED_CYCLE: 4
 All warmup complete: 2
Channel 0 Bank busy for read cycles: 0
Channel 0 Bank busy for write cycles: 0
Channel 0
Rank 0
0banks busy for read cycles: 48634024
0banks busy for write cycles: 51074
1banks busy for read cycles: 33317948
1banks busy for write cycles: 9885818
2banks busy for read cycles: 6814369
2banks busy for write cycles: 3620405
3banks busy for read cycles: 1128881
3banks busy for write cycles: 1559702
4banks busy for read cycles: 324559
4banks busy for write cycles: 773344
5banks busy for read cycles: 172165
5banks busy for write cycles: 429845
6banks busy for read cycles: 127693
6banks busy for write cycles: 268635
7banks busy for read cycles: 79787
7banks busy for write cycles: 186068
8banks busy for read cycles: 145369
8banks busy for write cycles: 186256

CPU 0 Branch Prediction Accuracy: 91.1975% MPKI: 16.1264 Average ROB Occupancy at Mispredict: 14.1351
Branch types
NOT_BRANCH: 20419575 81.6783%
BRANCH_DIRECT_JUMP: 126163 0.504652%
BRANCH_INDIRECT: 45810 0.18324%
BRANCH_CONDITIONAL: 3960982 15.8439%
BRANCH_DIRECT_CALL: 192147 0.768588%
BRANCH_INDIRECT_CALL: 31367 0.125468%
BRANCH_RETURN: 223607 0.894428%
BRANCH_OTHER: 7 2.8e-05%

DRAM PAGES: 1048576
Allocated PAGES: 45580
