
*** ChampSim Multicore Out-of-Order Simulator ***

Warmup Instructions: 25000000
Simulation Instructions: 25000000
Number of CPUs: 1
LLC sets: 2048
LLC ways: 16
Off-chip DRAM Size: 4096 MB Channels: 1 Width: 64-bit Data Rate: 6400 MT/s
CPU 0 runs ../traces/Trace3.gz
.gz
BTB has LRU replacement policy
ITLB has LRU replacement policy
DTLB has LRU replacement policy
STLB has LRU replacement policy
L1I has LRU replacement policy
L1D has LRU replacement policy
L2C has LRU replacement policy
LLC has LRU replacement policy
Heartbeat CPU 0 instructions: 10000000 cycles: 3015748 heartbeat IPC: 3.31593 cumulative IPC: 3.31593 (Simulation time: 0 hr 0 min 17 sec) 
Heartbeat CPU 0 instructions: 20000000 cycles: 6013637 heartbeat IPC: 3.33568 cumulative IPC: 3.32577 (Simulation time: 0 hr 0 min 35 sec) 

Warmup complete CPU 0 instructions: 25000002 cycles: 7507248 (Simulation time: 0 hr 0 min 43 sec) 

Heartbeat CPU 0 instructions: 30000000 cycles: 22102409 heartbeat IPC: 0.621551 cumulative IPC: 0.342579 (Simulation time: 0 hr 0 min 54 sec) 
Heartbeat CPU 0 instructions: 40000003 cycles: 48088586 heartbeat IPC: 0.38482 cumulative IPC: 0.369628 (Simulation time: 0 hr 1 min 16 sec) 
Heartbeat CPU 0 instructions: 50000000 cycles: 72974823 heartbeat IPC: 0.401828 cumulative IPC: 0.381868 (Simulation time: 0 hr 1 min 37 sec) 
Finished CPU 0 instructions: 25000001 cycles: 65467576 cumulative IPC: 0.381868 (Simulation time: 0 hr 1 min 37 sec) 

ChampSim completed all CPUs

Region of Interest Statistics

CPU 0 cumulative IPC: 0.381868 instructions: 25000001 cycles: 65467576
ITLB TOTAL     ACCESS:    3878827  HIT:    3874789  MISS:       4038  HIT %:    99.8959  MISS %:   0.104104   MPKI: 0.16152
ITLB LOAD TRANSLATION ACCESS:    3878827  HIT:    3874789  MISS:       4038  HIT %:    99.8959  MISS %:   0.104104   MPKI: 0.16152
ITLB PREFETCH  REQUESTED:          0  ISSUED:          0  USEFUL:          0  USELESS:          0
ITLB USEFUL LOAD PREFETCHES:          0 PREFETCH ISSUED TO LOWER LEVEL:          0  ACCURACY: -nan
ITLB TIMELY PREFETCHES:          0 LATE PREFETCHES: 0 DROPPED PREFETCHES: 0
ITLB PREFETCHES SAME FILL-ORIGIN LEVEL: 0 DIFFERENT FILL-ORIGIN LEVEL: 0
ITLB AVERAGE MISS LATENCY: 54.9312 cycles
ITLB RQ	ACCESS:    4679573	FORWARD:          0	MERGED:     800099	TO_CACHE:    3879474

DTLB TOTAL     ACCESS:    6758695  HIT:    6676584  MISS:      82111  HIT %:    98.7851  MISS %:    1.21489   MPKI: 3.28444
DTLB LOAD TRANSLATION ACCESS:    6758695  HIT:    6676584  MISS:      82111  HIT %:    98.7851  MISS %:    1.21489   MPKI: 3.28444
DTLB PREFETCH  REQUESTED:          0  ISSUED:          0  USEFUL:          0  USELESS:          0
DTLB USEFUL LOAD PREFETCHES:          0 PREFETCH ISSUED TO LOWER LEVEL:          0  ACCURACY: -nan
DTLB TIMELY PREFETCHES:          0 LATE PREFETCHES: 0 DROPPED PREFETCHES: 0
DTLB PREFETCHES SAME FILL-ORIGIN LEVEL: 0 DIFFERENT FILL-ORIGIN LEVEL: 0
DTLB AVERAGE MISS LATENCY: 60.5265 cycles
DTLB RQ	ACCESS:    8237103	FORWARD:          0	MERGED:    1448396	TO_CACHE:    6788707

STLB TOTAL     ACCESS:      86149  HIT:      62787  MISS:      23362  HIT %:    72.8819  MISS %:    27.1181   MPKI: 0.93448
STLB LOAD TRANSLATION ACCESS:      86149  HIT:      62787  MISS:      23362  HIT %:    72.8819  MISS %:    27.1181   MPKI: 0.93448
STLB PREFETCH  REQUESTED:          0  ISSUED:          0  USEFUL:          0  USELESS:          0
STLB USEFUL LOAD PREFETCHES:          0 PREFETCH ISSUED TO LOWER LEVEL:          0  ACCURACY: -nan
STLB TIMELY PREFETCHES:          0 LATE PREFETCHES: 0 DROPPED PREFETCHES: 0
STLB PREFETCHES SAME FILL-ORIGIN LEVEL: 0 DIFFERENT FILL-ORIGIN LEVEL: 0
STLB AVERAGE MISS LATENCY: 188.465 cycles
STLB RQ	ACCESS:      86149	FORWARD:          0	MERGED:          0	TO_CACHE:      86149

STLB Hit, L1D data hit: 0
STLB Hit, L2C data hit: 0
STLB Hit, LLC data hit: 0
STLB Hit, LLC data miss: 0
STLB STLB hints to L2: 0
L1D TOTAL     ACCESS:    8110305  HIT:    7984376  MISS:     125929  HIT %:    98.4473  MISS %:     1.5527   MPKI: 5.03716
L1D LOAD      ACCESS:    5092320  HIT:    5007231  MISS:      85089  HIT %:    98.3291  MISS %:    1.67093   MPKI: 3.40356
L1D RFO       ACCESS:    3017985  HIT:    2977145  MISS:      40840  HIT %:    98.6468  MISS %:    1.35322   MPKI: 1.6336
L1D PREFETCH  REQUESTED:          0  ISSUED:          0  USEFUL:          0  USELESS:          0
L1D USEFUL LOAD PREFETCHES:          0 PREFETCH ISSUED TO LOWER LEVEL:          0  ACCURACY: -nan
L1D TIMELY PREFETCHES:          0 LATE PREFETCHES: 0 DROPPED PREFETCHES: 0
L1D PREFETCHES SAME FILL-ORIGIN LEVEL: 0 DIFFERENT FILL-ORIGIN LEVEL: 0
L1D AVERAGE MISS LATENCY: 160.206 cycles
L1D RQ	ACCESS:    7159149	FORWARD:          0	MERGED:    1922379	TO_CACHE:    5107682
L1D WQ	ACCESS:    3226976	FORWARD:     129088	MERGED:      97555	TO_CACHE:    3129421

L1D UNIQUE REGIONS ACCESSED: 0
L1D REGIONS CONFLICTS: 0
L1D Cross Page Prefetch Requests: 0
L1D Same Page Prefetch Requests: 0
L1D ROI Sum of L1D PQ occupancy: 0
L1D PREFETCHES PUSHED FROM L2C: 0
L1I TOTAL     ACCESS:    4658031  HIT:    4604901  MISS:      53130  HIT %:    98.8594  MISS %:    1.14061   MPKI: 2.1252
L1I LOAD      ACCESS:    4658031  HIT:    4604901  MISS:      53130  HIT %:    98.8594  MISS %:    1.14061   MPKI: 2.1252
L1I PREFETCH  REQUESTED:          0  ISSUED:          0  USEFUL:          0  USELESS:          0
L1I USEFUL LOAD PREFETCHES:          0 PREFETCH ISSUED TO LOWER LEVEL:          0  ACCURACY: -nan
L1I TIMELY PREFETCHES:          0 LATE PREFETCHES: 0 DROPPED PREFETCHES: 0
L1I PREFETCHES SAME FILL-ORIGIN LEVEL: 0 DIFFERENT FILL-ORIGIN LEVEL: 0
L1I AVERAGE MISS LATENCY: 76.4431 cycles
L1I RQ	ACCESS:    6566054	FORWARD:          0	MERGED:    1886481	TO_CACHE:    4679573

BTB TOTAL     ACCESS:    3429096  HIT:    3275942  MISS:     153154  HIT %:    95.5337  MISS %:    4.46631   MPKI: 6.12616
BTB BRANCH_DIRECT_JUMP	ACCESS:     487279  HIT:     484673  MISS:       2606
BTB BRANCH_INDIRECT	ACCESS:      19539  HIT:       3769  MISS:      15770
BTB BRANCH_CONDITIONAL	ACCESS:    2395393  HIT:    2389650  MISS:       5743
BTB BRANCH_DIRECT_CALL	ACCESS:     107379  HIT:     103734  MISS:       3645
BTB BRANCH_INDIRECT_CALL	ACCESS:     156045  HIT:      76949  MISS:      79096
BTB BRANCH_RETURN	ACCESS:     263460  HIT:     217167  MISS:      46293
BTB BRANCH_OTHER ACCESS:          1  HIT:          0  MISS:          1

L2C TOTAL     ACCESS:     288936  HIT:     135840  MISS:     153096  HIT %:    47.0139  MISS %:    52.9861   MPKI: 6.12384
L2C LOAD      ACCESS:     138218  HIT:      39187  MISS:      99031  HIT %:    28.3516  MISS %:    71.6484   MPKI: 3.96124
L2C DATA LOAD MPKI: 2.83472
L2C INSTRUCTION LOAD MPKI: 1.12652
L2C RFO       ACCESS:      40840  HIT:       4459  MISS:      36381  HIT %:    10.9182  MISS %:    89.0818   MPKI: 1.45524
L2C WRITEBACK ACCESS:      71807  HIT:      71522  MISS:        285  HIT %:    99.6031  MISS %:   0.396897   MPKI: 0.0114
L2C LOAD TRANSLATION ACCESS:      38071  HIT:      20672  MISS:      17399  HIT %:    54.2985  MISS %:    45.7015   MPKI: 0.69596
L2C PREFETCH  REQUESTED:          0  ISSUED:          0  USEFUL:          0  USELESS:          0
L2C USEFUL LOAD PREFETCHES:          0 PREFETCH ISSUED TO LOWER LEVEL:          0  ACCURACY: -nan
L2C TIMELY PREFETCHES:          0 LATE PREFETCHES: 0 DROPPED PREFETCHES: 0
L2C PREFETCHES SAME FILL-ORIGIN LEVEL: 0 DIFFERENT FILL-ORIGIN LEVEL: 0
L2C AVERAGE MISS LATENCY: 156.902 cycles
L2C RQ	ACCESS:     217130	FORWARD:          0	MERGED:          0	TO_CACHE:     217129
L2C WQ	ACCESS:      71807	FORWARD:          1	MERGED:          0	TO_CACHE:      71807

L2C Instructions Evicting Data 16641
L2C Translations Evicting Data 12074
L2C Data Evicting Data 75348
L2C Instructions Evicting Instructions 8286
L2C Translations Evicting Instructions 3212
L2C Data Evicting Instructions 19325
L2C Instructions Evicting Translations 3236
L2C Translations Evicting Translations 2113
L2C Data Evicting Translations 12576
L2C Dense regions hint from L2: 0
PSCL5 TOTAL     ACCESS:      23362  HIT:      23362  MISS:          0  HIT %:        100  MISS %:          0   MPKI: 0
PSCL5 LOAD TRANSLATION ACCESS:      23362  HIT:      23362  MISS:          0  HIT %:        100  MISS %:          0   MPKI: 0
PSCL5 PREFETCH  REQUESTED:          0  ISSUED:          0  USEFUL:          0  USELESS:          0
PSCL5 USEFUL LOAD PREFETCHES:          0 PREFETCH ISSUED TO LOWER LEVEL:          0  ACCURACY: -nan
PSCL5 TIMELY PREFETCHES:          0 LATE PREFETCHES: 0 DROPPED PREFETCHES: 0
PSCL5 PREFETCHES SAME FILL-ORIGIN LEVEL: 0 DIFFERENT FILL-ORIGIN LEVEL: 0

PSCL4 TOTAL     ACCESS:      22054  HIT:      21974  MISS:         80  HIT %:    99.6373  MISS %:   0.362746   MPKI: 0.0032
PSCL4 LOAD TRANSLATION ACCESS:      22054  HIT:      21974  MISS:         80  HIT %:    99.6373  MISS %:   0.362746   MPKI: 0.0032
PSCL4 PREFETCH  REQUESTED:          0  ISSUED:          0  USEFUL:          0  USELESS:          0
PSCL4 USEFUL LOAD PREFETCHES:          0 PREFETCH ISSUED TO LOWER LEVEL:          0  ACCURACY: -nan
PSCL4 TIMELY PREFETCHES:          0 LATE PREFETCHES: 0 DROPPED PREFETCHES: 0
PSCL4 PREFETCHES SAME FILL-ORIGIN LEVEL: 0 DIFFERENT FILL-ORIGIN LEVEL: 0

PSCL3 TOTAL     ACCESS:      23152  HIT:      22623  MISS:        529  HIT %:    97.7151  MISS %:     2.2849   MPKI: 0.02116
PSCL3 LOAD TRANSLATION ACCESS:      23152  HIT:      22623  MISS:        529  HIT %:    97.7151  MISS %:     2.2849   MPKI: 0.02116
PSCL3 PREFETCH  REQUESTED:          0  ISSUED:          0  USEFUL:          0  USELESS:          0
PSCL3 USEFUL LOAD PREFETCHES:          0 PREFETCH ISSUED TO LOWER LEVEL:          0  ACCURACY: -nan
PSCL3 TIMELY PREFETCHES:          0 LATE PREFETCHES: 0 DROPPED PREFETCHES: 0
PSCL3 PREFETCHES SAME FILL-ORIGIN LEVEL: 0 DIFFERENT FILL-ORIGIN LEVEL: 0

PSCL2 TOTAL     ACCESS:      23362  HIT:       9183  MISS:      14179  HIT %:    39.3074  MISS %:    60.6926   MPKI: 0.56716
PSCL2 LOAD TRANSLATION ACCESS:      23362  HIT:       9183  MISS:      14179  HIT %:    39.3074  MISS %:    60.6926   MPKI: 0.56716
PSCL2 PREFETCH  REQUESTED:          0  ISSUED:          0  USEFUL:          0  USELESS:          0
PSCL2 USEFUL LOAD PREFETCHES:          0 PREFETCH ISSUED TO LOWER LEVEL:          0  ACCURACY: -nan
PSCL2 TIMELY PREFETCHES:          0 LATE PREFETCHES: 0 DROPPED PREFETCHES: 0
PSCL2 PREFETCHES SAME FILL-ORIGIN LEVEL: 0 DIFFERENT FILL-ORIGIN LEVEL: 0

LLC TOTAL     ACCESS:     216834  HIT:      91879  MISS:     124955  HIT %:     42.373  MISS %:     57.627   MPKI: 4.9982
LLC LOAD      ACCESS:      99031  HIT:      20273  MISS:      78758  HIT %:    20.4714  MISS %:    79.5286   MPKI: 3.15032
LLC RFO       ACCESS:      36381  HIT:       1696  MISS:      34685  HIT %:    4.66177  MISS %:    95.3382   MPKI: 1.3874
LLC WRITEBACK ACCESS:      64023  HIT:      63969  MISS:         54  HIT %:    99.9157  MISS %:  0.0843447   MPKI: 0.00216
LLC LOAD TRANSLATION ACCESS:      17399  HIT:       5941  MISS:      11458  HIT %:    34.1456  MISS %:    65.8544   MPKI: 0.45832
LLC PREFETCH  REQUESTED:          0  ISSUED:          0  USEFUL:          0  USELESS:          0
LLC USEFUL LOAD PREFETCHES:          0 PREFETCH ISSUED TO LOWER LEVEL:          0  ACCURACY: -nan
LLC TIMELY PREFETCHES:          0 LATE PREFETCHES: 0 DROPPED PREFETCHES: 0
LLC PREFETCHES SAME FILL-ORIGIN LEVEL: 0 DIFFERENT FILL-ORIGIN LEVEL: 0
LLC AVERAGE MISS LATENCY: 154.679 cycles
LLC RQ	ACCESS:     152811	FORWARD:          0	MERGED:          0	TO_CACHE:     152811
LLC WQ	ACCESS:      64023	FORWARD:          0	MERGED:          0	TO_CACHE:      64023

LLC Dense regions hint to LLC: 0

RAW hits: 415971
Loads Generated: 7575120
Loads sent to L1D: 7159149
Stores Generated: 3226960
Stores sent to L1D: 3226976
Major fault: 0 Minor fault: 42448
Allocated PAGES: 42448

DRAM Statistics
 CHANNEL 0
 RQ ROW_BUFFER_HIT:      26428  ROW_BUFFER_MISS:      98473
 DBUS_CONGESTED:         79
 WQ ROW_BUFFER_HIT:      13790  ROW_BUFFER_MISS:      39395  FULL:          0

 AVG_CONGESTED_CYCLE: 5
 All warmup complete: 2
Channel 0 Bank busy for read cycles: 0
Channel 0 Bank busy for write cycles: 0
Channel 0
Rank 0
0banks busy for read cycles: 49635633
0banks busy for write cycles: 17774
1banks busy for read cycles: 7388334
1banks busy for write cycles: 2876017
2banks busy for read cycles: 1920927
2banks busy for write cycles: 1072803
3banks busy for read cycles: 524793
3banks busy for write cycles: 533556
4banks busy for read cycles: 179648
4banks busy for write cycles: 309227
5banks busy for read cycles: 111299
5banks busy for write cycles: 198754
6banks busy for read cycles: 76082
6banks busy for write cycles: 165002
7banks busy for read cycles: 75318
7banks busy for write cycles: 138438
8banks busy for read cycles: 128688
8banks busy for write cycles: 115284

CPU 0 Branch Prediction Accuracy: 96.6781% MPKI: 7.22532 Average ROB Occupancy at Mispredict: 37.5021
Branch types
NOT_BRANCH: 19561996 78.248%
BRANCH_DIRECT_JUMP: 487279 1.94912%
BRANCH_INDIRECT: 19539 0.078156%
BRANCH_CONDITIONAL: 4403958 17.6158%
BRANCH_DIRECT_CALL: 107379 0.429516%
BRANCH_INDIRECT_CALL: 156045 0.62418%
BRANCH_RETURN: 263460 1.05384%
BRANCH_OTHER: 1 4e-06%

DRAM PAGES: 1048576
Allocated PAGES: 42448
