
*** ChampSim Multicore Out-of-Order Simulator ***

Warmup Instructions: 25000000
Simulation Instructions: 25000000
Number of CPUs: 1
LLC sets: 2048
LLC ways: 16
Off-chip DRAM Size: 4096 MB Channels: 1 Width: 64-bit Data Rate: 6400 MT/s
CPU 0 runs ../traces/Trace2.gz
.gz
BTB has LRU replacement policy
ITLB has LRU replacement policy
DTLB has LRU replacement policy
STLB has LRU replacement policy
L1I has LRU replacement policy
L1D has LRU replacement policy
L2C has LRU replacement policy
LLC has LRU replacement policy
Heartbeat CPU 0 instructions: 10000000 cycles: 2974287 heartbeat IPC: 3.36215 cumulative IPC: 3.36215 (Simulation time: 0 hr 0 min 17 sec) 
Heartbeat CPU 0 instructions: 20000001 cycles: 5829376 heartbeat IPC: 3.50252 cumulative IPC: 3.4309 (Simulation time: 0 hr 0 min 34 sec) 

Warmup complete CPU 0 instructions: 25000002 cycles: 7249077 (Simulation time: 0 hr 0 min 42 sec) 

Heartbeat CPU 0 instructions: 30000000 cycles: 26634225 heartbeat IPC: 0.480657 cumulative IPC: 0.257929 (Simulation time: 0 hr 0 min 54 sec) 
Heartbeat CPU 0 instructions: 40000002 cycles: 61730249 heartbeat IPC: 0.284933 cumulative IPC: 0.275324 (Simulation time: 0 hr 1 min 18 sec) 
Heartbeat CPU 0 instructions: 50000000 cycles: 107256465 heartbeat IPC: 0.219654 cumulative IPC: 0.249982 (Simulation time: 0 hr 1 min 43 sec) 
Finished CPU 0 instructions: 25000001 cycles: 100007389 cumulative IPC: 0.249982 (Simulation time: 0 hr 1 min 43 sec) 

ChampSim completed all CPUs

Region of Interest Statistics

CPU 0 cumulative IPC: 0.249982 instructions: 25000001 cycles: 100007389
ITLB TOTAL     ACCESS:    3952740  HIT:    3880717  MISS:      72023  HIT %:    98.1779  MISS %:     1.8221   MPKI: 2.88092
ITLB LOAD TRANSLATION ACCESS:    3952740  HIT:    3880717  MISS:      72023  HIT %:    98.1779  MISS %:     1.8221   MPKI: 2.88092
ITLB PREFETCH  REQUESTED:          0  ISSUED:          0  USEFUL:          0  USELESS:          0
ITLB USEFUL LOAD PREFETCHES:          0 PREFETCH ISSUED TO LOWER LEVEL:          0  ACCURACY: -nan
ITLB TIMELY PREFETCHES:          0 LATE PREFETCHES: 0 DROPPED PREFETCHES: 0
ITLB PREFETCHES SAME FILL-ORIGIN LEVEL: 0 DIFFERENT FILL-ORIGIN LEVEL: 0
ITLB AVERAGE MISS LATENCY: 23.9946 cycles
ITLB RQ	ACCESS:    4835005	FORWARD:          0	MERGED:     869838	TO_CACHE:    3965167

DTLB TOTAL     ACCESS:    6296497  HIT:    5974457  MISS:     322040  HIT %:    94.8854  MISS %:    5.11459   MPKI: 12.8816
DTLB LOAD TRANSLATION ACCESS:    6296497  HIT:    5974457  MISS:     322040  HIT %:    94.8854  MISS %:    5.11459   MPKI: 12.8816
DTLB PREFETCH  REQUESTED:          0  ISSUED:          0  USEFUL:          0  USELESS:          0
DTLB USEFUL LOAD PREFETCHES:          0 PREFETCH ISSUED TO LOWER LEVEL:          0  ACCURACY: -nan
DTLB TIMELY PREFETCHES:          0 LATE PREFETCHES: 0 DROPPED PREFETCHES: 0
DTLB PREFETCHES SAME FILL-ORIGIN LEVEL: 0 DIFFERENT FILL-ORIGIN LEVEL: 0
DTLB AVERAGE MISS LATENCY: 41.8576 cycles
DTLB RQ	ACCESS:    7740596	FORWARD:          0	MERGED:    1402384	TO_CACHE:    6338212

STLB TOTAL     ACCESS:     394063  HIT:     325895  MISS:      68168  HIT %:    82.7012  MISS %:    17.2988   MPKI: 2.72672
STLB LOAD TRANSLATION ACCESS:     394063  HIT:     325895  MISS:      68168  HIT %:    82.7012  MISS %:    17.2988   MPKI: 2.72672
STLB PREFETCH  REQUESTED:          0  ISSUED:          0  USEFUL:          0  USELESS:          0
STLB USEFUL LOAD PREFETCHES:          0 PREFETCH ISSUED TO LOWER LEVEL:          0  ACCURACY: -nan
STLB TIMELY PREFETCHES:          0 LATE PREFETCHES: 0 DROPPED PREFETCHES: 0
STLB PREFETCHES SAME FILL-ORIGIN LEVEL: 0 DIFFERENT FILL-ORIGIN LEVEL: 0
STLB AVERAGE MISS LATENCY: 170.383 cycles
STLB RQ	ACCESS:     394063	FORWARD:          0	MERGED:          0	TO_CACHE:     394063

STLB Hit, L1D data hit: 0
STLB Hit, L2C data hit: 0
STLB Hit, LLC data hit: 0
STLB Hit, LLC data miss: 0
STLB STLB hints to L2: 0
L1D TOTAL     ACCESS:    7416626  HIT:    6948271  MISS:     468355  HIT %:    93.6851  MISS %:    6.31493   MPKI: 18.7342
L1D LOAD      ACCESS:    4315468  HIT:    3977037  MISS:     338431  HIT %:    92.1577  MISS %:    7.84228   MPKI: 13.5372
L1D RFO       ACCESS:    3101158  HIT:    2971234  MISS:     129924  HIT %:    95.8105  MISS %:    4.18953   MPKI: 5.19696
L1D PREFETCH  REQUESTED:          0  ISSUED:          0  USEFUL:          0  USELESS:          0
L1D USEFUL LOAD PREFETCHES:          0 PREFETCH ISSUED TO LOWER LEVEL:          0  ACCURACY: -nan
L1D TIMELY PREFETCHES:          0 LATE PREFETCHES: 0 DROPPED PREFETCHES: 0
L1D PREFETCHES SAME FILL-ORIGIN LEVEL: 0 DIFFERENT FILL-ORIGIN LEVEL: 0
L1D AVERAGE MISS LATENCY: 104.288 cycles
L1D RQ	ACCESS:    5765527	FORWARD:          0	MERGED:    1302981	TO_CACHE:    4357718
L1D WQ	ACCESS:    3430198	FORWARD:     104828	MERGED:      47320	TO_CACHE:    3382878

L1D UNIQUE REGIONS ACCESSED: 0
L1D REGIONS CONFLICTS: 0
L1D Cross Page Prefetch Requests: 0
L1D Same Page Prefetch Requests: 0
L1D ROI Sum of L1D PQ occupancy: 0
L1D PREFETCHES PUSHED FROM L2C: 0
L1I TOTAL     ACCESS:    4380675  HIT:    3380089  MISS:    1000586  HIT %:    77.1591  MISS %:    22.8409   MPKI: 40.0234
L1I LOAD      ACCESS:    4380675  HIT:    3380089  MISS:    1000586  HIT %:    77.1591  MISS %:    22.8409   MPKI: 40.0234
L1I PREFETCH  REQUESTED:          0  ISSUED:          0  USEFUL:          0  USELESS:          0
L1I USEFUL LOAD PREFETCHES:          0 PREFETCH ISSUED TO LOWER LEVEL:          0  ACCURACY: -nan
L1I TIMELY PREFETCHES:          0 LATE PREFETCHES: 0 DROPPED PREFETCHES: 0
L1I PREFETCHES SAME FILL-ORIGIN LEVEL: 0 DIFFERENT FILL-ORIGIN LEVEL: 0
L1I AVERAGE MISS LATENCY: 41.1127 cycles
L1I RQ	ACCESS:    6616913	FORWARD:          0	MERGED:    1781908	TO_CACHE:    4835005

BTB TOTAL     ACCESS:    2374453  HIT:    1885269  MISS:     489184  HIT %:     79.398  MISS %:     20.602   MPKI: 19.5674
BTB BRANCH_DIRECT_JUMP	ACCESS:     382447  HIT:     266751  MISS:     115696
BTB BRANCH_INDIRECT	ACCESS:      26284  HIT:      15034  MISS:      11250
BTB BRANCH_CONDITIONAL	ACCESS:    1419497  HIT:    1339647  MISS:      79850
BTB BRANCH_DIRECT_CALL	ACCESS:     241009  HIT:     172489  MISS:      68520
BTB BRANCH_INDIRECT_CALL	ACCESS:      31642  HIT:      19335  MISS:      12307
BTB BRANCH_RETURN	ACCESS:     273154  HIT:      71753  MISS:     201401
BTB BRANCH_OTHER ACCESS:        420  HIT:        260  MISS:        160

L2C TOTAL     ACCESS:    1788552  HIT:     924143  MISS:     864409  HIT %:    51.6699  MISS %:    48.3301   MPKI: 34.5764
L2C LOAD      ACCESS:    1339010  HIT:     625270  MISS:     713740  HIT %:    46.6964  MISS %:    53.3036   MPKI: 28.5496
L2C DATA LOAD MPKI: 8.7056
L2C INSTRUCTION LOAD MPKI: 19.844
L2C RFO       ACCESS:     129924  HIT:      42848  MISS:      87076  HIT %:    32.9793  MISS %:    67.0207   MPKI: 3.48304
L2C WRITEBACK ACCESS:     206091  HIT:     199977  MISS:       6114  HIT %:    97.0333  MISS %:    2.96665   MPKI: 0.24456
L2C LOAD TRANSLATION ACCESS:     113527  HIT:      56048  MISS:      57479  HIT %:    49.3698  MISS %:    50.6302   MPKI: 2.29916
L2C PREFETCH  REQUESTED:          0  ISSUED:          0  USEFUL:          0  USELESS:          0
L2C USEFUL LOAD PREFETCHES:          0 PREFETCH ISSUED TO LOWER LEVEL:          0  ACCURACY: -nan
L2C TIMELY PREFETCHES:          0 LATE PREFETCHES: 0 DROPPED PREFETCHES: 0
L2C PREFETCHES SAME FILL-ORIGIN LEVEL: 0 DIFFERENT FILL-ORIGIN LEVEL: 0
L2C AVERAGE MISS LATENCY: 87.3595 cycles
L2C RQ	ACCESS:    1582468	FORWARD:          0	MERGED:          0	TO_CACHE:    1582461
L2C WQ	ACCESS:     206091	FORWARD:          7	MERGED:          0	TO_CACHE:     206091

L2C Instructions Evicting Data 149095
L2C Translations Evicting Data 23792
L2C Data Evicting Data 141759
L2C Instructions Evicting Instructions 317615
L2C Translations Evicting Instructions 29113
L2C Data Evicting Instructions 140613
L2C Instructions Evicting Translations 29390
L2C Translations Evicting Translations 4574
L2C Data Evicting Translations 22344
L2C Dense regions hint from L2: 0
PSCL5 TOTAL     ACCESS:      68168  HIT:      68168  MISS:          0  HIT %:        100  MISS %:          0   MPKI: 0
PSCL5 LOAD TRANSLATION ACCESS:      68168  HIT:      68168  MISS:          0  HIT %:        100  MISS %:          0   MPKI: 0
PSCL5 PREFETCH  REQUESTED:          0  ISSUED:          0  USEFUL:          0  USELESS:          0
PSCL5 USEFUL LOAD PREFETCHES:          0 PREFETCH ISSUED TO LOWER LEVEL:          0  ACCURACY: -nan
PSCL5 TIMELY PREFETCHES:          0 LATE PREFETCHES: 0 DROPPED PREFETCHES: 0
PSCL5 PREFETCHES SAME FILL-ORIGIN LEVEL: 0 DIFFERENT FILL-ORIGIN LEVEL: 0

PSCL4 TOTAL     ACCESS:      51529  HIT:      51157  MISS:        372  HIT %:    99.2781  MISS %:   0.721924   MPKI: 0.01488
PSCL4 LOAD TRANSLATION ACCESS:      51529  HIT:      51157  MISS:        372  HIT %:    99.2781  MISS %:   0.721924   MPKI: 0.01488
PSCL4 PREFETCH  REQUESTED:          0  ISSUED:          0  USEFUL:          0  USELESS:          0
PSCL4 USEFUL LOAD PREFETCHES:          0 PREFETCH ISSUED TO LOWER LEVEL:          0  ACCURACY: -nan
PSCL4 TIMELY PREFETCHES:          0 LATE PREFETCHES: 0 DROPPED PREFETCHES: 0
PSCL4 PREFETCHES SAME FILL-ORIGIN LEVEL: 0 DIFFERENT FILL-ORIGIN LEVEL: 0

PSCL3 TOTAL     ACCESS:      67928  HIT:      66547  MISS:       1381  HIT %:     97.967  MISS %:    2.03303   MPKI: 0.05524
PSCL3 LOAD TRANSLATION ACCESS:      67928  HIT:      66547  MISS:       1381  HIT %:     97.967  MISS %:    2.03303   MPKI: 0.05524
PSCL3 PREFETCH  REQUESTED:          0  ISSUED:          0  USEFUL:          0  USELESS:          0
PSCL3 USEFUL LOAD PREFETCHES:          0 PREFETCH ISSUED TO LOWER LEVEL:          0  ACCURACY: -nan
PSCL3 TIMELY PREFETCHES:          0 LATE PREFETCHES: 0 DROPPED PREFETCHES: 0
PSCL3 PREFETCHES SAME FILL-ORIGIN LEVEL: 0 DIFFERENT FILL-ORIGIN LEVEL: 0

PSCL2 TOTAL     ACCESS:      68168  HIT:      24213  MISS:      43955  HIT %:    35.5196  MISS %:    64.4804   MPKI: 1.7582
PSCL2 LOAD TRANSLATION ACCESS:      68168  HIT:      24213  MISS:      43955  HIT %:    35.5196  MISS %:    64.4804   MPKI: 1.7582
PSCL2 PREFETCH  REQUESTED:          0  ISSUED:          0  USEFUL:          0  USELESS:          0
PSCL2 USEFUL LOAD PREFETCHES:          0 PREFETCH ISSUED TO LOWER LEVEL:          0  ACCURACY: -nan
PSCL2 TIMELY PREFETCHES:          0 LATE PREFETCHES: 0 DROPPED PREFETCHES: 0
PSCL2 PREFETCHES SAME FILL-ORIGIN LEVEL: 0 DIFFERENT FILL-ORIGIN LEVEL: 0

LLC TOTAL     ACCESS:     998488  HIT:     693053  MISS:     305435  HIT %:    69.4102  MISS %:    30.5898   MPKI: 12.2174
LLC LOAD      ACCESS:     713739  HIT:     508772  MISS:     204967  HIT %:    71.2826  MISS %:    28.7174   MPKI: 8.19868
LLC RFO       ACCESS:      87063  HIT:      16566  MISS:      70497  HIT %:    19.0276  MISS %:    80.9724   MPKI: 2.81988
LLC WRITEBACK ACCESS:     140207  HIT:     139905  MISS:        302  HIT %:    99.7846  MISS %:   0.215396   MPKI: 0.01208
LLC LOAD TRANSLATION ACCESS:      57479  HIT:      27810  MISS:      29669  HIT %:    48.3829  MISS %:    51.6171   MPKI: 1.18676
LLC PREFETCH  REQUESTED:          0  ISSUED:          0  USEFUL:          0  USELESS:          0
LLC USEFUL LOAD PREFETCHES:          0 PREFETCH ISSUED TO LOWER LEVEL:          0  ACCURACY: -nan
LLC TIMELY PREFETCHES:          0 LATE PREFETCHES: 0 DROPPED PREFETCHES: 0
LLC PREFETCHES SAME FILL-ORIGIN LEVEL: 0 DIFFERENT FILL-ORIGIN LEVEL: 0
LLC AVERAGE MISS LATENCY: 161.971 cycles
LLC RQ	ACCESS:     858295	FORWARD:          0	MERGED:          0	TO_CACHE:     858281
LLC WQ	ACCESS:     140207	FORWARD:         14	MERGED:          0	TO_CACHE:     140207

LLC Dense regions hint to LLC: 0

RAW hits: 192546
Loads Generated: 5958075
Loads sent to L1D: 5765527
Stores Generated: 3430196
Stores sent to L1D: 3430198
Major fault: 0 Minor fault: 45010
Allocated PAGES: 45010

DRAM Statistics
 CHANNEL 0
 RQ ROW_BUFFER_HIT:      40694  ROW_BUFFER_MISS:     264439
 DBUS_CONGESTED:        117
 WQ ROW_BUFFER_HIT:      33425  ROW_BUFFER_MISS:      75004  FULL:          0

 AVG_CONGESTED_CYCLE: 4
 All warmup complete: 2
Channel 0 Bank busy for read cycles: 0
Channel 0 Bank busy for write cycles: 0
Channel 0
Rank 0
0banks busy for read cycles: 54779217
0banks busy for write cycles: 46008
1banks busy for read cycles: 23973385
1banks busy for write cycles: 8000152
2banks busy for read cycles: 5328626
2banks busy for write cycles: 3047201
3banks busy for read cycles: 1270934
3banks busy for write cycles: 1336300
4banks busy for read cycles: 375536
4banks busy for write cycles: 695775
5banks busy for read cycles: 139923
5banks busy for write cycles: 382285
6banks busy for read cycles: 65929
6banks busy for write cycles: 234537
7banks busy for read cycles: 28539
7banks busy for write cycles: 128613
8banks busy for read cycles: 58023
8banks busy for write cycles: 116407

CPU 0 Branch Prediction Accuracy: 96.8224% MPKI: 6.31212 Average ROB Occupancy at Mispredict: 12.5013
Branch types
NOT_BRANCH: 20033560 80.1342%
BRANCH_DIRECT_JUMP: 382447 1.52979%
BRANCH_INDIRECT: 26284 0.105136%
BRANCH_CONDITIONAL: 4011162 16.0446%
BRANCH_DIRECT_CALL: 241009 0.964036%
BRANCH_INDIRECT_CALL: 31642 0.126568%
BRANCH_RETURN: 273154 1.09262%
BRANCH_OTHER: 420 0.00168%

DRAM PAGES: 1048576
Allocated PAGES: 45010
