
*** ChampSim Multicore Out-of-Order Simulator ***

Warmup Instructions: 25000000
Simulation Instructions: 25000000
Number of CPUs: 1
LLC sets: 2048
LLC ways: 16
Off-chip DRAM Size: 4096 MB Channels: 1 Width: 64-bit Data Rate: 6400 MT/s
CPU 0 runs ../traces/Trace1.gz
.gz
BTB has LRU replacement policy
ITLB has LRU replacement policy
DTLB has LRU replacement policy
STLB has LRU replacement policy
L1I has LRU replacement policy
L1D has LRU replacement policy
Initialize IRRIP state for L2C
LLC has LRU replacement policy
Heartbeat CPU 0 instructions: 10000002 cycles: 2954337 heartbeat IPC: 3.38485 cumulative IPC: 3.38485 (Simulation time: 0 hr 0 min 28 sec) 
Heartbeat CPU 0 instructions: 20000001 cycles: 5916290 heartbeat IPC: 3.37615 cumulative IPC: 3.3805 (Simulation time: 0 hr 0 min 59 sec) 

Warmup complete CPU 0 instructions: 25000004 cycles: 7350971 (Simulation time: 0 hr 1 min 14 sec) 

Heartbeat CPU 0 instructions: 30000003 cycles: 31312598 heartbeat IPC: 0.393758 cumulative IPC: 0.208667 (Simulation time: 0 hr 1 min 36 sec) 
Heartbeat CPU 0 instructions: 40000000 cycles: 71800598 heartbeat IPC: 0.246987 cumulative IPC: 0.23274 (Simulation time: 0 hr 2 min 16 sec) 
Heartbeat CPU 0 instructions: 50000000 cycles: 115130444 heartbeat IPC: 0.230788 cumulative IPC: 0.231955 (Simulation time: 0 hr 2 min 59 sec) 
Finished CPU 0 instructions: 25000000 cycles: 107779477 cumulative IPC: 0.231955 (Simulation time: 0 hr 2 min 59 sec) 

ChampSim completed all CPUs

Region of Interest Statistics

CPU 0 cumulative IPC: 0.231955 instructions: 25000000 cycles: 107779477
ITLB TOTAL     ACCESS:    3638704  HIT:    3617295  MISS:      21409  HIT %:    99.4116  MISS %:   0.588369   MPKI: 0.85636
ITLB LOAD TRANSLATION ACCESS:    3638704  HIT:    3617295  MISS:      21409  HIT %:    99.4116  MISS %:   0.588369   MPKI: 0.85636
ITLB PREFETCH  REQUESTED:          0  ISSUED:          0  USEFUL:          0  USELESS:          0
ITLB USEFUL LOAD PREFETCHES:          0 PREFETCH ISSUED TO LOWER LEVEL:          0  ACCURACY: -nan
ITLB TIMELY PREFETCHES:          0 LATE PREFETCHES: 0 DROPPED PREFETCHES: 0
ITLB PREFETCHES SAME FILL-ORIGIN LEVEL: 0 DIFFERENT FILL-ORIGIN LEVEL: 0
ITLB AVERAGE MISS LATENCY: 42.3461 cycles
ITLB RQ	ACCESS:    4549788	FORWARD:          0	MERGED:     907942	TO_CACHE:    3641846

DTLB TOTAL     ACCESS:    5917316  HIT:    5724356  MISS:     192960  HIT %:    96.7391  MISS %:    3.26094   MPKI: 7.7184
DTLB LOAD TRANSLATION ACCESS:    5917316  HIT:    5724356  MISS:     192960  HIT %:    96.7391  MISS %:    3.26094   MPKI: 7.7184
DTLB PREFETCH  REQUESTED:          0  ISSUED:          0  USEFUL:          0  USELESS:          0
DTLB USEFUL LOAD PREFETCHES:          0 PREFETCH ISSUED TO LOWER LEVEL:          0  ACCURACY: -nan
DTLB TIMELY PREFETCHES:          0 LATE PREFETCHES: 0 DROPPED PREFETCHES: 0
DTLB PREFETCHES SAME FILL-ORIGIN LEVEL: 0 DIFFERENT FILL-ORIGIN LEVEL: 0
DTLB AVERAGE MISS LATENCY: 79.5984 cycles
DTLB RQ	ACCESS:    7322229	FORWARD:          0	MERGED:    1367612	TO_CACHE:    5954617

STLB TOTAL     ACCESS:     214369  HIT:     142988  MISS:      71381  HIT %:    66.7018  MISS %:    33.2982   MPKI: 2.85524
STLB LOAD TRANSLATION ACCESS:     214369  HIT:     142988  MISS:      71381  HIT %:    66.7018  MISS %:    33.2982   MPKI: 2.85524
STLB PREFETCH  REQUESTED:          0  ISSUED:          0  USEFUL:          0  USELESS:          0
STLB USEFUL LOAD PREFETCHES:          0 PREFETCH ISSUED TO LOWER LEVEL:          0  ACCURACY: -nan
STLB TIMELY PREFETCHES:          0 LATE PREFETCHES: 0 DROPPED PREFETCHES: 0
STLB PREFETCHES SAME FILL-ORIGIN LEVEL: 0 DIFFERENT FILL-ORIGIN LEVEL: 0
STLB AVERAGE MISS LATENCY: 200.416 cycles
STLB RQ	ACCESS:     214369	FORWARD:          0	MERGED:          0	TO_CACHE:     214369

STLB Hit, L1D data hit: 0
STLB Hit, L2C data hit: 0
STLB Hit, LLC data hit: 0
STLB Hit, LLC data miss: 0
STLB STLB hints to L2: 0
L1D TOTAL     ACCESS:    7036889  HIT:    6657501  MISS:     379388  HIT %:    94.6086  MISS %:    5.39142   MPKI: 15.1755
L1D LOAD      ACCESS:    4275529  HIT:    4008544  MISS:     266985  HIT %:    93.7555  MISS %:    6.24449   MPKI: 10.6794
L1D RFO       ACCESS:    2761360  HIT:    2648957  MISS:     112403  HIT %:    95.9294  MISS %:    4.07057   MPKI: 4.49612
L1D PREFETCH  REQUESTED:          0  ISSUED:          0  USEFUL:          0  USELESS:          0
L1D USEFUL LOAD PREFETCHES:          0 PREFETCH ISSUED TO LOWER LEVEL:          0  ACCURACY: -nan
L1D TIMELY PREFETCHES:          0 LATE PREFETCHES: 0 DROPPED PREFETCHES: 0
L1D PREFETCHES SAME FILL-ORIGIN LEVEL: 0 DIFFERENT FILL-ORIGIN LEVEL: 0
L1D AVERAGE MISS LATENCY: 125.078 cycles
L1D RQ	ACCESS:    5844019	FORWARD:          0	MERGED:    1450851	TO_CACHE:    4316095
L1D WQ	ACCESS:    3047625	FORWARD:      77073	MERGED:      41491	TO_CACHE:    3006134

L1D UNIQUE REGIONS ACCESSED: 0
L1D REGIONS CONFLICTS: 0
L1D Cross Page Prefetch Requests: 0
L1D Same Page Prefetch Requests: 0
L1D ROI Sum of L1D PQ occupancy: 0
L1D PREFETCHES PUSHED FROM L2C: 0
L1I TOTAL     ACCESS:    4397163  HIT:    4035053  MISS:     362110  HIT %:    91.7649  MISS %:    8.23508   MPKI: 14.4844
L1I LOAD      ACCESS:    4397163  HIT:    4035053  MISS:     362110  HIT %:    91.7649  MISS %:    8.23508   MPKI: 14.4844
L1I PREFETCH  REQUESTED:          0  ISSUED:          0  USEFUL:          0  USELESS:          0
L1I USEFUL LOAD PREFETCHES:          0 PREFETCH ISSUED TO LOWER LEVEL:          0  ACCURACY: -nan
L1I TIMELY PREFETCHES:          0 LATE PREFETCHES: 0 DROPPED PREFETCHES: 0
L1I PREFETCHES SAME FILL-ORIGIN LEVEL: 0 DIFFERENT FILL-ORIGIN LEVEL: 0
L1I AVERAGE MISS LATENCY: 109.776 cycles
L1I RQ	ACCESS:    6255318	FORWARD:          0	MERGED:    1705530	TO_CACHE:    4549788

BTB TOTAL     ACCESS:    2029937  HIT:    1730538  MISS:     299399  HIT %:    85.2508  MISS %:    14.7492   MPKI: 11.976
BTB BRANCH_DIRECT_JUMP	ACCESS:     126163  HIT:     102446  MISS:      23717
BTB BRANCH_INDIRECT	ACCESS:      45810  HIT:      28349  MISS:      17461
BTB BRANCH_CONDITIONAL	ACCESS:    1410836  HIT:    1350768  MISS:      60068
BTB BRANCH_DIRECT_CALL	ACCESS:     192147  HIT:     136830  MISS:      55317
BTB BRANCH_INDIRECT_CALL	ACCESS:      31367  HIT:      17496  MISS:      13871
BTB BRANCH_RETURN	ACCESS:     223607  HIT:      94649  MISS:     128958
BTB BRANCH_OTHER ACCESS:          7  HIT:          0  MISS:          7

L2C TOTAL     ACCESS:    1014345  HIT:     401268  MISS:     613077  HIT %:    39.5593  MISS %:    60.4407   MPKI: 24.5231
L2C LOAD      ACCESS:     629093  HIT:     189535  MISS:     439558  HIT %:    30.1283  MISS %:    69.8717   MPKI: 17.5823
L2C DATA LOAD MPKI: 7.49976
L2C INSTRUCTION LOAD MPKI: 10.0826
L2C RFO       ACCESS:     112402  HIT:      17243  MISS:      95159  HIT %:    15.3405  MISS %:    84.6595   MPKI: 3.80636
L2C WRITEBACK ACCESS:     155210  HIT:     134265  MISS:      20945  HIT %:    86.5054  MISS %:    13.4946   MPKI: 0.8378
L2C LOAD TRANSLATION ACCESS:     117640  HIT:      60225  MISS:      57415  HIT %:    51.1943  MISS %:    48.8057   MPKI: 2.2966
L2C PREFETCH  REQUESTED:          0  ISSUED:          0  USEFUL:          0  USELESS:          0
L2C USEFUL LOAD PREFETCHES:          0 PREFETCH ISSUED TO LOWER LEVEL:          0  ACCURACY: -nan
L2C TIMELY PREFETCHES:          0 LATE PREFETCHES: 0 DROPPED PREFETCHES: 0
L2C PREFETCHES SAME FILL-ORIGIN LEVEL: 0 DIFFERENT FILL-ORIGIN LEVEL: 0
L2C AVERAGE MISS LATENCY: 136.958 cycles
L2C RQ	ACCESS:     859138	FORWARD:          0	MERGED:          0	TO_CACHE:     859135
L2C WQ	ACCESS:     155210	FORWARD:          3	MERGED:          0	TO_CACHE:     155210

L2C Instructions Evicting Data 124858
L2C Translations Evicting Data 28397
L2C Data Evicting Data 139807
L2C Instructions Evicting Instructions 104125
L2C Translations Evicting Instructions 23491
L2C Data Evicting Instructions 115742
L2C Instructions Evicting Translations 23081
L2C Translations Evicting Translations 5527
L2C Data Evicting Translations 27104
L2C Dense regions hint from L2: 0
PSCL5 TOTAL     ACCESS:      71381  HIT:      71381  MISS:          0  HIT %:        100  MISS %:          0   MPKI: 0
PSCL5 LOAD TRANSLATION ACCESS:      71381  HIT:      71381  MISS:          0  HIT %:        100  MISS %:          0   MPKI: 0
PSCL5 PREFETCH  REQUESTED:          0  ISSUED:          0  USEFUL:          0  USELESS:          0
PSCL5 USEFUL LOAD PREFETCHES:          0 PREFETCH ISSUED TO LOWER LEVEL:          0  ACCURACY: -nan
PSCL5 TIMELY PREFETCHES:          0 LATE PREFETCHES: 0 DROPPED PREFETCHES: 0
PSCL5 PREFETCHES SAME FILL-ORIGIN LEVEL: 0 DIFFERENT FILL-ORIGIN LEVEL: 0

PSCL4 TOTAL     ACCESS:      70573  HIT:      70377  MISS:        196  HIT %:    99.7223  MISS %:   0.277727   MPKI: 0.00784
PSCL4 LOAD TRANSLATION ACCESS:      70573  HIT:      70377  MISS:        196  HIT %:    99.7223  MISS %:   0.277727   MPKI: 0.00784
PSCL4 PREFETCH  REQUESTED:          0  ISSUED:          0  USEFUL:          0  USELESS:          0
PSCL4 USEFUL LOAD PREFETCHES:          0 PREFETCH ISSUED TO LOWER LEVEL:          0  ACCURACY: -nan
PSCL4 TIMELY PREFETCHES:          0 LATE PREFETCHES: 0 DROPPED PREFETCHES: 0
PSCL4 PREFETCHES SAME FILL-ORIGIN LEVEL: 0 DIFFERENT FILL-ORIGIN LEVEL: 0

PSCL3 TOTAL     ACCESS:      69951  HIT:      65834  MISS:       4117  HIT %:    94.1145  MISS %:    5.88555   MPKI: 0.16468
PSCL3 LOAD TRANSLATION ACCESS:      69951  HIT:      65834  MISS:       4117  HIT %:    94.1145  MISS %:    5.88555   MPKI: 0.16468
PSCL3 PREFETCH  REQUESTED:          0  ISSUED:          0  USEFUL:          0  USELESS:          0
PSCL3 USEFUL LOAD PREFETCHES:          0 PREFETCH ISSUED TO LOWER LEVEL:          0  ACCURACY: -nan
PSCL3 TIMELY PREFETCHES:          0 LATE PREFETCHES: 0 DROPPED PREFETCHES: 0
PSCL3 PREFETCHES SAME FILL-ORIGIN LEVEL: 0 DIFFERENT FILL-ORIGIN LEVEL: 0

PSCL2 TOTAL     ACCESS:      71381  HIT:      29167  MISS:      42214  HIT %:     40.861  MISS %:     59.139   MPKI: 1.68856
PSCL2 LOAD TRANSLATION ACCESS:      71381  HIT:      29167  MISS:      42214  HIT %:     40.861  MISS %:     59.139   MPKI: 1.68856
PSCL2 PREFETCH  REQUESTED:          0  ISSUED:          0  USEFUL:          0  USELESS:          0
PSCL2 USEFUL LOAD PREFETCHES:          0 PREFETCH ISSUED TO LOWER LEVEL:          0  ACCURACY: -nan
PSCL2 TIMELY PREFETCHES:          0 LATE PREFETCHES: 0 DROPPED PREFETCHES: 0
PSCL2 PREFETCHES SAME FILL-ORIGIN LEVEL: 0 DIFFERENT FILL-ORIGIN LEVEL: 0

LLC TOTAL     ACCESS:     718943  HIT:     287195  MISS:     431748  HIT %:    39.9468  MISS %:    60.0532   MPKI: 17.2699
LLC LOAD      ACCESS:     439558  HIT:     131367  MISS:     308191  HIT %:    29.8862  MISS %:    70.1138   MPKI: 12.3276
LLC RFO       ACCESS:      95159  HIT:       6762  MISS:      88397  HIT %:      7.106  MISS %:     92.894   MPKI: 3.53588
LLC WRITEBACK ACCESS:     126811  HIT:     125946  MISS:        865  HIT %:    99.3179  MISS %:   0.682117   MPKI: 0.0346
LLC LOAD TRANSLATION ACCESS:      57415  HIT:      23120  MISS:      34295  HIT %:    40.2682  MISS %:    59.7318   MPKI: 1.3718
LLC PREFETCH  REQUESTED:          0  ISSUED:          0  USEFUL:          0  USELESS:          0
LLC USEFUL LOAD PREFETCHES:          0 PREFETCH ISSUED TO LOWER LEVEL:          0  ACCURACY: -nan
LLC TIMELY PREFETCHES:          0 LATE PREFETCHES: 0 DROPPED PREFETCHES: 0
LLC PREFETCHES SAME FILL-ORIGIN LEVEL: 0 DIFFERENT FILL-ORIGIN LEVEL: 0
LLC AVERAGE MISS LATENCY: 152.674 cycles
LLC RQ	ACCESS:     592132	FORWARD:          0	MERGED:          0	TO_CACHE:     592132
LLC WQ	ACCESS:     126811	FORWARD:          0	MERGED:          0	TO_CACHE:     126811

LLC Dense regions hint to LLC: 0

RAW hits: 198882
Loads Generated: 6042902
Loads sent to L1D: 5844019
Stores Generated: 3047659
Stores sent to L1D: 3047660
Major fault: 0 Minor fault: 45579
Allocated PAGES: 45579

DRAM Statistics
 CHANNEL 0
 RQ ROW_BUFFER_HIT:      95181  ROW_BUFFER_MISS:     335701
 DBUS_CONGESTED:        207
 WQ ROW_BUFFER_HIT:      43192  ROW_BUFFER_MISS:      70448  FULL:          0

 AVG_CONGESTED_CYCLE: 4
 All warmup complete: 2
Channel 0 Bank busy for read cycles: 0
Channel 0 Bank busy for write cycles: 0
Channel 0
Rank 0
0banks busy for read cycles: 48541944
0banks busy for write cycles: 51160
1banks busy for read cycles: 33407154
1banks busy for write cycles: 9906206
2banks busy for read cycles: 6838844
2banks busy for write cycles: 3616552
3banks busy for read cycles: 1140717
3banks busy for write cycles: 1559424
4banks busy for read cycles: 324263
4banks busy for write cycles: 777608
5banks busy for read cycles: 170602
5banks busy for write cycles: 425106
6banks busy for read cycles: 128481
6banks busy for write cycles: 277416
7banks busy for read cycles: 79003
7banks busy for write cycles: 192011
8banks busy for read cycles: 141956
8banks busy for write cycles: 201031

CPU 0 Branch Prediction Accuracy: 91.1975% MPKI: 16.1264 Average ROB Occupancy at Mispredict: 14.1607
Branch types
NOT_BRANCH: 20419575 81.6783%
BRANCH_DIRECT_JUMP: 126163 0.504652%
BRANCH_INDIRECT: 45810 0.18324%
BRANCH_CONDITIONAL: 3960982 15.8439%
BRANCH_DIRECT_CALL: 192147 0.768588%
BRANCH_INDIRECT_CALL: 31367 0.125468%
BRANCH_RETURN: 223607 0.894428%
BRANCH_OTHER: 7 2.8e-05%

DRAM PAGES: 1048576
Allocated PAGES: 45579
