
*** ChampSim Multicore Out-of-Order Simulator ***

Warmup Instructions: 25000000
Simulation Instructions: 25000000
Number of CPUs: 1
LLC sets: 2048
LLC ways: 16
Off-chip DRAM Size: 4096 MB Channels: 1 Width: 64-bit Data Rate: 6400 MT/s
CPU 0 runs ../traces/Trace3.gz
.gz
BTB has LRU replacement policy
ITLB has LRU replacement policy
DTLB has LRU replacement policy
STLB has LRU replacement policy
L1I has LRU replacement policy
L1D has LRU replacement policy
Initialize IRRIP state for L2C
LLC has LRU replacement policy
Heartbeat CPU 0 instructions: 10000000 cycles: 3015674 heartbeat IPC: 3.31601 cumulative IPC: 3.31601 (Simulation time: 0 hr 0 min 33 sec) 
Heartbeat CPU 0 instructions: 20000000 cycles: 6013598 heartbeat IPC: 3.33564 cumulative IPC: 3.3258 (Simulation time: 0 hr 0 min 58 sec) 

Warmup complete CPU 0 instructions: 25000002 cycles: 7507424 (Simulation time: 0 hr 1 min 8 sec) 

Heartbeat CPU 0 instructions: 30000000 cycles: 22127472 heartbeat IPC: 0.620583 cumulative IPC: 0.341996 (Simulation time: 0 hr 1 min 20 sec) 
Heartbeat CPU 0 instructions: 40000003 cycles: 48118373 heartbeat IPC: 0.38475 cumulative IPC: 0.369359 (Simulation time: 0 hr 1 min 41 sec) 
Heartbeat CPU 0 instructions: 50000000 cycles: 73013088 heartbeat IPC: 0.401692 cumulative IPC: 0.381646 (Simulation time: 0 hr 2 min 2 sec) 
Finished CPU 0 instructions: 25000001 cycles: 65505665 cumulative IPC: 0.381646 (Simulation time: 0 hr 2 min 2 sec) 

ChampSim completed all CPUs

Region of Interest Statistics

CPU 0 cumulative IPC: 0.381646 instructions: 25000001 cycles: 65505665
ITLB TOTAL     ACCESS:    3878898  HIT:    3874860  MISS:       4038  HIT %:    99.8959  MISS %:   0.104102   MPKI: 0.16152
ITLB LOAD TRANSLATION ACCESS:    3878898  HIT:    3874860  MISS:       4038  HIT %:    99.8959  MISS %:   0.104102   MPKI: 0.16152
ITLB PREFETCH  REQUESTED:          0  ISSUED:          0  USEFUL:          0  USELESS:          0
ITLB USEFUL LOAD PREFETCHES:          0 PREFETCH ISSUED TO LOWER LEVEL:          0  ACCURACY: -nan
ITLB TIMELY PREFETCHES:          0 LATE PREFETCHES: 0 DROPPED PREFETCHES: 0
ITLB PREFETCHES SAME FILL-ORIGIN LEVEL: 0 DIFFERENT FILL-ORIGIN LEVEL: 0
ITLB AVERAGE MISS LATENCY: 55.5471 cycles
ITLB RQ	ACCESS:    4679659	FORWARD:          0	MERGED:     800114	TO_CACHE:    3879545

DTLB TOTAL     ACCESS:    6758748  HIT:    6676642  MISS:      82106  HIT %:    98.7852  MISS %:    1.21481   MPKI: 3.28424
DTLB LOAD TRANSLATION ACCESS:    6758748  HIT:    6676642  MISS:      82106  HIT %:    98.7852  MISS %:    1.21481   MPKI: 3.28424
DTLB PREFETCH  REQUESTED:          0  ISSUED:          0  USEFUL:          0  USELESS:          0
DTLB USEFUL LOAD PREFETCHES:          0 PREFETCH ISSUED TO LOWER LEVEL:          0  ACCURACY: -nan
DTLB TIMELY PREFETCHES:          0 LATE PREFETCHES: 0 DROPPED PREFETCHES: 0
DTLB PREFETCHES SAME FILL-ORIGIN LEVEL: 0 DIFFERENT FILL-ORIGIN LEVEL: 0
DTLB AVERAGE MISS LATENCY: 60.6911 cycles
DTLB RQ	ACCESS:    8237002	FORWARD:          0	MERGED:    1448182	TO_CACHE:    6788820

STLB TOTAL     ACCESS:      86144  HIT:      62782  MISS:      23362  HIT %:    72.8803  MISS %:    27.1197   MPKI: 0.93448
STLB LOAD TRANSLATION ACCESS:      86144  HIT:      62782  MISS:      23362  HIT %:    72.8803  MISS %:    27.1197   MPKI: 0.93448
STLB PREFETCH  REQUESTED:          0  ISSUED:          0  USEFUL:          0  USELESS:          0
STLB USEFUL LOAD PREFETCHES:          0 PREFETCH ISSUED TO LOWER LEVEL:          0  ACCURACY: -nan
STLB TIMELY PREFETCHES:          0 LATE PREFETCHES: 0 DROPPED PREFETCHES: 0
STLB PREFETCHES SAME FILL-ORIGIN LEVEL: 0 DIFFERENT FILL-ORIGIN LEVEL: 0
STLB AVERAGE MISS LATENCY: 189.162 cycles
STLB RQ	ACCESS:      86144	FORWARD:          0	MERGED:          0	TO_CACHE:      86144

STLB Hit, L1D data hit: 0
STLB Hit, L2C data hit: 0
STLB Hit, LLC data hit: 0
STLB Hit, LLC data miss: 0
STLB STLB hints to L2: 0
L1D TOTAL     ACCESS:    8110389  HIT:    7984461  MISS:     125928  HIT %:    98.4473  MISS %:    1.55268   MPKI: 5.03712
L1D LOAD      ACCESS:    5092524  HIT:    5007436  MISS:      85088  HIT %:    98.3292  MISS %:    1.67084   MPKI: 3.40352
L1D RFO       ACCESS:    3017865  HIT:    2977025  MISS:      40840  HIT %:    98.6467  MISS %:    1.35327   MPKI: 1.6336
L1D PREFETCH  REQUESTED:          0  ISSUED:          0  USEFUL:          0  USELESS:          0
L1D USEFUL LOAD PREFETCHES:          0 PREFETCH ISSUED TO LOWER LEVEL:          0  ACCURACY: -nan
L1D TIMELY PREFETCHES:          0 LATE PREFETCHES: 0 DROPPED PREFETCHES: 0
L1D PREFETCHES SAME FILL-ORIGIN LEVEL: 0 DIFFERENT FILL-ORIGIN LEVEL: 0
L1D AVERAGE MISS LATENCY: 160.353 cycles
L1D RQ	ACCESS:    7159247	FORWARD:          0	MERGED:    1922374	TO_CACHE:    5107756
L1D WQ	ACCESS:    3226976	FORWARD:     129117	MERGED:      97730	TO_CACHE:    3129246

L1D UNIQUE REGIONS ACCESSED: 0
L1D REGIONS CONFLICTS: 0
L1D Cross Page Prefetch Requests: 0
L1D Same Page Prefetch Requests: 0
L1D ROI Sum of L1D PQ occupancy: 0
L1D PREFETCHES PUSHED FROM L2C: 0
L1I TOTAL     ACCESS:    4658028  HIT:    4604898  MISS:      53130  HIT %:    98.8594  MISS %:    1.14061   MPKI: 2.1252
L1I LOAD      ACCESS:    4658028  HIT:    4604898  MISS:      53130  HIT %:    98.8594  MISS %:    1.14061   MPKI: 2.1252
L1I PREFETCH  REQUESTED:          0  ISSUED:          0  USEFUL:          0  USELESS:          0
L1I USEFUL LOAD PREFETCHES:          0 PREFETCH ISSUED TO LOWER LEVEL:          0  ACCURACY: -nan
L1I TIMELY PREFETCHES:          0 LATE PREFETCHES: 0 DROPPED PREFETCHES: 0
L1I PREFETCHES SAME FILL-ORIGIN LEVEL: 0 DIFFERENT FILL-ORIGIN LEVEL: 0
L1I AVERAGE MISS LATENCY: 76.8064 cycles
L1I RQ	ACCESS:    6566152	FORWARD:          0	MERGED:    1886493	TO_CACHE:    4679659

BTB TOTAL     ACCESS:    3429096  HIT:    3275942  MISS:     153154  HIT %:    95.5337  MISS %:    4.46631   MPKI: 6.12616
BTB BRANCH_DIRECT_JUMP	ACCESS:     487279  HIT:     484673  MISS:       2606
BTB BRANCH_INDIRECT	ACCESS:      19539  HIT:       3769  MISS:      15770
BTB BRANCH_CONDITIONAL	ACCESS:    2395393  HIT:    2389650  MISS:       5743
BTB BRANCH_DIRECT_CALL	ACCESS:     107379  HIT:     103734  MISS:       3645
BTB BRANCH_INDIRECT_CALL	ACCESS:     156045  HIT:      76949  MISS:      79096
BTB BRANCH_RETURN	ACCESS:     263460  HIT:     217167  MISS:      46293
BTB BRANCH_OTHER ACCESS:          1  HIT:          0  MISS:          1

L2C TOTAL     ACCESS:     288935  HIT:     129571  MISS:     159364  HIT %:    44.8443  MISS %:    55.1557   MPKI: 6.37456
L2C LOAD      ACCESS:     138217  HIT:      38684  MISS:      99533  HIT %:    27.9879  MISS %:    72.0121   MPKI: 3.98132
L2C DATA LOAD MPKI: 2.87512
L2C INSTRUCTION LOAD MPKI: 1.1062
L2C RFO       ACCESS:      40840  HIT:       4410  MISS:      36430  HIT %:    10.7982  MISS %:    89.2018   MPKI: 1.4572
L2C WRITEBACK ACCESS:      71807  HIT:      66465  MISS:       5342  HIT %:    92.5606  MISS %:    7.43939   MPKI: 0.21368
L2C LOAD TRANSLATION ACCESS:      38071  HIT:      20012  MISS:      18059  HIT %:    52.5649  MISS %:    47.4351   MPKI: 0.72236
L2C PREFETCH  REQUESTED:          0  ISSUED:          0  USEFUL:          0  USELESS:          0
L2C USEFUL LOAD PREFETCHES:          0 PREFETCH ISSUED TO LOWER LEVEL:          0  ACCURACY: -nan
L2C TIMELY PREFETCHES:          0 LATE PREFETCHES: 0 DROPPED PREFETCHES: 0
L2C PREFETCHES SAME FILL-ORIGIN LEVEL: 0 DIFFERENT FILL-ORIGIN LEVEL: 0
L2C AVERAGE MISS LATENCY: 151.075 cycles
L2C RQ	ACCESS:     217129	FORWARD:          0	MERGED:          0	TO_CACHE:     217128
L2C WQ	ACCESS:      71807	FORWARD:          1	MERGED:          0	TO_CACHE:      71807

L2C Instructions Evicting Data 16771
L2C Translations Evicting Data 12499
L2C Data Evicting Data 76401
L2C Instructions Evicting Instructions 7798
L2C Translations Evicting Instructions 3363
L2C Data Evicting Instructions 19187
L2C Instructions Evicting Translations 3086
L2C Translations Evicting Translations 2197
L2C Data Evicting Translations 12720
L2C Dense regions hint from L2: 0
PSCL5 TOTAL     ACCESS:      23362  HIT:      23362  MISS:          0  HIT %:        100  MISS %:          0   MPKI: 0
PSCL5 LOAD TRANSLATION ACCESS:      23362  HIT:      23362  MISS:          0  HIT %:        100  MISS %:          0   MPKI: 0
PSCL5 PREFETCH  REQUESTED:          0  ISSUED:          0  USEFUL:          0  USELESS:          0
PSCL5 USEFUL LOAD PREFETCHES:          0 PREFETCH ISSUED TO LOWER LEVEL:          0  ACCURACY: -nan
PSCL5 TIMELY PREFETCHES:          0 LATE PREFETCHES: 0 DROPPED PREFETCHES: 0
PSCL5 PREFETCHES SAME FILL-ORIGIN LEVEL: 0 DIFFERENT FILL-ORIGIN LEVEL: 0

PSCL4 TOTAL     ACCESS:      22051  HIT:      21971  MISS:         80  HIT %:    99.6372  MISS %:   0.362795   MPKI: 0.0032
PSCL4 LOAD TRANSLATION ACCESS:      22051  HIT:      21971  MISS:         80  HIT %:    99.6372  MISS %:   0.362795   MPKI: 0.0032
PSCL4 PREFETCH  REQUESTED:          0  ISSUED:          0  USEFUL:          0  USELESS:          0
PSCL4 USEFUL LOAD PREFETCHES:          0 PREFETCH ISSUED TO LOWER LEVEL:          0  ACCURACY: -nan
PSCL4 TIMELY PREFETCHES:          0 LATE PREFETCHES: 0 DROPPED PREFETCHES: 0
PSCL4 PREFETCHES SAME FILL-ORIGIN LEVEL: 0 DIFFERENT FILL-ORIGIN LEVEL: 0

PSCL3 TOTAL     ACCESS:      23152  HIT:      22623  MISS:        529  HIT %:    97.7151  MISS %:     2.2849   MPKI: 0.02116
PSCL3 LOAD TRANSLATION ACCESS:      23152  HIT:      22623  MISS:        529  HIT %:    97.7151  MISS %:     2.2849   MPKI: 0.02116
PSCL3 PREFETCH  REQUESTED:          0  ISSUED:          0  USEFUL:          0  USELESS:          0
PSCL3 USEFUL LOAD PREFETCHES:          0 PREFETCH ISSUED TO LOWER LEVEL:          0  ACCURACY: -nan
PSCL3 TIMELY PREFETCHES:          0 LATE PREFETCHES: 0 DROPPED PREFETCHES: 0
PSCL3 PREFETCHES SAME FILL-ORIGIN LEVEL: 0 DIFFERENT FILL-ORIGIN LEVEL: 0

PSCL2 TOTAL     ACCESS:      23362  HIT:       9183  MISS:      14179  HIT %:    39.3074  MISS %:    60.6926   MPKI: 0.56716
PSCL2 LOAD TRANSLATION ACCESS:      23362  HIT:       9183  MISS:      14179  HIT %:    39.3074  MISS %:    60.6926   MPKI: 0.56716
PSCL2 PREFETCH  REQUESTED:          0  ISSUED:          0  USEFUL:          0  USELESS:          0
PSCL2 USEFUL LOAD PREFETCHES:          0 PREFETCH ISSUED TO LOWER LEVEL:          0  ACCURACY: -nan
PSCL2 TIMELY PREFETCHES:          0 LATE PREFETCHES: 0 DROPPED PREFETCHES: 0
PSCL2 PREFETCHES SAME FILL-ORIGIN LEVEL: 0 DIFFERENT FILL-ORIGIN LEVEL: 0

LLC TOTAL     ACCESS:     215943  HIT:      90753  MISS:     125190  HIT %:    42.0264  MISS %:    57.9736   MPKI: 5.0076
LLC LOAD      ACCESS:      99533  HIT:      20584  MISS:      78949  HIT %:    20.6806  MISS %:    79.3194   MPKI: 3.15796
LLC RFO       ACCESS:      36430  HIT:       1741  MISS:      34689  HIT %:    4.77903  MISS %:     95.221   MPKI: 1.38756
LLC WRITEBACK ACCESS:      61921  HIT:      61795  MISS:        126  HIT %:    99.7965  MISS %:   0.203485   MPKI: 0.00504
LLC LOAD TRANSLATION ACCESS:      18059  HIT:       6633  MISS:      11426  HIT %:    36.7296  MISS %:    63.2704   MPKI: 0.45704
LLC PREFETCH  REQUESTED:          0  ISSUED:          0  USEFUL:          0  USELESS:          0
LLC USEFUL LOAD PREFETCHES:          0 PREFETCH ISSUED TO LOWER LEVEL:          0  ACCURACY: -nan
LLC TIMELY PREFETCHES:          0 LATE PREFETCHES: 0 DROPPED PREFETCHES: 0
LLC PREFETCHES SAME FILL-ORIGIN LEVEL: 0 DIFFERENT FILL-ORIGIN LEVEL: 0
LLC AVERAGE MISS LATENCY: 154.547 cycles
LLC RQ	ACCESS:     154022	FORWARD:          0	MERGED:          0	TO_CACHE:     154022
LLC WQ	ACCESS:      61921	FORWARD:          0	MERGED:          0	TO_CACHE:      61921

LLC Dense regions hint to LLC: 0

RAW hits: 415873
Loads Generated: 7575120
Loads sent to L1D: 7159247
Stores Generated: 3226960
Stores sent to L1D: 3226976
Major fault: 0 Minor fault: 42448
Allocated PAGES: 42448

DRAM Statistics
 CHANNEL 0
 RQ ROW_BUFFER_HIT:      26484  ROW_BUFFER_MISS:      98580
 DBUS_CONGESTED:         73
 WQ ROW_BUFFER_HIT:      13815  ROW_BUFFER_MISS:      39406  FULL:          0

 AVG_CONGESTED_CYCLE: 5
 All warmup complete: 2
Channel 0 Bank busy for read cycles: 0
Channel 0 Bank busy for write cycles: 0
Channel 0
Rank 0
0banks busy for read cycles: 49633063
0banks busy for write cycles: 17892
1banks busy for read cycles: 7409348
1banks busy for write cycles: 2903896
2banks busy for read cycles: 1924129
2banks busy for write cycles: 1071169
3banks busy for read cycles: 524435
3banks busy for write cycles: 534555
4banks busy for read cycles: 178697
4banks busy for write cycles: 302662
5banks busy for read cycles: 111185
5banks busy for write cycles: 195282
6banks busy for read cycles: 75957
6banks busy for write cycles: 157906
7banks busy for read cycles: 75391
7banks busy for write cycles: 147083
8banks busy for read cycles: 128324
8banks busy for write cycles: 114692

CPU 0 Branch Prediction Accuracy: 96.6781% MPKI: 7.22532 Average ROB Occupancy at Mispredict: 37.5163
Branch types
NOT_BRANCH: 19561996 78.248%
BRANCH_DIRECT_JUMP: 487279 1.94912%
BRANCH_INDIRECT: 19539 0.078156%
BRANCH_CONDITIONAL: 4403958 17.6158%
BRANCH_DIRECT_CALL: 107379 0.429516%
BRANCH_INDIRECT_CALL: 156045 0.62418%
BRANCH_RETURN: 263460 1.05384%
BRANCH_OTHER: 1 4e-06%

DRAM PAGES: 1048576
Allocated PAGES: 42448
