
*** ChampSim Multicore Out-of-Order Simulator ***

Warmup Instructions: 25000000
Simulation Instructions: 25000000
Number of CPUs: 1
LLC sets: 2048
LLC ways: 16
Off-chip DRAM Size: 4096 MB Channels: 1 Width: 64-bit Data Rate: 6400 MT/s
CPU 0 runs ../traces/Trace3.gz
.gz
BTB has LRU replacement policy
ITLB has LRU replacement policy
DTLB has LRU replacement policy
STLB has LRU replacement policy
L1I has LRU replacement policy
L1D has LRU replacement policy
Initialize IRRIP state for L2C
LLC has LRU replacement policy
Heartbeat CPU 0 instructions: 10000000 cycles: 3015844 heartbeat IPC: 3.31582 cumulative IPC: 3.31582 (Simulation time: 0 hr 0 min 20 sec) 
Heartbeat CPU 0 instructions: 20000000 cycles: 6013971 heartbeat IPC: 3.33542 cumulative IPC: 3.32559 (Simulation time: 0 hr 0 min 42 sec) 

Warmup complete CPU 0 instructions: 25000002 cycles: 7507971 (Simulation time: 0 hr 0 min 56 sec) 

Heartbeat CPU 0 instructions: 30000000 cycles: 22124313 heartbeat IPC: 0.620719 cumulative IPC: 0.342083 (Simulation time: 0 hr 1 min 13 sec) 
Heartbeat CPU 0 instructions: 40000003 cycles: 48113720 heartbeat IPC: 0.384772 cumulative IPC: 0.369406 (Simulation time: 0 hr 1 min 53 sec) 
Heartbeat CPU 0 instructions: 50000000 cycles: 73008312 heartbeat IPC: 0.401694 cumulative IPC: 0.381677 (Simulation time: 0 hr 2 min 35 sec) 
Finished CPU 0 instructions: 25000001 cycles: 65500342 cumulative IPC: 0.381677 (Simulation time: 0 hr 2 min 35 sec) 

ChampSim completed all CPUs

Region of Interest Statistics

CPU 0 cumulative IPC: 0.381677 instructions: 25000001 cycles: 65500342
ITLB TOTAL     ACCESS:    3878915  HIT:    3874877  MISS:       4038  HIT %:    99.8959  MISS %:   0.104101   MPKI: 0.16152
ITLB LOAD TRANSLATION ACCESS:    3878915  HIT:    3874877  MISS:       4038  HIT %:    99.8959  MISS %:   0.104101   MPKI: 0.16152
ITLB PREFETCH  REQUESTED:          0  ISSUED:          0  USEFUL:          0  USELESS:          0
ITLB USEFUL LOAD PREFETCHES:          0 PREFETCH ISSUED TO LOWER LEVEL:          0  ACCURACY: -nan
ITLB TIMELY PREFETCHES:          0 LATE PREFETCHES: 0 DROPPED PREFETCHES: 0
ITLB PREFETCHES SAME FILL-ORIGIN LEVEL: 0 DIFFERENT FILL-ORIGIN LEVEL: 0
ITLB AVERAGE MISS LATENCY: 55.7325 cycles
ITLB RQ	ACCESS:    4679666	FORWARD:          0	MERGED:     800105	TO_CACHE:    3879561

DTLB TOTAL     ACCESS:    6758517  HIT:    6676412  MISS:      82105  HIT %:    98.7852  MISS %:    1.21484   MPKI: 3.2842
DTLB LOAD TRANSLATION ACCESS:    6758517  HIT:    6676412  MISS:      82105  HIT %:    98.7852  MISS %:    1.21484   MPKI: 3.2842
DTLB PREFETCH  REQUESTED:          0  ISSUED:          0  USEFUL:          0  USELESS:          0
DTLB USEFUL LOAD PREFETCHES:          0 PREFETCH ISSUED TO LOWER LEVEL:          0  ACCURACY: -nan
DTLB TIMELY PREFETCHES:          0 LATE PREFETCHES: 0 DROPPED PREFETCHES: 0
DTLB PREFETCHES SAME FILL-ORIGIN LEVEL: 0 DIFFERENT FILL-ORIGIN LEVEL: 0
DTLB AVERAGE MISS LATENCY: 60.7229 cycles
DTLB RQ	ACCESS:    8236886	FORWARD:          0	MERGED:    1448267	TO_CACHE:    6788619

STLB TOTAL     ACCESS:      86143  HIT:      62781  MISS:      23362  HIT %:      72.88  MISS %:      27.12   MPKI: 0.93448
STLB LOAD TRANSLATION ACCESS:      86143  HIT:      62781  MISS:      23362  HIT %:      72.88  MISS %:      27.12   MPKI: 0.93448
STLB PREFETCH  REQUESTED:          0  ISSUED:          0  USEFUL:          0  USELESS:          0
STLB USEFUL LOAD PREFETCHES:          0 PREFETCH ISSUED TO LOWER LEVEL:          0  ACCURACY: -nan
STLB TIMELY PREFETCHES:          0 LATE PREFETCHES: 0 DROPPED PREFETCHES: 0
STLB PREFETCHES SAME FILL-ORIGIN LEVEL: 0 DIFFERENT FILL-ORIGIN LEVEL: 0
STLB AVERAGE MISS LATENCY: 189.32 cycles
STLB RQ	ACCESS:      86143	FORWARD:          0	MERGED:          0	TO_CACHE:      86143

STLB Hit, L1D data hit: 0
STLB Hit, L2C data hit: 0
STLB Hit, LLC data hit: 0
STLB Hit, LLC data miss: 0
STLB STLB hints to L2: 0
L1D TOTAL     ACCESS:    8110290  HIT:    7984362  MISS:     125928  HIT %:    98.4473  MISS %:    1.55269   MPKI: 5.03712
L1D LOAD      ACCESS:    5092428  HIT:    5007339  MISS:      85089  HIT %:    98.3291  MISS %:    1.67089   MPKI: 3.40356
L1D RFO       ACCESS:    3017862  HIT:    2977023  MISS:      40839  HIT %:    98.6468  MISS %:    1.35324   MPKI: 1.63356
L1D PREFETCH  REQUESTED:          0  ISSUED:          0  USEFUL:          0  USELESS:          0
L1D USEFUL LOAD PREFETCHES:          0 PREFETCH ISSUED TO LOWER LEVEL:          0  ACCURACY: -nan
L1D TIMELY PREFETCHES:          0 LATE PREFETCHES: 0 DROPPED PREFETCHES: 0
L1D PREFETCHES SAME FILL-ORIGIN LEVEL: 0 DIFFERENT FILL-ORIGIN LEVEL: 0
L1D AVERAGE MISS LATENCY: 160.377 cycles
L1D RQ	ACCESS:    7159201	FORWARD:          0	MERGED:    1922446	TO_CACHE:    5107649
L1D WQ	ACCESS:    3226976	FORWARD:     129106	MERGED:      97739	TO_CACHE:    3129237

L1D UNIQUE REGIONS ACCESSED: 0
L1D REGIONS CONFLICTS: 0
L1D Cross Page Prefetch Requests: 0
L1D Same Page Prefetch Requests: 0
L1D ROI Sum of L1D PQ occupancy: 0
L1D PREFETCHES PUSHED FROM L2C: 0
L1I TOTAL     ACCESS:    4658039  HIT:    4604909  MISS:      53130  HIT %:    98.8594  MISS %:    1.14061   MPKI: 2.1252
L1I LOAD      ACCESS:    4658039  HIT:    4604909  MISS:      53130  HIT %:    98.8594  MISS %:    1.14061   MPKI: 2.1252
L1I PREFETCH  REQUESTED:          0  ISSUED:          0  USEFUL:          0  USELESS:          0
L1I USEFUL LOAD PREFETCHES:          0 PREFETCH ISSUED TO LOWER LEVEL:          0  ACCURACY: -nan
L1I TIMELY PREFETCHES:          0 LATE PREFETCHES: 0 DROPPED PREFETCHES: 0
L1I PREFETCHES SAME FILL-ORIGIN LEVEL: 0 DIFFERENT FILL-ORIGIN LEVEL: 0
L1I AVERAGE MISS LATENCY: 76.748 cycles
L1I RQ	ACCESS:    6566140	FORWARD:          0	MERGED:    1886474	TO_CACHE:    4679666

BTB TOTAL     ACCESS:    3429096  HIT:    3275942  MISS:     153154  HIT %:    95.5337  MISS %:    4.46631   MPKI: 6.12616
BTB BRANCH_DIRECT_JUMP	ACCESS:     487279  HIT:     484673  MISS:       2606
BTB BRANCH_INDIRECT	ACCESS:      19539  HIT:       3769  MISS:      15770
BTB BRANCH_CONDITIONAL	ACCESS:    2395393  HIT:    2389650  MISS:       5743
BTB BRANCH_DIRECT_CALL	ACCESS:     107379  HIT:     103734  MISS:       3645
BTB BRANCH_INDIRECT_CALL	ACCESS:     156045  HIT:      76949  MISS:      79096
BTB BRANCH_RETURN	ACCESS:     263460  HIT:     217167  MISS:      46293
BTB BRANCH_OTHER ACCESS:          1  HIT:          0  MISS:          1

L2C TOTAL     ACCESS:     288935  HIT:     129554  MISS:     159381  HIT %:    44.8385  MISS %:    55.1615   MPKI: 6.37524
L2C LOAD      ACCESS:     138218  HIT:      38695  MISS:      99523  HIT %:    27.9956  MISS %:    72.0044   MPKI: 3.98092
L2C DATA LOAD MPKI: 2.87412
L2C INSTRUCTION LOAD MPKI: 1.1068
L2C RFO       ACCESS:      40839  HIT:       4413  MISS:      36426  HIT %:    10.8058  MISS %:    89.1942   MPKI: 1.45704
L2C WRITEBACK ACCESS:      71807  HIT:      66449  MISS:       5358  HIT %:    92.5383  MISS %:    7.46167   MPKI: 0.21432
L2C LOAD TRANSLATION ACCESS:      38071  HIT:      19997  MISS:      18074  HIT %:    52.5255  MISS %:    47.4745   MPKI: 0.72296
L2C PREFETCH  REQUESTED:          0  ISSUED:          0  USEFUL:          0  USELESS:          0
L2C USEFUL LOAD PREFETCHES:          0 PREFETCH ISSUED TO LOWER LEVEL:          0  ACCURACY: -nan
L2C TIMELY PREFETCHES:          0 LATE PREFETCHES: 0 DROPPED PREFETCHES: 0
L2C PREFETCHES SAME FILL-ORIGIN LEVEL: 0 DIFFERENT FILL-ORIGIN LEVEL: 0
L2C AVERAGE MISS LATENCY: 151.069 cycles
L2C RQ	ACCESS:     217129	FORWARD:          0	MERGED:          0	TO_CACHE:     217128
L2C WQ	ACCESS:      71807	FORWARD:          1	MERGED:          0	TO_CACHE:      71807

L2C Instructions Evicting Data 16753
L2C Translations Evicting Data 12508
L2C Data Evicting Data 76391
L2C Instructions Evicting Instructions 7842
L2C Translations Evicting Instructions 3351
L2C Data Evicting Instructions 19162
L2C Instructions Evicting Translations 3075
L2C Translations Evicting Translations 2215
L2C Data Evicting Translations 12726
L2C Dense regions hint from L2: 0
PSCL5 TOTAL     ACCESS:      23362  HIT:      23362  MISS:          0  HIT %:        100  MISS %:          0   MPKI: 0
PSCL5 LOAD TRANSLATION ACCESS:      23362  HIT:      23362  MISS:          0  HIT %:        100  MISS %:          0   MPKI: 0
PSCL5 PREFETCH  REQUESTED:          0  ISSUED:          0  USEFUL:          0  USELESS:          0
PSCL5 USEFUL LOAD PREFETCHES:          0 PREFETCH ISSUED TO LOWER LEVEL:          0  ACCURACY: -nan
PSCL5 TIMELY PREFETCHES:          0 LATE PREFETCHES: 0 DROPPED PREFETCHES: 0
PSCL5 PREFETCHES SAME FILL-ORIGIN LEVEL: 0 DIFFERENT FILL-ORIGIN LEVEL: 0

PSCL4 TOTAL     ACCESS:      22051  HIT:      21971  MISS:         80  HIT %:    99.6372  MISS %:   0.362795   MPKI: 0.0032
PSCL4 LOAD TRANSLATION ACCESS:      22051  HIT:      21971  MISS:         80  HIT %:    99.6372  MISS %:   0.362795   MPKI: 0.0032
PSCL4 PREFETCH  REQUESTED:          0  ISSUED:          0  USEFUL:          0  USELESS:          0
PSCL4 USEFUL LOAD PREFETCHES:          0 PREFETCH ISSUED TO LOWER LEVEL:          0  ACCURACY: -nan
PSCL4 TIMELY PREFETCHES:          0 LATE PREFETCHES: 0 DROPPED PREFETCHES: 0
PSCL4 PREFETCHES SAME FILL-ORIGIN LEVEL: 0 DIFFERENT FILL-ORIGIN LEVEL: 0

PSCL3 TOTAL     ACCESS:      23152  HIT:      22623  MISS:        529  HIT %:    97.7151  MISS %:     2.2849   MPKI: 0.02116
PSCL3 LOAD TRANSLATION ACCESS:      23152  HIT:      22623  MISS:        529  HIT %:    97.7151  MISS %:     2.2849   MPKI: 0.02116
PSCL3 PREFETCH  REQUESTED:          0  ISSUED:          0  USEFUL:          0  USELESS:          0
PSCL3 USEFUL LOAD PREFETCHES:          0 PREFETCH ISSUED TO LOWER LEVEL:          0  ACCURACY: -nan
PSCL3 TIMELY PREFETCHES:          0 LATE PREFETCHES: 0 DROPPED PREFETCHES: 0
PSCL3 PREFETCHES SAME FILL-ORIGIN LEVEL: 0 DIFFERENT FILL-ORIGIN LEVEL: 0

PSCL2 TOTAL     ACCESS:      23362  HIT:       9183  MISS:      14179  HIT %:    39.3074  MISS %:    60.6926   MPKI: 0.56716
PSCL2 LOAD TRANSLATION ACCESS:      23362  HIT:       9183  MISS:      14179  HIT %:    39.3074  MISS %:    60.6926   MPKI: 0.56716
PSCL2 PREFETCH  REQUESTED:          0  ISSUED:          0  USEFUL:          0  USELESS:          0
PSCL2 USEFUL LOAD PREFETCHES:          0 PREFETCH ISSUED TO LOWER LEVEL:          0  ACCURACY: -nan
PSCL2 TIMELY PREFETCHES:          0 LATE PREFETCHES: 0 DROPPED PREFETCHES: 0
PSCL2 PREFETCHES SAME FILL-ORIGIN LEVEL: 0 DIFFERENT FILL-ORIGIN LEVEL: 0

LLC TOTAL     ACCESS:     215908  HIT:      90718  MISS:     125190  HIT %:     42.017  MISS %:     57.983   MPKI: 5.0076
LLC LOAD      ACCESS:      99523  HIT:      20572  MISS:      78951  HIT %:    20.6706  MISS %:    79.3294   MPKI: 3.15804
LLC RFO       ACCESS:      36426  HIT:       1738  MISS:      34688  HIT %:    4.77132  MISS %:    95.2287   MPKI: 1.38752
LLC WRITEBACK ACCESS:      61885  HIT:      61770  MISS:        115  HIT %:    99.8142  MISS %:   0.185829   MPKI: 0.0046
LLC LOAD TRANSLATION ACCESS:      18074  HIT:       6638  MISS:      11436  HIT %:    36.7268  MISS %:    63.2732   MPKI: 0.45744
LLC PREFETCH  REQUESTED:          0  ISSUED:          0  USEFUL:          0  USELESS:          0
LLC USEFUL LOAD PREFETCHES:          0 PREFETCH ISSUED TO LOWER LEVEL:          0  ACCURACY: -nan
LLC TIMELY PREFETCHES:          0 LATE PREFETCHES: 0 DROPPED PREFETCHES: 0
LLC PREFETCHES SAME FILL-ORIGIN LEVEL: 0 DIFFERENT FILL-ORIGIN LEVEL: 0
LLC AVERAGE MISS LATENCY: 154.549 cycles
LLC RQ	ACCESS:     154023	FORWARD:          0	MERGED:          0	TO_CACHE:     154023
LLC WQ	ACCESS:      61885	FORWARD:          0	MERGED:          0	TO_CACHE:      61885

LLC Dense regions hint to LLC: 0

RAW hits: 415919
Loads Generated: 7575120
Loads sent to L1D: 7159201
Stores Generated: 3226960
Stores sent to L1D: 3226976
Major fault: 0 Minor fault: 42448
Allocated PAGES: 42448

DRAM Statistics
 CHANNEL 0
 RQ ROW_BUFFER_HIT:      26502  ROW_BUFFER_MISS:      98573
 DBUS_CONGESTED:         73
 WQ ROW_BUFFER_HIT:      13830  ROW_BUFFER_MISS:      39380  FULL:          0

 AVG_CONGESTED_CYCLE: 5
 All warmup complete: 2
Channel 0 Bank busy for read cycles: 0
Channel 0 Bank busy for write cycles: 0
Channel 0
Rank 0
0banks busy for read cycles: 49631850
0banks busy for write cycles: 17841
1banks busy for read cycles: 7402565
1banks busy for write cycles: 2904976
2banks busy for read cycles: 1926121
2banks busy for write cycles: 1067403
3banks busy for read cycles: 524020
3banks busy for write cycles: 536635
4banks busy for read cycles: 178615
4banks busy for write cycles: 304123
5banks busy for read cycles: 110208
5banks busy for write cycles: 195752
6banks busy for read cycles: 76959
6banks busy for write cycles: 161433
7banks busy for read cycles: 75798
7banks busy for write cycles: 145387
8banks busy for read cycles: 128355
8banks busy for write cycles: 112302

CPU 0 Branch Prediction Accuracy: 96.6781% MPKI: 7.22532 Average ROB Occupancy at Mispredict: 37.5188
Branch types
NOT_BRANCH: 19561996 78.248%
BRANCH_DIRECT_JUMP: 487279 1.94912%
BRANCH_INDIRECT: 19539 0.078156%
BRANCH_CONDITIONAL: 4403958 17.6158%
BRANCH_DIRECT_CALL: 107379 0.429516%
BRANCH_INDIRECT_CALL: 156045 0.62418%
BRANCH_RETURN: 263460 1.05384%
BRANCH_OTHER: 1 4e-06%

DRAM PAGES: 1048576
Allocated PAGES: 42448
