
*** ChampSim Multicore Out-of-Order Simulator ***

Warmup Instructions: 25000000
Simulation Instructions: 25000000
Number of CPUs: 1
LLC sets: 2048
LLC ways: 16
Off-chip DRAM Size: 4096 MB Channels: 1 Width: 64-bit Data Rate: 6400 MT/s
CPU 0 runs ../traces/Trace2.gz
.gz
BTB has LRU replacement policy
ITLB has LRU replacement policy
DTLB has LRU replacement policy
STLB has LRU replacement policy
L1I has LRU replacement policy
L1D has LRU replacement policy
Initialize IRRIP state for L2C
LLC has LRU replacement policy
Heartbeat CPU 0 instructions: 10000000 cycles: 2974447 heartbeat IPC: 3.36197 cumulative IPC: 3.36197 (Simulation time: 0 hr 0 min 23 sec) 
Heartbeat CPU 0 instructions: 20000001 cycles: 5829471 heartbeat IPC: 3.5026 cumulative IPC: 3.43084 (Simulation time: 0 hr 0 min 51 sec) 

Warmup complete CPU 0 instructions: 25000002 cycles: 7249068 (Simulation time: 0 hr 1 min 5 sec) 

Heartbeat CPU 0 instructions: 30000000 cycles: 26537210 heartbeat IPC: 0.482911 cumulative IPC: 0.259227 (Simulation time: 0 hr 1 min 27 sec) 
Heartbeat CPU 0 instructions: 40000002 cycles: 60493138 heartbeat IPC: 0.294499 cumulative IPC: 0.281722 (Simulation time: 0 hr 2 min 6 sec) 
Heartbeat CPU 0 instructions: 50000000 cycles: 105442161 heartbeat IPC: 0.222474 cumulative IPC: 0.2546 (Simulation time: 0 hr 2 min 37 sec) 
Finished CPU 0 instructions: 25000001 cycles: 98193094 cumulative IPC: 0.2546 (Simulation time: 0 hr 2 min 37 sec) 

ChampSim completed all CPUs

Region of Interest Statistics

CPU 0 cumulative IPC: 0.2546 instructions: 25000001 cycles: 98193094
ITLB TOTAL     ACCESS:    3951027  HIT:    3879004  MISS:      72023  HIT %:    98.1771  MISS %:    1.82289   MPKI: 2.88092
ITLB LOAD TRANSLATION ACCESS:    3951027  HIT:    3879004  MISS:      72023  HIT %:    98.1771  MISS %:    1.82289   MPKI: 2.88092
ITLB PREFETCH  REQUESTED:          0  ISSUED:          0  USEFUL:          0  USELESS:          0
ITLB USEFUL LOAD PREFETCHES:          0 PREFETCH ISSUED TO LOWER LEVEL:          0  ACCURACY: -nan
ITLB TIMELY PREFETCHES:          0 LATE PREFETCHES: 0 DROPPED PREFETCHES: 0
ITLB PREFETCHES SAME FILL-ORIGIN LEVEL: 0 DIFFERENT FILL-ORIGIN LEVEL: 0
ITLB AVERAGE MISS LATENCY: 24.0138 cycles
ITLB RQ	ACCESS:    4832356	FORWARD:          0	MERGED:     868869	TO_CACHE:    3963487

DTLB TOTAL     ACCESS:    6262563  HIT:    5940545  MISS:     322018  HIT %:     94.858  MISS %:    5.14195   MPKI: 12.8807
DTLB LOAD TRANSLATION ACCESS:    6262563  HIT:    5940545  MISS:     322018  HIT %:     94.858  MISS %:    5.14195   MPKI: 12.8807
DTLB PREFETCH  REQUESTED:          0  ISSUED:          0  USEFUL:          0  USELESS:          0
DTLB USEFUL LOAD PREFETCHES:          0 PREFETCH ISSUED TO LOWER LEVEL:          0  ACCURACY: -nan
DTLB TIMELY PREFETCHES:          0 LATE PREFETCHES: 0 DROPPED PREFETCHES: 0
DTLB PREFETCHES SAME FILL-ORIGIN LEVEL: 0 DIFFERENT FILL-ORIGIN LEVEL: 0
DTLB AVERAGE MISS LATENCY: 42.1039 cycles
DTLB RQ	ACCESS:    7717325	FORWARD:          0	MERGED:    1412083	TO_CACHE:    6305242

STLB TOTAL     ACCESS:     394041  HIT:     325874  MISS:      68167  HIT %:    82.7005  MISS %:    17.2995   MPKI: 2.72668
STLB LOAD TRANSLATION ACCESS:     394041  HIT:     325874  MISS:      68167  HIT %:    82.7005  MISS %:    17.2995   MPKI: 2.72668
STLB PREFETCH  REQUESTED:          0  ISSUED:          0  USEFUL:          0  USELESS:          0
STLB USEFUL LOAD PREFETCHES:          0 PREFETCH ISSUED TO LOWER LEVEL:          0  ACCURACY: -nan
STLB TIMELY PREFETCHES:          0 LATE PREFETCHES: 0 DROPPED PREFETCHES: 0
STLB PREFETCHES SAME FILL-ORIGIN LEVEL: 0 DIFFERENT FILL-ORIGIN LEVEL: 0
STLB AVERAGE MISS LATENCY: 171.531 cycles
STLB RQ	ACCESS:     394041	FORWARD:          0	MERGED:          0	TO_CACHE:     394041

STLB Hit, L1D data hit: 0
STLB Hit, L2C data hit: 0
STLB Hit, LLC data hit: 0
STLB Hit, LLC data miss: 0
STLB STLB hints to L2: 0
L1D TOTAL     ACCESS:    7393074  HIT:    6924727  MISS:     468347  HIT %:    93.6651  MISS %:    6.33494   MPKI: 18.7339
L1D LOAD      ACCESS:    4294168  HIT:    3955662  MISS:     338506  HIT %:    92.1171  MISS %:    7.88292   MPKI: 13.5402
L1D RFO       ACCESS:    3098906  HIT:    2969065  MISS:     129841  HIT %:    95.8101  MISS %:     4.1899   MPKI: 5.19364
L1D PREFETCH  REQUESTED:          0  ISSUED:          0  USEFUL:          0  USELESS:          0
L1D USEFUL LOAD PREFETCHES:          0 PREFETCH ISSUED TO LOWER LEVEL:          0  ACCURACY: -nan
L1D TIMELY PREFETCHES:          0 LATE PREFETCHES: 0 DROPPED PREFETCHES: 0
L1D PREFETCHES SAME FILL-ORIGIN LEVEL: 0 DIFFERENT FILL-ORIGIN LEVEL: 0
L1D AVERAGE MISS LATENCY: 104.328 cycles
L1D RQ	ACCESS:    5756972	FORWARD:          0	MERGED:    1312858	TO_CACHE:    4336592
L1D WQ	ACCESS:    3430198	FORWARD:     107522	MERGED:      49465	TO_CACHE:    3380733

L1D UNIQUE REGIONS ACCESSED: 0
L1D REGIONS CONFLICTS: 0
L1D Cross Page Prefetch Requests: 0
L1D Same Page Prefetch Requests: 0
L1D ROI Sum of L1D PQ occupancy: 0
L1D PREFETCHES PUSHED FROM L2C: 0
L1I TOTAL     ACCESS:    4379403  HIT:    3378817  MISS:    1000586  HIT %:    77.1525  MISS %:    22.8475   MPKI: 40.0234
L1I LOAD      ACCESS:    4379403  HIT:    3378817  MISS:    1000586  HIT %:    77.1525  MISS %:    22.8475   MPKI: 40.0234
L1I PREFETCH  REQUESTED:          0  ISSUED:          0  USEFUL:          0  USELESS:          0
L1I USEFUL LOAD PREFETCHES:          0 PREFETCH ISSUED TO LOWER LEVEL:          0  ACCURACY: -nan
L1I TIMELY PREFETCHES:          0 LATE PREFETCHES: 0 DROPPED PREFETCHES: 0
L1I PREFETCHES SAME FILL-ORIGIN LEVEL: 0 DIFFERENT FILL-ORIGIN LEVEL: 0
L1I AVERAGE MISS LATENCY: 38.1486 cycles
L1I RQ	ACCESS:    6615309	FORWARD:          0	MERGED:    1782953	TO_CACHE:    4832356

BTB TOTAL     ACCESS:    2374453  HIT:    1885269  MISS:     489184  HIT %:     79.398  MISS %:     20.602   MPKI: 19.5674
BTB BRANCH_DIRECT_JUMP	ACCESS:     382447  HIT:     266751  MISS:     115696
BTB BRANCH_INDIRECT	ACCESS:      26284  HIT:      15034  MISS:      11250
BTB BRANCH_CONDITIONAL	ACCESS:    1419497  HIT:    1339647  MISS:      79850
BTB BRANCH_DIRECT_CALL	ACCESS:     241009  HIT:     172489  MISS:      68520
BTB BRANCH_INDIRECT_CALL	ACCESS:      31642  HIT:      19335  MISS:      12307
BTB BRANCH_RETURN	ACCESS:     273154  HIT:      71753  MISS:     201401
BTB BRANCH_OTHER ACCESS:        420  HIT:        260  MISS:        160

L2C TOTAL     ACCESS:    1788531  HIT:    1002888  MISS:     785643  HIT %:    56.0733  MISS %:    43.9267   MPKI: 31.4257
L2C LOAD      ACCESS:    1339085  HIT:     732833  MISS:     606252  HIT %:    54.7264  MISS %:    45.2736   MPKI: 24.2501
L2C DATA LOAD MPKI: 8.96924
L2C INSTRUCTION LOAD MPKI: 15.2808
L2C RFO       ACCESS:     129840  HIT:      48929  MISS:      80911  HIT %:    37.6841  MISS %:    62.3159   MPKI: 3.23644
L2C WRITEBACK ACCESS:     206080  HIT:     166896  MISS:      39184  HIT %:     80.986  MISS %:     19.014   MPKI: 1.56736
L2C LOAD TRANSLATION ACCESS:     113526  HIT:      54230  MISS:      59296  HIT %:    47.7688  MISS %:    52.2312   MPKI: 2.37184
L2C PREFETCH  REQUESTED:          0  ISSUED:          0  USEFUL:          0  USELESS:          0
L2C USEFUL LOAD PREFETCHES:          0 PREFETCH ISSUED TO LOWER LEVEL:          0  ACCURACY: -nan
L2C TIMELY PREFETCHES:          0 LATE PREFETCHES: 0 DROPPED PREFETCHES: 0
L2C PREFETCHES SAME FILL-ORIGIN LEVEL: 0 DIFFERENT FILL-ORIGIN LEVEL: 0
L2C AVERAGE MISS LATENCY: 92.4298 cycles
L2C RQ	ACCESS:    1582459	FORWARD:          0	MERGED:          0	TO_CACHE:    1582451
L2C WQ	ACCESS:     206080	FORWARD:          8	MERGED:          0	TO_CACHE:     206080

L2C Instructions Evicting Data 139766
L2C Translations Evicting Data 28416
L2C Data Evicting Data 166291
L2C Instructions Evicting Instructions 215985
L2C Translations Evicting Instructions 25720
L2C Data Evicting Instructions 114187
L2C Instructions Evicting Translations 26270
L2C Translations Evicting Translations 5160
L2C Data Evicting Translations 24664
L2C Dense regions hint from L2: 0
PSCL5 TOTAL     ACCESS:      68167  HIT:      68167  MISS:          0  HIT %:        100  MISS %:          0   MPKI: 0
PSCL5 LOAD TRANSLATION ACCESS:      68167  HIT:      68167  MISS:          0  HIT %:        100  MISS %:          0   MPKI: 0
PSCL5 PREFETCH  REQUESTED:          0  ISSUED:          0  USEFUL:          0  USELESS:          0
PSCL5 USEFUL LOAD PREFETCHES:          0 PREFETCH ISSUED TO LOWER LEVEL:          0  ACCURACY: -nan
PSCL5 TIMELY PREFETCHES:          0 LATE PREFETCHES: 0 DROPPED PREFETCHES: 0
PSCL5 PREFETCHES SAME FILL-ORIGIN LEVEL: 0 DIFFERENT FILL-ORIGIN LEVEL: 0

PSCL4 TOTAL     ACCESS:      51529  HIT:      51157  MISS:        372  HIT %:    99.2781  MISS %:   0.721924   MPKI: 0.01488
PSCL4 LOAD TRANSLATION ACCESS:      51529  HIT:      51157  MISS:        372  HIT %:    99.2781  MISS %:   0.721924   MPKI: 0.01488
PSCL4 PREFETCH  REQUESTED:          0  ISSUED:          0  USEFUL:          0  USELESS:          0
PSCL4 USEFUL LOAD PREFETCHES:          0 PREFETCH ISSUED TO LOWER LEVEL:          0  ACCURACY: -nan
PSCL4 TIMELY PREFETCHES:          0 LATE PREFETCHES: 0 DROPPED PREFETCHES: 0
PSCL4 PREFETCHES SAME FILL-ORIGIN LEVEL: 0 DIFFERENT FILL-ORIGIN LEVEL: 0

PSCL3 TOTAL     ACCESS:      67927  HIT:      66546  MISS:       1381  HIT %:    97.9669  MISS %:    2.03306   MPKI: 0.05524
PSCL3 LOAD TRANSLATION ACCESS:      67927  HIT:      66546  MISS:       1381  HIT %:    97.9669  MISS %:    2.03306   MPKI: 0.05524
PSCL3 PREFETCH  REQUESTED:          0  ISSUED:          0  USEFUL:          0  USELESS:          0
PSCL3 USEFUL LOAD PREFETCHES:          0 PREFETCH ISSUED TO LOWER LEVEL:          0  ACCURACY: -nan
PSCL3 TIMELY PREFETCHES:          0 LATE PREFETCHES: 0 DROPPED PREFETCHES: 0
PSCL3 PREFETCHES SAME FILL-ORIGIN LEVEL: 0 DIFFERENT FILL-ORIGIN LEVEL: 0

PSCL2 TOTAL     ACCESS:      68167  HIT:      24212  MISS:      43955  HIT %:    35.5187  MISS %:    64.4813   MPKI: 1.7582
PSCL2 LOAD TRANSLATION ACCESS:      68167  HIT:      24212  MISS:      43955  HIT %:    35.5187  MISS %:    64.4813   MPKI: 1.7582
PSCL2 PREFETCH  REQUESTED:          0  ISSUED:          0  USEFUL:          0  USELESS:          0
PSCL2 USEFUL LOAD PREFETCHES:          0 PREFETCH ISSUED TO LOWER LEVEL:          0  ACCURACY: -nan
PSCL2 TIMELY PREFETCHES:          0 LATE PREFETCHES: 0 DROPPED PREFETCHES: 0
PSCL2 PREFETCHES SAME FILL-ORIGIN LEVEL: 0 DIFFERENT FILL-ORIGIN LEVEL: 0

LLC TOTAL     ACCESS:     875858  HIT:     567040  MISS:     308818  HIT %:    64.7411  MISS %:    35.2589   MPKI: 12.3527
LLC LOAD      ACCESS:     606250  HIT:     398335  MISS:     207915  HIT %:    65.7047  MISS %:    34.2953   MPKI: 8.3166
LLC RFO       ACCESS:      80911  HIT:      10440  MISS:      70471  HIT %:    12.9031  MISS %:    87.0969   MPKI: 2.81884
LLC WRITEBACK ACCESS:     129401  HIT:     128596  MISS:        805  HIT %:    99.3779  MISS %:   0.622097   MPKI: 0.0322
LLC LOAD TRANSLATION ACCESS:      59296  HIT:      29669  MISS:      29627  HIT %:    50.0354  MISS %:    49.9646   MPKI: 1.18508
LLC PREFETCH  REQUESTED:          0  ISSUED:          0  USEFUL:          0  USELESS:          0
LLC USEFUL LOAD PREFETCHES:          0 PREFETCH ISSUED TO LOWER LEVEL:          0  ACCURACY: -nan
LLC TIMELY PREFETCHES:          0 LATE PREFETCHES: 0 DROPPED PREFETCHES: 0
LLC PREFETCHES SAME FILL-ORIGIN LEVEL: 0 DIFFERENT FILL-ORIGIN LEVEL: 0
LLC AVERAGE MISS LATENCY: 161.774 cycles
LLC RQ	ACCESS:     746459	FORWARD:          0	MERGED:          0	TO_CACHE:     746457
LLC WQ	ACCESS:     129401	FORWARD:          2	MERGED:          0	TO_CACHE:     129401

LLC Dense regions hint to LLC: 0

RAW hits: 201101
Loads Generated: 5958075
Loads sent to L1D: 5756972
Stores Generated: 3430196
Stores sent to L1D: 3430198
Major fault: 0 Minor fault: 45010
Allocated PAGES: 45010

DRAM Statistics
 CHANNEL 0
 RQ ROW_BUFFER_HIT:      40920  ROW_BUFFER_MISS:     267093
 DBUS_CONGESTED:        112
 WQ ROW_BUFFER_HIT:      33815  ROW_BUFFER_MISS:      75030  FULL:          0

 AVG_CONGESTED_CYCLE: 4
 All warmup complete: 2
Channel 0 Bank busy for read cycles: 0
Channel 0 Bank busy for write cycles: 0
Channel 0
Rank 0
0banks busy for read cycles: 52622239
0banks busy for write cycles: 46345
1banks busy for read cycles: 24180879
1banks busy for write cycles: 8052423
2banks busy for read cycles: 5359694
2banks busy for write cycles: 3088084
3banks busy for read cycles: 1278088
3banks busy for write cycles: 1328259
4banks busy for read cycles: 383064
4banks busy for write cycles: 685784
5banks busy for read cycles: 148131
5banks busy for write cycles: 381071
6banks busy for read cycles: 69526
6banks busy for write cycles: 230605
7banks busy for read cycles: 30398
7banks busy for write cycles: 137040
8banks busy for read cycles: 59592
8banks busy for write cycles: 111873

CPU 0 Branch Prediction Accuracy: 96.8224% MPKI: 6.31212 Average ROB Occupancy at Mispredict: 12.6674
Branch types
NOT_BRANCH: 20033560 80.1342%
BRANCH_DIRECT_JUMP: 382447 1.52979%
BRANCH_INDIRECT: 26284 0.105136%
BRANCH_CONDITIONAL: 4011162 16.0446%
BRANCH_DIRECT_CALL: 241009 0.964036%
BRANCH_INDIRECT_CALL: 31642 0.126568%
BRANCH_RETURN: 273154 1.09262%
BRANCH_OTHER: 420 0.00168%

DRAM PAGES: 1048576
Allocated PAGES: 45010
