
*** ChampSim Multicore Out-of-Order Simulator ***

Warmup Instructions: 25000000
Simulation Instructions: 25000000
Number of CPUs: 1
LLC sets: 2048
LLC ways: 16
Off-chip DRAM Size: 4096 MB Channels: 1 Width: 64-bit Data Rate: 6400 MT/s
CPU 0 runs ../traces/Trace2.gz
.gz
BTB has LRU replacement policy
ITLB has LRU replacement policy
DTLB has LRU replacement policy
STLB has LRU replacement policy
L1I has LRU replacement policy
L1D has LRU replacement policy
Initialize IRRIP state for L2C
LLC has LRU replacement policy
Heartbeat CPU 0 instructions: 10000000 cycles: 2974447 heartbeat IPC: 3.36197 cumulative IPC: 3.36197 (Simulation time: 0 hr 0 min 31 sec) 
Heartbeat CPU 0 instructions: 20000001 cycles: 5829471 heartbeat IPC: 3.5026 cumulative IPC: 3.43084 (Simulation time: 0 hr 1 min 3 sec) 

Warmup complete CPU 0 instructions: 25000002 cycles: 7249068 (Simulation time: 0 hr 1 min 16 sec) 

Heartbeat CPU 0 instructions: 30000000 cycles: 26661199 heartbeat IPC: 0.480037 cumulative IPC: 0.257571 (Simulation time: 0 hr 1 min 35 sec) 
Heartbeat CPU 0 instructions: 40000002 cycles: 60669818 heartbeat IPC: 0.294043 cumulative IPC: 0.28079 (Simulation time: 0 hr 2 min 2 sec) 
Heartbeat CPU 0 instructions: 50000000 cycles: 105618848 heartbeat IPC: 0.222474 cumulative IPC: 0.254143 (Simulation time: 0 hr 2 min 27 sec) 
Finished CPU 0 instructions: 25000001 cycles: 98369781 cumulative IPC: 0.254143 (Simulation time: 0 hr 2 min 27 sec) 

ChampSim completed all CPUs

Region of Interest Statistics

CPU 0 cumulative IPC: 0.254143 instructions: 25000001 cycles: 98369781
ITLB TOTAL     ACCESS:    3951191  HIT:    3879168  MISS:      72023  HIT %:    98.1772  MISS %:    1.82282   MPKI: 2.88092
ITLB LOAD TRANSLATION ACCESS:    3951191  HIT:    3879168  MISS:      72023  HIT %:    98.1772  MISS %:    1.82282   MPKI: 2.88092
ITLB PREFETCH  REQUESTED:          0  ISSUED:          0  USEFUL:          0  USELESS:          0
ITLB USEFUL LOAD PREFETCHES:          0 PREFETCH ISSUED TO LOWER LEVEL:          0  ACCURACY: -nan
ITLB TIMELY PREFETCHES:          0 LATE PREFETCHES: 0 DROPPED PREFETCHES: 0
ITLB PREFETCHES SAME FILL-ORIGIN LEVEL: 0 DIFFERENT FILL-ORIGIN LEVEL: 0
ITLB AVERAGE MISS LATENCY: 24.0092 cycles
ITLB RQ	ACCESS:    4832438	FORWARD:          0	MERGED:     868791	TO_CACHE:    3963647

DTLB TOTAL     ACCESS:    6265651  HIT:    5943628  MISS:     322023  HIT %:    94.8605  MISS %:     5.1395   MPKI: 12.8809
DTLB LOAD TRANSLATION ACCESS:    6265651  HIT:    5943628  MISS:     322023  HIT %:    94.8605  MISS %:     5.1395   MPKI: 12.8809
DTLB PREFETCH  REQUESTED:          0  ISSUED:          0  USEFUL:          0  USELESS:          0
DTLB USEFUL LOAD PREFETCHES:          0 PREFETCH ISSUED TO LOWER LEVEL:          0  ACCURACY: -nan
DTLB TIMELY PREFETCHES:          0 LATE PREFETCHES: 0 DROPPED PREFETCHES: 0
DTLB PREFETCHES SAME FILL-ORIGIN LEVEL: 0 DIFFERENT FILL-ORIGIN LEVEL: 0
DTLB AVERAGE MISS LATENCY: 42.0629 cycles
DTLB RQ	ACCESS:    7719467	FORWARD:          0	MERGED:    1411309	TO_CACHE:    6308158

STLB TOTAL     ACCESS:     394046  HIT:     325878  MISS:      68168  HIT %:    82.7005  MISS %:    17.2995   MPKI: 2.72672
STLB LOAD TRANSLATION ACCESS:     394046  HIT:     325878  MISS:      68168  HIT %:    82.7005  MISS %:    17.2995   MPKI: 2.72672
STLB PREFETCH  REQUESTED:          0  ISSUED:          0  USEFUL:          0  USELESS:          0
STLB USEFUL LOAD PREFETCHES:          0 PREFETCH ISSUED TO LOWER LEVEL:          0  ACCURACY: -nan
STLB TIMELY PREFETCHES:          0 LATE PREFETCHES: 0 DROPPED PREFETCHES: 0
STLB PREFETCHES SAME FILL-ORIGIN LEVEL: 0 DIFFERENT FILL-ORIGIN LEVEL: 0
STLB AVERAGE MISS LATENCY: 171.336 cycles
STLB RQ	ACCESS:     394046	FORWARD:          0	MERGED:          0	TO_CACHE:     394046

STLB Hit, L1D data hit: 0
STLB Hit, L2C data hit: 0
STLB Hit, LLC data hit: 0
STLB Hit, LLC data miss: 0
STLB STLB hints to L2: 0
L1D TOTAL     ACCESS:    7395697  HIT:    6927350  MISS:     468347  HIT %:    93.6673  MISS %:     6.3327   MPKI: 18.7339
L1D LOAD      ACCESS:    4296291  HIT:    3957785  MISS:     338506  HIT %:     92.121  MISS %:    7.87903   MPKI: 13.5402
L1D RFO       ACCESS:    3099406  HIT:    2969565  MISS:     129841  HIT %:    95.8108  MISS %:    4.18922   MPKI: 5.19364
L1D PREFETCH  REQUESTED:          0  ISSUED:          0  USEFUL:          0  USELESS:          0
L1D USEFUL LOAD PREFETCHES:          0 PREFETCH ISSUED TO LOWER LEVEL:          0  ACCURACY: -nan
L1D TIMELY PREFETCHES:          0 LATE PREFETCHES: 0 DROPPED PREFETCHES: 0
L1D PREFETCHES SAME FILL-ORIGIN LEVEL: 0 DIFFERENT FILL-ORIGIN LEVEL: 0
L1D AVERAGE MISS LATENCY: 104.281 cycles
L1D RQ	ACCESS:    5757892	FORWARD:          0	MERGED:    1311977	TO_CACHE:    4338605
L1D WQ	ACCESS:    3430198	FORWARD:     107310	MERGED:      49336	TO_CACHE:    3380862

L1D UNIQUE REGIONS ACCESSED: 0
L1D REGIONS CONFLICTS: 0
L1D Cross Page Prefetch Requests: 0
L1D Same Page Prefetch Requests: 0
L1D ROI Sum of L1D PQ occupancy: 0
L1D PREFETCHES PUSHED FROM L2C: 0
L1I TOTAL     ACCESS:    4379845  HIT:    3379259  MISS:    1000586  HIT %:    77.1548  MISS %:    22.8452   MPKI: 40.0234
L1I LOAD      ACCESS:    4379845  HIT:    3379259  MISS:    1000586  HIT %:    77.1548  MISS %:    22.8452   MPKI: 40.0234
L1I PREFETCH  REQUESTED:          0  ISSUED:          0  USEFUL:          0  USELESS:          0
L1I USEFUL LOAD PREFETCHES:          0 PREFETCH ISSUED TO LOWER LEVEL:          0  ACCURACY: -nan
L1I TIMELY PREFETCHES:          0 LATE PREFETCHES: 0 DROPPED PREFETCHES: 0
L1I PREFETCHES SAME FILL-ORIGIN LEVEL: 0 DIFFERENT FILL-ORIGIN LEVEL: 0
L1I AVERAGE MISS LATENCY: 38.4141 cycles
L1I RQ	ACCESS:    6615322	FORWARD:          0	MERGED:    1782884	TO_CACHE:    4832438

BTB TOTAL     ACCESS:    2374453  HIT:    1885269  MISS:     489184  HIT %:     79.398  MISS %:     20.602   MPKI: 19.5674
BTB BRANCH_DIRECT_JUMP	ACCESS:     382447  HIT:     266751  MISS:     115696
BTB BRANCH_INDIRECT	ACCESS:      26284  HIT:      15034  MISS:      11250
BTB BRANCH_CONDITIONAL	ACCESS:    1419497  HIT:    1339647  MISS:      79850
BTB BRANCH_DIRECT_CALL	ACCESS:     241009  HIT:     172489  MISS:      68520
BTB BRANCH_INDIRECT_CALL	ACCESS:      31642  HIT:      19335  MISS:      12307
BTB BRANCH_RETURN	ACCESS:     273154  HIT:      71753  MISS:     201401
BTB BRANCH_OTHER ACCESS:        420  HIT:        260  MISS:        160

L2C TOTAL     ACCESS:    1788536  HIT:     996209  MISS:     792327  HIT %:    55.6997  MISS %:    44.3003   MPKI: 31.6931
L2C LOAD      ACCESS:    1339086  HIT:     724276  MISS:     614810  HIT %:    54.0873  MISS %:    45.9127   MPKI: 24.5924
L2C DATA LOAD MPKI: 8.93448
L2C INSTRUCTION LOAD MPKI: 15.6579
L2C RFO       ACCESS:     129840  HIT:      49262  MISS:      80578  HIT %:    37.9405  MISS %:    62.0595   MPKI: 3.22312
L2C WRITEBACK ACCESS:     206080  HIT:     168164  MISS:      37916  HIT %:    81.6013  MISS %:    18.3987   MPKI: 1.51664
L2C LOAD TRANSLATION ACCESS:     113530  HIT:      54507  MISS:      59023  HIT %:    48.0111  MISS %:    51.9889   MPKI: 2.36092
L2C PREFETCH  REQUESTED:          0  ISSUED:          0  USEFUL:          0  USELESS:          0
L2C USEFUL LOAD PREFETCHES:          0 PREFETCH ISSUED TO LOWER LEVEL:          0  ACCURACY: -nan
L2C TIMELY PREFETCHES:          0 LATE PREFETCHES: 0 DROPPED PREFETCHES: 0
L2C PREFETCHES SAME FILL-ORIGIN LEVEL: 0 DIFFERENT FILL-ORIGIN LEVEL: 0
L2C AVERAGE MISS LATENCY: 91.9459 cycles
L2C RQ	ACCESS:    1582463	FORWARD:          0	MERGED:          0	TO_CACHE:    1582456
L2C WQ	ACCESS:     206080	FORWARD:          7	MERGED:          0	TO_CACHE:     206080

L2C Instructions Evicting Data 140524
L2C Translations Evicting Data 28052
L2C Data Evicting Data 163987
L2C Instructions Evicting Instructions 224529
L2C Translations Evicting Instructions 25853
L2C Data Evicting Instructions 115543
L2C Instructions Evicting Translations 26395
L2C Translations Evicting Translations 5118
L2C Data Evicting Translations 24410
L2C Dense regions hint from L2: 0
PSCL5 TOTAL     ACCESS:      68168  HIT:      68168  MISS:          0  HIT %:        100  MISS %:          0   MPKI: 0
PSCL5 LOAD TRANSLATION ACCESS:      68168  HIT:      68168  MISS:          0  HIT %:        100  MISS %:          0   MPKI: 0
PSCL5 PREFETCH  REQUESTED:          0  ISSUED:          0  USEFUL:          0  USELESS:          0
PSCL5 USEFUL LOAD PREFETCHES:          0 PREFETCH ISSUED TO LOWER LEVEL:          0  ACCURACY: -nan
PSCL5 TIMELY PREFETCHES:          0 LATE PREFETCHES: 0 DROPPED PREFETCHES: 0
PSCL5 PREFETCHES SAME FILL-ORIGIN LEVEL: 0 DIFFERENT FILL-ORIGIN LEVEL: 0

PSCL4 TOTAL     ACCESS:      51529  HIT:      51157  MISS:        372  HIT %:    99.2781  MISS %:   0.721924   MPKI: 0.01488
PSCL4 LOAD TRANSLATION ACCESS:      51529  HIT:      51157  MISS:        372  HIT %:    99.2781  MISS %:   0.721924   MPKI: 0.01488
PSCL4 PREFETCH  REQUESTED:          0  ISSUED:          0  USEFUL:          0  USELESS:          0
PSCL4 USEFUL LOAD PREFETCHES:          0 PREFETCH ISSUED TO LOWER LEVEL:          0  ACCURACY: -nan
PSCL4 TIMELY PREFETCHES:          0 LATE PREFETCHES: 0 DROPPED PREFETCHES: 0
PSCL4 PREFETCHES SAME FILL-ORIGIN LEVEL: 0 DIFFERENT FILL-ORIGIN LEVEL: 0

PSCL3 TOTAL     ACCESS:      67927  HIT:      66546  MISS:       1381  HIT %:    97.9669  MISS %:    2.03306   MPKI: 0.05524
PSCL3 LOAD TRANSLATION ACCESS:      67927  HIT:      66546  MISS:       1381  HIT %:    97.9669  MISS %:    2.03306   MPKI: 0.05524
PSCL3 PREFETCH  REQUESTED:          0  ISSUED:          0  USEFUL:          0  USELESS:          0
PSCL3 USEFUL LOAD PREFETCHES:          0 PREFETCH ISSUED TO LOWER LEVEL:          0  ACCURACY: -nan
PSCL3 TIMELY PREFETCHES:          0 LATE PREFETCHES: 0 DROPPED PREFETCHES: 0
PSCL3 PREFETCHES SAME FILL-ORIGIN LEVEL: 0 DIFFERENT FILL-ORIGIN LEVEL: 0

PSCL2 TOTAL     ACCESS:      68168  HIT:      24210  MISS:      43958  HIT %:    35.5152  MISS %:    64.4848   MPKI: 1.75832
PSCL2 LOAD TRANSLATION ACCESS:      68168  HIT:      24210  MISS:      43958  HIT %:    35.5152  MISS %:    64.4848   MPKI: 1.75832
PSCL2 PREFETCH  REQUESTED:          0  ISSUED:          0  USEFUL:          0  USELESS:          0
PSCL2 USEFUL LOAD PREFETCHES:          0 PREFETCH ISSUED TO LOWER LEVEL:          0  ACCURACY: -nan
PSCL2 TIMELY PREFETCHES:          0 LATE PREFETCHES: 0 DROPPED PREFETCHES: 0
PSCL2 PREFETCHES SAME FILL-ORIGIN LEVEL: 0 DIFFERENT FILL-ORIGIN LEVEL: 0

LLC TOTAL     ACCESS:     882961  HIT:     574190  MISS:     308771  HIT %:    65.0301  MISS %:    34.9699   MPKI: 12.3508
LLC LOAD      ACCESS:     614809  HIT:     406980  MISS:     207829  HIT %:    66.1962  MISS %:    33.8038   MPKI: 8.31316
LLC RFO       ACCESS:      80577  HIT:      10099  MISS:      70478  HIT %:    12.5334  MISS %:    87.4666   MPKI: 2.81912
LLC WRITEBACK ACCESS:     128552  HIT:     127717  MISS:        835  HIT %:    99.3505  MISS %:   0.649543   MPKI: 0.0334
LLC LOAD TRANSLATION ACCESS:      59023  HIT:      29394  MISS:      29629  HIT %:    49.8009  MISS %:    50.1991   MPKI: 1.18516
LLC PREFETCH  REQUESTED:          0  ISSUED:          0  USEFUL:          0  USELESS:          0
LLC USEFUL LOAD PREFETCHES:          0 PREFETCH ISSUED TO LOWER LEVEL:          0  ACCURACY: -nan
LLC TIMELY PREFETCHES:          0 LATE PREFETCHES: 0 DROPPED PREFETCHES: 0
LLC PREFETCHES SAME FILL-ORIGIN LEVEL: 0 DIFFERENT FILL-ORIGIN LEVEL: 0
LLC AVERAGE MISS LATENCY: 161.794 cycles
LLC RQ	ACCESS:     754411	FORWARD:          0	MERGED:          0	TO_CACHE:     754409
LLC WQ	ACCESS:     128552	FORWARD:          2	MERGED:          0	TO_CACHE:     128552

LLC Dense regions hint to LLC: 0

RAW hits: 200181
Loads Generated: 5958075
Loads sent to L1D: 5757892
Stores Generated: 3430196
Stores sent to L1D: 3430198
Major fault: 0 Minor fault: 45010
Allocated PAGES: 45010

DRAM Statistics
 CHANNEL 0
 RQ ROW_BUFFER_HIT:      40944  ROW_BUFFER_MISS:     266992
 DBUS_CONGESTED:        123
 WQ ROW_BUFFER_HIT:      33686  ROW_BUFFER_MISS:      75153  FULL:          0

 AVG_CONGESTED_CYCLE: 4
 All warmup complete: 2
Channel 0 Bank busy for read cycles: 0
Channel 0 Bank busy for write cycles: 0
Channel 0
Rank 0
0banks busy for read cycles: 52812461
0banks busy for write cycles: 46320
1banks busy for read cycles: 24180225
1banks busy for write cycles: 8045902
2banks busy for read cycles: 5354201
2banks busy for write cycles: 3085659
3banks busy for read cycles: 1279278
3banks busy for write cycles: 1329867
4banks busy for read cycles: 382775
4banks busy for write cycles: 687927
5banks busy for read cycles: 147568
5banks busy for write cycles: 382228
6banks busy for read cycles: 69465
6banks busy for write cycles: 225465
7banks busy for read cycles: 30756
7banks busy for write cycles: 135958
8banks busy for read cycles: 59420
8banks busy for write cycles: 114307

CPU 0 Branch Prediction Accuracy: 96.8224% MPKI: 6.31212 Average ROB Occupancy at Mispredict: 12.6592
Branch types
NOT_BRANCH: 20033560 80.1342%
BRANCH_DIRECT_JUMP: 382447 1.52979%
BRANCH_INDIRECT: 26284 0.105136%
BRANCH_CONDITIONAL: 4011162 16.0446%
BRANCH_DIRECT_CALL: 241009 0.964036%
BRANCH_INDIRECT_CALL: 31642 0.126568%
BRANCH_RETURN: 273154 1.09262%
BRANCH_OTHER: 420 0.00168%

DRAM PAGES: 1048576
Allocated PAGES: 45010
