
*** ChampSim Multicore Out-of-Order Simulator ***

Warmup Instructions: 25000000
Simulation Instructions: 25000000
Number of CPUs: 1
LLC sets: 2048
LLC ways: 16
Off-chip DRAM Size: 4096 MB Channels: 1 Width: 64-bit Data Rate: 6400 MT/s
CPU 0 runs ../traces/Trace1.gz
.gz
BTB has LRU replacement policy
ITLB has LRU replacement policy
DTLB has LRU replacement policy
STLB has LRU replacement policy
L1I has LRU replacement policy
L1D has LRU replacement policy
Initialize IRRIP state for L2C
LLC has LRU replacement policy
Heartbeat CPU 0 instructions: 10000002 cycles: 2953968 heartbeat IPC: 3.38528 cumulative IPC: 3.38528 (Simulation time: 0 hr 0 min 31 sec) 
Heartbeat CPU 0 instructions: 20000001 cycles: 5915760 heartbeat IPC: 3.37633 cumulative IPC: 3.3808 (Simulation time: 0 hr 1 min 2 sec) 

Warmup complete CPU 0 instructions: 25000004 cycles: 7350354 (Simulation time: 0 hr 1 min 14 sec) 

Heartbeat CPU 0 instructions: 30000003 cycles: 31283791 heartbeat IPC: 0.394197 cumulative IPC: 0.208913 (Simulation time: 0 hr 1 min 36 sec) 
Heartbeat CPU 0 instructions: 40000002 cycles: 71775547 heartbeat IPC: 0.246964 cumulative IPC: 0.232828 (Simulation time: 0 hr 2 min 16 sec) 
Heartbeat CPU 0 instructions: 50000000 cycles: 115120233 heartbeat IPC: 0.230709 cumulative IPC: 0.231976 (Simulation time: 0 hr 2 min 59 sec) 
Finished CPU 0 instructions: 25000000 cycles: 107769883 cumulative IPC: 0.231976 (Simulation time: 0 hr 2 min 59 sec) 

ChampSim completed all CPUs

Region of Interest Statistics

CPU 0 cumulative IPC: 0.231976 instructions: 25000000 cycles: 107769883
ITLB TOTAL     ACCESS:    3638841  HIT:    3617432  MISS:      21409  HIT %:    99.4117  MISS %:   0.588347   MPKI: 0.85636
ITLB LOAD TRANSLATION ACCESS:    3638841  HIT:    3617432  MISS:      21409  HIT %:    99.4117  MISS %:   0.588347   MPKI: 0.85636
ITLB PREFETCH  REQUESTED:          0  ISSUED:          0  USEFUL:          0  USELESS:          0
ITLB USEFUL LOAD PREFETCHES:          0 PREFETCH ISSUED TO LOWER LEVEL:          0  ACCURACY: -nan
ITLB TIMELY PREFETCHES:          0 LATE PREFETCHES: 0 DROPPED PREFETCHES: 0
ITLB PREFETCHES SAME FILL-ORIGIN LEVEL: 0 DIFFERENT FILL-ORIGIN LEVEL: 0
ITLB AVERAGE MISS LATENCY: 42.2622 cycles
ITLB RQ	ACCESS:    4549938	FORWARD:          0	MERGED:     907964	TO_CACHE:    3641974

DTLB TOTAL     ACCESS:    5918655  HIT:    5725683  MISS:     192972  HIT %:    96.7396  MISS %:     3.2604   MPKI: 7.71888
DTLB LOAD TRANSLATION ACCESS:    5918655  HIT:    5725683  MISS:     192972  HIT %:    96.7396  MISS %:     3.2604   MPKI: 7.71888
DTLB PREFETCH  REQUESTED:          0  ISSUED:          0  USEFUL:          0  USELESS:          0
DTLB USEFUL LOAD PREFETCHES:          0 PREFETCH ISSUED TO LOWER LEVEL:          0  ACCURACY: -nan
DTLB TIMELY PREFETCHES:          0 LATE PREFETCHES: 0 DROPPED PREFETCHES: 0
DTLB PREFETCHES SAME FILL-ORIGIN LEVEL: 0 DIFFERENT FILL-ORIGIN LEVEL: 0
DTLB AVERAGE MISS LATENCY: 79.4509 cycles
DTLB RQ	ACCESS:    7323167	FORWARD:          0	MERGED:    1367231	TO_CACHE:    5955936

STLB TOTAL     ACCESS:     214381  HIT:     143003  MISS:      71378  HIT %:    66.7051  MISS %:    33.2949   MPKI: 2.85512
STLB LOAD TRANSLATION ACCESS:     214381  HIT:     143003  MISS:      71378  HIT %:    66.7051  MISS %:    33.2949   MPKI: 2.85512
STLB PREFETCH  REQUESTED:          0  ISSUED:          0  USEFUL:          0  USELESS:          0
STLB USEFUL LOAD PREFETCHES:          0 PREFETCH ISSUED TO LOWER LEVEL:          0  ACCURACY: -nan
STLB TIMELY PREFETCHES:          0 LATE PREFETCHES: 0 DROPPED PREFETCHES: 0
STLB PREFETCHES SAME FILL-ORIGIN LEVEL: 0 DIFFERENT FILL-ORIGIN LEVEL: 0
STLB AVERAGE MISS LATENCY: 200.002 cycles
STLB RQ	ACCESS:     214381	FORWARD:          0	MERGED:          0	TO_CACHE:     214381

STLB Hit, L1D data hit: 0
STLB Hit, L2C data hit: 0
STLB Hit, LLC data hit: 0
STLB Hit, LLC data miss: 0
STLB STLB hints to L2: 0
L1D TOTAL     ACCESS:    7038287  HIT:    6658903  MISS:     379384  HIT %:    94.6097  MISS %:    5.39029   MPKI: 15.1754
L1D LOAD      ACCESS:    4276566  HIT:    4009604  MISS:     266962  HIT %:    93.7576  MISS %:    6.24244   MPKI: 10.6785
L1D RFO       ACCESS:    2761721  HIT:    2649299  MISS:     112422  HIT %:    95.9293  MISS %:    4.07072   MPKI: 4.49688
L1D PREFETCH  REQUESTED:          0  ISSUED:          0  USEFUL:          0  USELESS:          0
L1D USEFUL LOAD PREFETCHES:          0 PREFETCH ISSUED TO LOWER LEVEL:          0  ACCURACY: -nan
L1D TIMELY PREFETCHES:          0 LATE PREFETCHES: 0 DROPPED PREFETCHES: 0
L1D PREFETCHES SAME FILL-ORIGIN LEVEL: 0 DIFFERENT FILL-ORIGIN LEVEL: 0
L1D AVERAGE MISS LATENCY: 125.015 cycles
L1D RQ	ACCESS:    5844244	FORWARD:          0	MERGED:    1450150	TO_CACHE:    4317108
L1D WQ	ACCESS:    3047624	FORWARD:      76986	MERGED:      41565	TO_CACHE:    3006059

L1D UNIQUE REGIONS ACCESSED: 0
L1D REGIONS CONFLICTS: 0
L1D Cross Page Prefetch Requests: 0
L1D Same Page Prefetch Requests: 0
L1D ROI Sum of L1D PQ occupancy: 0
L1D PREFETCHES PUSHED FROM L2C: 0
L1I TOTAL     ACCESS:    4397233  HIT:    4035123  MISS:     362110  HIT %:     91.765  MISS %:    8.23495   MPKI: 14.4844
L1I LOAD      ACCESS:    4397233  HIT:    4035123  MISS:     362110  HIT %:     91.765  MISS %:    8.23495   MPKI: 14.4844
L1I PREFETCH  REQUESTED:          0  ISSUED:          0  USEFUL:          0  USELESS:          0
L1I USEFUL LOAD PREFETCHES:          0 PREFETCH ISSUED TO LOWER LEVEL:          0  ACCURACY: -nan
L1I TIMELY PREFETCHES:          0 LATE PREFETCHES: 0 DROPPED PREFETCHES: 0
L1I PREFETCHES SAME FILL-ORIGIN LEVEL: 0 DIFFERENT FILL-ORIGIN LEVEL: 0
L1I AVERAGE MISS LATENCY: 109.85 cycles
L1I RQ	ACCESS:    6255271	FORWARD:          0	MERGED:    1705333	TO_CACHE:    4549938

BTB TOTAL     ACCESS:    2029937  HIT:    1730538  MISS:     299399  HIT %:    85.2508  MISS %:    14.7492   MPKI: 11.976
BTB BRANCH_DIRECT_JUMP	ACCESS:     126163  HIT:     102446  MISS:      23717
BTB BRANCH_INDIRECT	ACCESS:      45810  HIT:      28349  MISS:      17461
BTB BRANCH_CONDITIONAL	ACCESS:    1410836  HIT:    1350768  MISS:      60068
BTB BRANCH_DIRECT_CALL	ACCESS:     192147  HIT:     136830  MISS:      55317
BTB BRANCH_INDIRECT_CALL	ACCESS:      31367  HIT:      17496  MISS:      13871
BTB BRANCH_RETURN	ACCESS:     223607  HIT:      94649  MISS:     128958
BTB BRANCH_OTHER ACCESS:          7  HIT:          0  MISS:          7

L2C TOTAL     ACCESS:    1014334  HIT:     402462  MISS:     611872  HIT %:    39.6775  MISS %:    60.3225   MPKI: 24.4749
L2C LOAD      ACCESS:     629069  HIT:     186228  MISS:     442841  HIT %:    29.6037  MISS %:    70.3963   MPKI: 17.7136
L2C DATA LOAD MPKI: 7.3952
L2C INSTRUCTION LOAD MPKI: 10.3184
L2C RFO       ACCESS:     112421  HIT:      17609  MISS:      94812  HIT %:    15.6634  MISS %:    84.3366   MPKI: 3.79248
L2C WRITEBACK ACCESS:     155216  HIT:     137754  MISS:      17462  HIT %:    88.7499  MISS %:    11.2501   MPKI: 0.69848
L2C LOAD TRANSLATION ACCESS:     117628  HIT:      60871  MISS:      56757  HIT %:    51.7487  MISS %:    48.2513   MPKI: 2.27028
L2C PREFETCH  REQUESTED:          0  ISSUED:          0  USEFUL:          0  USELESS:          0
L2C USEFUL LOAD PREFETCHES:          0 PREFETCH ISSUED TO LOWER LEVEL:          0  ACCURACY: -nan
L2C TIMELY PREFETCHES:          0 LATE PREFETCHES: 0 DROPPED PREFETCHES: 0
L2C PREFETCHES SAME FILL-ORIGIN LEVEL: 0 DIFFERENT FILL-ORIGIN LEVEL: 0
L2C AVERAGE MISS LATENCY: 137.229 cycles
L2C RQ	ACCESS:     859122	FORWARD:          0	MERGED:          0	TO_CACHE:     859118
L2C WQ	ACCESS:     155216	FORWARD:          4	MERGED:          0	TO_CACHE:     155216

L2C Instructions Evicting Data 123265
L2C Translations Evicting Data 27887
L2C Data Evicting Data 137049
L2C Instructions Evicting Instructions 111401
L2C Translations Evicting Instructions 23670
L2C Data Evicting Instructions 115852
L2C Instructions Evicting Translations 23295
L2C Translations Evicting Translations 5200
L2C Data Evicting Translations 26791
L2C Dense regions hint from L2: 0
PSCL5 TOTAL     ACCESS:      71378  HIT:      71378  MISS:          0  HIT %:        100  MISS %:          0   MPKI: 0
PSCL5 LOAD TRANSLATION ACCESS:      71378  HIT:      71378  MISS:          0  HIT %:        100  MISS %:          0   MPKI: 0
PSCL5 PREFETCH  REQUESTED:          0  ISSUED:          0  USEFUL:          0  USELESS:          0
PSCL5 USEFUL LOAD PREFETCHES:          0 PREFETCH ISSUED TO LOWER LEVEL:          0  ACCURACY: -nan
PSCL5 TIMELY PREFETCHES:          0 LATE PREFETCHES: 0 DROPPED PREFETCHES: 0
PSCL5 PREFETCHES SAME FILL-ORIGIN LEVEL: 0 DIFFERENT FILL-ORIGIN LEVEL: 0

PSCL4 TOTAL     ACCESS:      70574  HIT:      70378  MISS:        196  HIT %:    99.7223  MISS %:   0.277723   MPKI: 0.00784
PSCL4 LOAD TRANSLATION ACCESS:      70574  HIT:      70378  MISS:        196  HIT %:    99.7223  MISS %:   0.277723   MPKI: 0.00784
PSCL4 PREFETCH  REQUESTED:          0  ISSUED:          0  USEFUL:          0  USELESS:          0
PSCL4 USEFUL LOAD PREFETCHES:          0 PREFETCH ISSUED TO LOWER LEVEL:          0  ACCURACY: -nan
PSCL4 TIMELY PREFETCHES:          0 LATE PREFETCHES: 0 DROPPED PREFETCHES: 0
PSCL4 PREFETCHES SAME FILL-ORIGIN LEVEL: 0 DIFFERENT FILL-ORIGIN LEVEL: 0

PSCL3 TOTAL     ACCESS:      69937  HIT:      65828  MISS:       4109  HIT %:    94.1247  MISS %:    5.87529   MPKI: 0.16436
PSCL3 LOAD TRANSLATION ACCESS:      69937  HIT:      65828  MISS:       4109  HIT %:    94.1247  MISS %:    5.87529   MPKI: 0.16436
PSCL3 PREFETCH  REQUESTED:          0  ISSUED:          0  USEFUL:          0  USELESS:          0
PSCL3 USEFUL LOAD PREFETCHES:          0 PREFETCH ISSUED TO LOWER LEVEL:          0  ACCURACY: -nan
PSCL3 TIMELY PREFETCHES:          0 LATE PREFETCHES: 0 DROPPED PREFETCHES: 0
PSCL3 PREFETCHES SAME FILL-ORIGIN LEVEL: 0 DIFFERENT FILL-ORIGIN LEVEL: 0

PSCL2 TOTAL     ACCESS:      71378  HIT:      29165  MISS:      42213  HIT %:    40.8599  MISS %:    59.1401   MPKI: 1.68852
PSCL2 LOAD TRANSLATION ACCESS:      71378  HIT:      29165  MISS:      42213  HIT %:    40.8599  MISS %:    59.1401   MPKI: 1.68852
PSCL2 PREFETCH  REQUESTED:          0  ISSUED:          0  USEFUL:          0  USELESS:          0
PSCL2 USEFUL LOAD PREFETCHES:          0 PREFETCH ISSUED TO LOWER LEVEL:          0  ACCURACY: -nan
PSCL2 TIMELY PREFETCHES:          0 LATE PREFETCHES: 0 DROPPED PREFETCHES: 0
PSCL2 PREFETCHES SAME FILL-ORIGIN LEVEL: 0 DIFFERENT FILL-ORIGIN LEVEL: 0

LLC TOTAL     ACCESS:     720690  HIT:     289324  MISS:     431366  HIT %:    40.1454  MISS %:    59.8546   MPKI: 17.2546
LLC LOAD      ACCESS:     442841  HIT:     135554  MISS:     307287  HIT %:    30.6101  MISS %:    69.3899   MPKI: 12.2915
LLC RFO       ACCESS:      94812  HIT:       6384  MISS:      88428  HIT %:    6.73332  MISS %:    93.2667   MPKI: 3.53712
LLC WRITEBACK ACCESS:     126280  HIT:     125018  MISS:       1262  HIT %:    99.0006  MISS %:   0.999366   MPKI: 0.05048
LLC LOAD TRANSLATION ACCESS:      56757  HIT:      22368  MISS:      34389  HIT %:    39.4101  MISS %:    60.5899   MPKI: 1.37556
LLC PREFETCH  REQUESTED:          0  ISSUED:          0  USEFUL:          0  USELESS:          0
LLC USEFUL LOAD PREFETCHES:          0 PREFETCH ISSUED TO LOWER LEVEL:          0  ACCURACY: -nan
LLC TIMELY PREFETCHES:          0 LATE PREFETCHES: 0 DROPPED PREFETCHES: 0
LLC PREFETCHES SAME FILL-ORIGIN LEVEL: 0 DIFFERENT FILL-ORIGIN LEVEL: 0
LLC AVERAGE MISS LATENCY: 152.667 cycles
LLC RQ	ACCESS:     594410	FORWARD:          0	MERGED:          0	TO_CACHE:     594410
LLC WQ	ACCESS:     126280	FORWARD:          0	MERGED:          0	TO_CACHE:     126280

LLC Dense regions hint to LLC: 0

RAW hits: 198657
Loads Generated: 6042902
Loads sent to L1D: 5844244
Stores Generated: 3047659
Stores sent to L1D: 3047660
Major fault: 0 Minor fault: 45580
Allocated PAGES: 45580

DRAM Statistics
 CHANNEL 0
 RQ ROW_BUFFER_HIT:      94944  ROW_BUFFER_MISS:     335157
 DBUS_CONGESTED:        240
 WQ ROW_BUFFER_HIT:      43151  ROW_BUFFER_MISS:      70337  FULL:          0

 AVG_CONGESTED_CYCLE: 4
 All warmup complete: 2
Channel 0 Bank busy for read cycles: 0
Channel 0 Bank busy for write cycles: 0
Channel 0
Rank 0
0banks busy for read cycles: 48584457
0banks busy for write cycles: 51448
1banks busy for read cycles: 33374280
1banks busy for write cycles: 9960273
2banks busy for read cycles: 6818112
2banks busy for write cycles: 3608606
3banks busy for read cycles: 1130873
3banks busy for write cycles: 1565649
4banks busy for read cycles: 322822
4banks busy for write cycles: 769212
5banks busy for read cycles: 170959
5banks busy for write cycles: 428679
6banks busy for read cycles: 127803
6banks busy for write cycles: 267772
7banks busy for read cycles: 79674
7banks busy for write cycles: 173269
8banks busy for read cycles: 143692
8banks busy for write cycles: 192304

CPU 0 Branch Prediction Accuracy: 91.1975% MPKI: 16.1264 Average ROB Occupancy at Mispredict: 14.1201
Branch types
NOT_BRANCH: 20419575 81.6783%
BRANCH_DIRECT_JUMP: 126163 0.504652%
BRANCH_INDIRECT: 45810 0.18324%
BRANCH_CONDITIONAL: 3960982 15.8439%
BRANCH_DIRECT_CALL: 192147 0.768588%
BRANCH_INDIRECT_CALL: 31367 0.125468%
BRANCH_RETURN: 223607 0.894428%
BRANCH_OTHER: 7 2.8e-05%

DRAM PAGES: 1048576
Allocated PAGES: 45580
