
*** ChampSim Multicore Out-of-Order Simulator ***

Warmup Instructions: 25000000
Simulation Instructions: 25000000
Number of CPUs: 1
LLC sets: 2048
LLC ways: 16
Off-chip DRAM Size: 4096 MB Channels: 1 Width: 64-bit Data Rate: 6400 MT/s
CPU 0 runs ../traces/Trace2.gz
.gz
BTB has LRU replacement policy
ITLB has LRU replacement policy
DTLB has LRU replacement policy
STLB has LRU replacement policy
L1I has LRU replacement policy
L1D has LRU replacement policy
Initialize IRRIP state for L2C
LLC has LRU replacement policy
Heartbeat CPU 0 instructions: 10000000 cycles: 2974447 heartbeat IPC: 3.36197 cumulative IPC: 3.36197 (Simulation time: 0 hr 0 min 16 sec) 
Heartbeat CPU 0 instructions: 20000001 cycles: 5829487 heartbeat IPC: 3.50258 cumulative IPC: 3.43083 (Simulation time: 0 hr 0 min 35 sec) 

Warmup complete CPU 0 instructions: 25000002 cycles: 7249111 (Simulation time: 0 hr 0 min 44 sec) 

Heartbeat CPU 0 instructions: 30000000 cycles: 26538786 heartbeat IPC: 0.482875 cumulative IPC: 0.259206 (Simulation time: 0 hr 1 min 0 sec) 
Heartbeat CPU 0 instructions: 40000002 cycles: 60494928 heartbeat IPC: 0.294498 cumulative IPC: 0.281712 (Simulation time: 0 hr 1 min 34 sec) 
Heartbeat CPU 0 instructions: 50000000 cycles: 105443851 heartbeat IPC: 0.222475 cumulative IPC: 0.254596 (Simulation time: 0 hr 2 min 26 sec) 
Finished CPU 0 instructions: 25000001 cycles: 98194741 cumulative IPC: 0.254596 (Simulation time: 0 hr 2 min 26 sec) 

ChampSim completed all CPUs

Region of Interest Statistics

CPU 0 cumulative IPC: 0.254596 instructions: 25000001 cycles: 98194741
ITLB TOTAL     ACCESS:    3951027  HIT:    3879004  MISS:      72023  HIT %:    98.1771  MISS %:    1.82289   MPKI: 2.88092
ITLB LOAD TRANSLATION ACCESS:    3951027  HIT:    3879004  MISS:      72023  HIT %:    98.1771  MISS %:    1.82289   MPKI: 2.88092
ITLB PREFETCH  REQUESTED:          0  ISSUED:          0  USEFUL:          0  USELESS:          0
ITLB USEFUL LOAD PREFETCHES:          0 PREFETCH ISSUED TO LOWER LEVEL:          0  ACCURACY: -nan
ITLB TIMELY PREFETCHES:          0 LATE PREFETCHES: 0 DROPPED PREFETCHES: 0
ITLB PREFETCHES SAME FILL-ORIGIN LEVEL: 0 DIFFERENT FILL-ORIGIN LEVEL: 0
ITLB AVERAGE MISS LATENCY: 24.0143 cycles
ITLB RQ	ACCESS:    4832399	FORWARD:          0	MERGED:     868913	TO_CACHE:    3963486

DTLB TOTAL     ACCESS:    6262728  HIT:    5940714  MISS:     322014  HIT %:    94.8582  MISS %:    5.14175   MPKI: 12.8806
DTLB LOAD TRANSLATION ACCESS:    6262728  HIT:    5940714  MISS:     322014  HIT %:    94.8582  MISS %:    5.14175   MPKI: 12.8806
DTLB PREFETCH  REQUESTED:          0  ISSUED:          0  USEFUL:          0  USELESS:          0
DTLB USEFUL LOAD PREFETCHES:          0 PREFETCH ISSUED TO LOWER LEVEL:          0  ACCURACY: -nan
DTLB TIMELY PREFETCHES:          0 LATE PREFETCHES: 0 DROPPED PREFETCHES: 0
DTLB PREFETCHES SAME FILL-ORIGIN LEVEL: 0 DIFFERENT FILL-ORIGIN LEVEL: 0
DTLB AVERAGE MISS LATENCY: 42.102 cycles
DTLB RQ	ACCESS:    7717419	FORWARD:          0	MERGED:    1412040	TO_CACHE:    6305379

STLB TOTAL     ACCESS:     394037  HIT:     325870  MISS:      68167  HIT %:    82.7004  MISS %:    17.2996   MPKI: 2.72668
STLB LOAD TRANSLATION ACCESS:     394037  HIT:     325870  MISS:      68167  HIT %:    82.7004  MISS %:    17.2996   MPKI: 2.72668
STLB PREFETCH  REQUESTED:          0  ISSUED:          0  USEFUL:          0  USELESS:          0
STLB USEFUL LOAD PREFETCHES:          0 PREFETCH ISSUED TO LOWER LEVEL:          0  ACCURACY: -nan
STLB TIMELY PREFETCHES:          0 LATE PREFETCHES: 0 DROPPED PREFETCHES: 0
STLB PREFETCHES SAME FILL-ORIGIN LEVEL: 0 DIFFERENT FILL-ORIGIN LEVEL: 0
STLB AVERAGE MISS LATENCY: 171.523 cycles
STLB RQ	ACCESS:     394037	FORWARD:          0	MERGED:          0	TO_CACHE:     394037

STLB Hit, L1D data hit: 0
STLB Hit, L2C data hit: 0
STLB Hit, LLC data hit: 0
STLB Hit, LLC data miss: 0
STLB STLB hints to L2: 0
L1D TOTAL     ACCESS:    7393151  HIT:    6924805  MISS:     468346  HIT %:    93.6651  MISS %:    6.33486   MPKI: 18.7338
L1D LOAD      ACCESS:    4294266  HIT:    3955760  MISS:     338506  HIT %:    92.1173  MISS %:    7.88274   MPKI: 13.5402
L1D RFO       ACCESS:    3098885  HIT:    2969045  MISS:     129840  HIT %:    95.8101  MISS %:    4.18989   MPKI: 5.1936
L1D PREFETCH  REQUESTED:          0  ISSUED:          0  USEFUL:          0  USELESS:          0
L1D USEFUL LOAD PREFETCHES:          0 PREFETCH ISSUED TO LOWER LEVEL:          0  ACCURACY: -nan
L1D TIMELY PREFETCHES:          0 LATE PREFETCHES: 0 DROPPED PREFETCHES: 0
L1D PREFETCHES SAME FILL-ORIGIN LEVEL: 0 DIFFERENT FILL-ORIGIN LEVEL: 0
L1D AVERAGE MISS LATENCY: 104.337 cycles
L1D RQ	ACCESS:    5757060	FORWARD:          0	MERGED:    1312832	TO_CACHE:    4336698
L1D WQ	ACCESS:    3430198	FORWARD:     107530	MERGED:      49477	TO_CACHE:    3380721

L1D UNIQUE REGIONS ACCESSED: 0
L1D REGIONS CONFLICTS: 0
L1D Cross Page Prefetch Requests: 0
L1D Same Page Prefetch Requests: 0
L1D ROI Sum of L1D PQ occupancy: 0
L1D PREFETCHES PUSHED FROM L2C: 0
L1I TOTAL     ACCESS:    4379531  HIT:    3378945  MISS:    1000586  HIT %:    77.1531  MISS %:    22.8469   MPKI: 40.0234
L1I LOAD      ACCESS:    4379531  HIT:    3378945  MISS:    1000586  HIT %:    77.1531  MISS %:    22.8469   MPKI: 40.0234
L1I PREFETCH  REQUESTED:          0  ISSUED:          0  USEFUL:          0  USELESS:          0
L1I USEFUL LOAD PREFETCHES:          0 PREFETCH ISSUED TO LOWER LEVEL:          0  ACCURACY: -nan
L1I TIMELY PREFETCHES:          0 LATE PREFETCHES: 0 DROPPED PREFETCHES: 0
L1I PREFETCHES SAME FILL-ORIGIN LEVEL: 0 DIFFERENT FILL-ORIGIN LEVEL: 0
L1I AVERAGE MISS LATENCY: 38.157 cycles
L1I RQ	ACCESS:    6615421	FORWARD:          0	MERGED:    1783022	TO_CACHE:    4832399

BTB TOTAL     ACCESS:    2374453  HIT:    1885269  MISS:     489184  HIT %:     79.398  MISS %:     20.602   MPKI: 19.5674
BTB BRANCH_DIRECT_JUMP	ACCESS:     382447  HIT:     266751  MISS:     115696
BTB BRANCH_INDIRECT	ACCESS:      26284  HIT:      15034  MISS:      11250
BTB BRANCH_CONDITIONAL	ACCESS:    1419497  HIT:    1339647  MISS:      79850
BTB BRANCH_DIRECT_CALL	ACCESS:     241009  HIT:     172489  MISS:      68520
BTB BRANCH_INDIRECT_CALL	ACCESS:      31642  HIT:      19335  MISS:      12307
BTB BRANCH_RETURN	ACCESS:     273154  HIT:      71753  MISS:     201401
BTB BRANCH_OTHER ACCESS:        420  HIT:        260  MISS:        160

L2C TOTAL     ACCESS:    1788529  HIT:    1002730  MISS:     785799  HIT %:    56.0645  MISS %:    43.9355   MPKI: 31.432
L2C LOAD      ACCESS:    1339085  HIT:     732706  MISS:     606379  HIT %:    54.7169  MISS %:    45.2831   MPKI: 24.2552
L2C DATA LOAD MPKI: 8.967
L2C INSTRUCTION LOAD MPKI: 15.2882
L2C RFO       ACCESS:     129839  HIT:      48921  MISS:      80918  HIT %:    37.6782  MISS %:    62.3218   MPKI: 3.23672
L2C WRITEBACK ACCESS:     206079  HIT:     166889  MISS:      39190  HIT %:     80.983  MISS %:     19.017   MPKI: 1.5676
L2C LOAD TRANSLATION ACCESS:     113526  HIT:      54214  MISS:      59312  HIT %:    47.7547  MISS %:    52.2453   MPKI: 2.37248
L2C PREFETCH  REQUESTED:          0  ISSUED:          0  USEFUL:          0  USELESS:          0
L2C USEFUL LOAD PREFETCHES:          0 PREFETCH ISSUED TO LOWER LEVEL:          0  ACCURACY: -nan
L2C TIMELY PREFETCHES:          0 LATE PREFETCHES: 0 DROPPED PREFETCHES: 0
L2C PREFETCHES SAME FILL-ORIGIN LEVEL: 0 DIFFERENT FILL-ORIGIN LEVEL: 0
L2C AVERAGE MISS LATENCY: 92.426 cycles
L2C RQ	ACCESS:    1582458	FORWARD:          0	MERGED:          0	TO_CACHE:    1582450
L2C WQ	ACCESS:     206079	FORWARD:          8	MERGED:          0	TO_CACHE:     206079

L2C Instructions Evicting Data 139786
L2C Translations Evicting Data 28440
L2C Data Evicting Data 166175
L2C Instructions Evicting Instructions 216162
L2C Translations Evicting Instructions 25732
L2C Data Evicting Instructions 114202
L2C Instructions Evicting Translations 26256
L2C Translations Evicting Translations 5140
L2C Data Evicting Translations 24716
L2C Dense regions hint from L2: 0
PSCL5 TOTAL     ACCESS:      68167  HIT:      68167  MISS:          0  HIT %:        100  MISS %:          0   MPKI: 0
PSCL5 LOAD TRANSLATION ACCESS:      68167  HIT:      68167  MISS:          0  HIT %:        100  MISS %:          0   MPKI: 0
PSCL5 PREFETCH  REQUESTED:          0  ISSUED:          0  USEFUL:          0  USELESS:          0
PSCL5 USEFUL LOAD PREFETCHES:          0 PREFETCH ISSUED TO LOWER LEVEL:          0  ACCURACY: -nan
PSCL5 TIMELY PREFETCHES:          0 LATE PREFETCHES: 0 DROPPED PREFETCHES: 0
PSCL5 PREFETCHES SAME FILL-ORIGIN LEVEL: 0 DIFFERENT FILL-ORIGIN LEVEL: 0

PSCL4 TOTAL     ACCESS:      51529  HIT:      51157  MISS:        372  HIT %:    99.2781  MISS %:   0.721924   MPKI: 0.01488
PSCL4 LOAD TRANSLATION ACCESS:      51529  HIT:      51157  MISS:        372  HIT %:    99.2781  MISS %:   0.721924   MPKI: 0.01488
PSCL4 PREFETCH  REQUESTED:          0  ISSUED:          0  USEFUL:          0  USELESS:          0
PSCL4 USEFUL LOAD PREFETCHES:          0 PREFETCH ISSUED TO LOWER LEVEL:          0  ACCURACY: -nan
PSCL4 TIMELY PREFETCHES:          0 LATE PREFETCHES: 0 DROPPED PREFETCHES: 0
PSCL4 PREFETCHES SAME FILL-ORIGIN LEVEL: 0 DIFFERENT FILL-ORIGIN LEVEL: 0

PSCL3 TOTAL     ACCESS:      67927  HIT:      66546  MISS:       1381  HIT %:    97.9669  MISS %:    2.03306   MPKI: 0.05524
PSCL3 LOAD TRANSLATION ACCESS:      67927  HIT:      66546  MISS:       1381  HIT %:    97.9669  MISS %:    2.03306   MPKI: 0.05524
PSCL3 PREFETCH  REQUESTED:          0  ISSUED:          0  USEFUL:          0  USELESS:          0
PSCL3 USEFUL LOAD PREFETCHES:          0 PREFETCH ISSUED TO LOWER LEVEL:          0  ACCURACY: -nan
PSCL3 TIMELY PREFETCHES:          0 LATE PREFETCHES: 0 DROPPED PREFETCHES: 0
PSCL3 PREFETCHES SAME FILL-ORIGIN LEVEL: 0 DIFFERENT FILL-ORIGIN LEVEL: 0

PSCL2 TOTAL     ACCESS:      68167  HIT:      24212  MISS:      43955  HIT %:    35.5187  MISS %:    64.4813   MPKI: 1.7582
PSCL2 LOAD TRANSLATION ACCESS:      68167  HIT:      24212  MISS:      43955  HIT %:    35.5187  MISS %:    64.4813   MPKI: 1.7582
PSCL2 PREFETCH  REQUESTED:          0  ISSUED:          0  USEFUL:          0  USELESS:          0
PSCL2 USEFUL LOAD PREFETCHES:          0 PREFETCH ISSUED TO LOWER LEVEL:          0  ACCURACY: -nan
PSCL2 TIMELY PREFETCHES:          0 LATE PREFETCHES: 0 DROPPED PREFETCHES: 0
PSCL2 PREFETCHES SAME FILL-ORIGIN LEVEL: 0 DIFFERENT FILL-ORIGIN LEVEL: 0

LLC TOTAL     ACCESS:     875938  HIT:     567133  MISS:     308805  HIT %:    64.7458  MISS %:    35.2542   MPKI: 12.3522
LLC LOAD      ACCESS:     606377  HIT:     398463  MISS:     207914  HIT %:    65.7121  MISS %:    34.2879   MPKI: 8.31656
LLC RFO       ACCESS:      80918  HIT:      10448  MISS:      70470  HIT %:    12.9118  MISS %:    87.0882   MPKI: 2.8188
LLC WRITEBACK ACCESS:     129331  HIT:     128531  MISS:        800  HIT %:    99.3814  MISS %:   0.618568   MPKI: 0.032
LLC LOAD TRANSLATION ACCESS:      59312  HIT:      29691  MISS:      29621  HIT %:     50.059  MISS %:     49.941   MPKI: 1.18484
LLC PREFETCH  REQUESTED:          0  ISSUED:          0  USEFUL:          0  USELESS:          0
LLC USEFUL LOAD PREFETCHES:          0 PREFETCH ISSUED TO LOWER LEVEL:          0  ACCURACY: -nan
LLC TIMELY PREFETCHES:          0 LATE PREFETCHES: 0 DROPPED PREFETCHES: 0
LLC PREFETCHES SAME FILL-ORIGIN LEVEL: 0 DIFFERENT FILL-ORIGIN LEVEL: 0
LLC AVERAGE MISS LATENCY: 161.799 cycles
LLC RQ	ACCESS:     746609	FORWARD:          0	MERGED:          0	TO_CACHE:     746607
LLC WQ	ACCESS:     129331	FORWARD:          2	MERGED:          0	TO_CACHE:     129331

LLC Dense regions hint to LLC: 0

RAW hits: 201013
Loads Generated: 5958075
Loads sent to L1D: 5757060
Stores Generated: 3430196
Stores sent to L1D: 3430198
Major fault: 0 Minor fault: 45010
Allocated PAGES: 45010

DRAM Statistics
 CHANNEL 0
 RQ ROW_BUFFER_HIT:      40908  ROW_BUFFER_MISS:     267096
 DBUS_CONGESTED:        115
 WQ ROW_BUFFER_HIT:      33780  ROW_BUFFER_MISS:      75049  FULL:          0

 AVG_CONGESTED_CYCLE: 4
 All warmup complete: 2
Channel 0 Bank busy for read cycles: 0
Channel 0 Bank busy for write cycles: 0
Channel 0
Rank 0
0banks busy for read cycles: 52620487
0banks busy for write cycles: 46373
1banks busy for read cycles: 24179943
1banks busy for write cycles: 8062718
2banks busy for read cycles: 5359041
2banks busy for write cycles: 3084434
3banks busy for read cycles: 1278171
3banks busy for write cycles: 1327260
4banks busy for read cycles: 383568
4banks busy for write cycles: 683519
5banks busy for read cycles: 147743
5banks busy for write cycles: 381046
6banks busy for read cycles: 69555
6banks busy for write cycles: 229488
7banks busy for read cycles: 30715
7banks busy for write cycles: 138041
8banks busy for read cycles: 59615
8banks busy for write cycles: 113025

CPU 0 Branch Prediction Accuracy: 96.8224% MPKI: 6.31212 Average ROB Occupancy at Mispredict: 12.6646
Branch types
NOT_BRANCH: 20033560 80.1342%
BRANCH_DIRECT_JUMP: 382447 1.52979%
BRANCH_INDIRECT: 26284 0.105136%
BRANCH_CONDITIONAL: 4011162 16.0446%
BRANCH_DIRECT_CALL: 241009 0.964036%
BRANCH_INDIRECT_CALL: 31642 0.126568%
BRANCH_RETURN: 273154 1.09262%
BRANCH_OTHER: 420 0.00168%

DRAM PAGES: 1048576
Allocated PAGES: 45010
