
*** ChampSim Multicore Out-of-Order Simulator ***

Warmup Instructions: 25000000
Simulation Instructions: 25000000
Number of CPUs: 1
LLC sets: 2048
LLC ways: 16
Off-chip DRAM Size: 4096 MB Channels: 1 Width: 64-bit Data Rate: 6400 MT/s
CPU 0 runs ../traces/Trace2.gz
.gz
BTB has LRU replacement policy
ITLB has LRU replacement policy
DTLB has LRU replacement policy
STLB has LRU replacement policy
L1I has LRU replacement policy
CPU 0 L1D IP-based stride prefetcher
L1D has LRU replacement policy
L2C has LRU replacement policy
LLC has LRU replacement policy
Heartbeat CPU 0 instructions: 10000000 cycles: 2974412 heartbeat IPC: 3.36201 cumulative IPC: 3.36201 (Simulation time: 0 hr 0 min 17 sec) 
Heartbeat CPU 0 instructions: 20000001 cycles: 5829587 heartbeat IPC: 3.50241 cumulative IPC: 3.43077 (Simulation time: 0 hr 0 min 34 sec) 

Warmup complete CPU 0 instructions: 25000002 cycles: 7249330 (Simulation time: 0 hr 0 min 42 sec) 

Heartbeat CPU 0 instructions: 30000000 cycles: 26624906 heartbeat IPC: 0.480877 cumulative IPC: 0.258057 (Simulation time: 0 hr 0 min 54 sec) 
Heartbeat CPU 0 instructions: 40000002 cycles: 61673657 heartbeat IPC: 0.285317 cumulative IPC: 0.275612 (Simulation time: 0 hr 1 min 18 sec) 
Heartbeat CPU 0 instructions: 50000000 cycles: 107192884 heartbeat IPC: 0.219687 cumulative IPC: 0.250141 (Simulation time: 0 hr 1 min 43 sec) 
Finished CPU 0 instructions: 25000001 cycles: 99943555 cumulative IPC: 0.250141 (Simulation time: 0 hr 1 min 43 sec) 

ChampSim completed all CPUs

Region of Interest Statistics

CPU 0 cumulative IPC: 0.250141 instructions: 25000001 cycles: 99943555
ITLB TOTAL     ACCESS:    3952590  HIT:    3880567  MISS:      72023  HIT %:    98.1778  MISS %:    1.82217   MPKI: 2.88092
ITLB LOAD TRANSLATION ACCESS:    3952590  HIT:    3880567  MISS:      72023  HIT %:    98.1778  MISS %:    1.82217   MPKI: 2.88092
ITLB PREFETCH  REQUESTED:          0  ISSUED:          0  USEFUL:          0  USELESS:          0
ITLB USEFUL LOAD PREFETCHES:          0 PREFETCH ISSUED TO LOWER LEVEL:          0  ACCURACY: -nan
ITLB TIMELY PREFETCHES:          0 LATE PREFETCHES: 0 DROPPED PREFETCHES: 0
ITLB PREFETCHES SAME FILL-ORIGIN LEVEL: 0 DIFFERENT FILL-ORIGIN LEVEL: 0
ITLB AVERAGE MISS LATENCY: 24.0122 cycles
ITLB RQ	ACCESS:    4835058	FORWARD:          0	MERGED:     870008	TO_CACHE:    3965050

DTLB TOTAL     ACCESS:    6295967  HIT:    5973938  MISS:     322029  HIT %:    94.8852  MISS %:    5.11485   MPKI: 12.8812
DTLB LOAD TRANSLATION ACCESS:    6295967  HIT:    5973938  MISS:     322029  HIT %:    94.8852  MISS %:    5.11485   MPKI: 12.8812
DTLB PREFETCH  REQUESTED:          0  ISSUED:          0  USEFUL:          0  USELESS:          0
DTLB USEFUL LOAD PREFETCHES:          0 PREFETCH ISSUED TO LOWER LEVEL:          0  ACCURACY: -nan
DTLB TIMELY PREFETCHES:          0 LATE PREFETCHES: 0 DROPPED PREFETCHES: 0
DTLB PREFETCHES SAME FILL-ORIGIN LEVEL: 0 DIFFERENT FILL-ORIGIN LEVEL: 0
DTLB AVERAGE MISS LATENCY: 41.9357 cycles
DTLB RQ	ACCESS:    7740049	FORWARD:          0	MERGED:    1402264	TO_CACHE:    6337785

STLB TOTAL     ACCESS:     417120  HIT:     348958  MISS:      68162  HIT %:    83.6589  MISS %:    16.3411   MPKI: 2.72648
STLB LOAD TRANSLATION ACCESS:     394052  HIT:     325890  MISS:      68162  HIT %:    82.7023  MISS %:    17.2977   MPKI: 2.72648
STLB TRANSLATION FROM L1D PREFETCHER ACCESS:      23068  HIT:      23068  MISS:          0  HIT %:        100  MISS %:          0   MPKI: 0
STLB PREFETCH  REQUESTED:          0  ISSUED:          0  USEFUL:          0  USELESS:          0
STLB USEFUL LOAD PREFETCHES:          0 PREFETCH ISSUED TO LOWER LEVEL:          0  ACCURACY: -nan
STLB TIMELY PREFETCHES:          0 LATE PREFETCHES: 0 DROPPED PREFETCHES: 0
STLB PREFETCHES SAME FILL-ORIGIN LEVEL: 0 DIFFERENT FILL-ORIGIN LEVEL: 0
STLB AVERAGE MISS LATENCY: 170.78 cycles
STLB RQ	ACCESS:     467123	FORWARD:          0	MERGED:      50003	TO_CACHE:     417120

STLB Hit, L1D data hit: 0
STLB Hit, L2C data hit: 0
STLB Hit, LLC data hit: 0
STLB Hit, LLC data miss: 0
STLB STLB hints to L2: 0
L1D TOTAL     ACCESS:    7488282  HIT:    7012598  MISS:     475684  HIT %:    93.6476  MISS %:    6.35238   MPKI: 19.0274
L1D LOAD      ACCESS:    4316206  HIT:    3980247  MISS:     335959  HIT %:    92.2163  MISS %:    7.78366   MPKI: 13.4384
L1D RFO       ACCESS:    3103623  HIT:    2974605  MISS:     129018  HIT %:     95.843  MISS %:    4.15701   MPKI: 5.16072
L1D PREFETCH  ACCESS:      68453  HIT:      57746  MISS:      10707  HIT %:    84.3586  MISS %:    15.6414   MPKI: 0.42828
AGUS PREFETCH L1 MISS: 0
L1D PREFETCH  REQUESTED:     151954  ISSUED:     151939  USEFUL:       4350  USELESS:       6343
L1D USEFUL LOAD PREFETCHES:       4350 PREFETCH ISSUED TO LOWER LEVEL:      11473  ACCURACY: 37.9151
L1D TIMELY PREFETCHES:       4350 LATE PREFETCHES: 274 DROPPED PREFETCHES: 0
L1D PREFETCHES SAME FILL-ORIGIN LEVEL: 10991 DIFFERENT FILL-ORIGIN LEVEL: 482
L1D AVERAGE MISS LATENCY: 43488.7 cycles
L1D RQ	ACCESS:    5764957	FORWARD:          0	MERGED:    1302853	TO_CACHE:    4357212
L1D WQ	ACCESS:    3430198	FORWARD:     104913	MERGED:      47361	TO_CACHE:    3382837
L1D PQ	ACCESS:      78868	FORWARD:          0	MERGED:       5776	TO_CACHE:      73071

L1D UNIQUE REGIONS ACCESSED: 0
L1D REGIONS CONFLICTS: 0
L1D Cross Page Prefetch Requests: 0
L1D Same Page Prefetch Requests: 149486
L1D ROI Sum of L1D PQ occupancy: 985073
L1D PREFETCHES PUSHED FROM L2C: 0
L1I TOTAL     ACCESS:    4380715  HIT:    3380129  MISS:    1000586  HIT %:    77.1593  MISS %:    22.8407   MPKI: 40.0234
L1I LOAD      ACCESS:    4380715  HIT:    3380129  MISS:    1000586  HIT %:    77.1593  MISS %:    22.8407   MPKI: 40.0234
L1I PREFETCH  REQUESTED:          0  ISSUED:          0  USEFUL:          0  USELESS:          0
L1I USEFUL LOAD PREFETCHES:          0 PREFETCH ISSUED TO LOWER LEVEL:          0  ACCURACY: -nan
L1I TIMELY PREFETCHES:          0 LATE PREFETCHES: 0 DROPPED PREFETCHES: 0
L1I PREFETCHES SAME FILL-ORIGIN LEVEL: 0 DIFFERENT FILL-ORIGIN LEVEL: 0
L1I AVERAGE MISS LATENCY: 41.1467 cycles
L1I RQ	ACCESS:    6616931	FORWARD:          0	MERGED:    1781873	TO_CACHE:    4835058

BTB TOTAL     ACCESS:    2374453  HIT:    1885269  MISS:     489184  HIT %:     79.398  MISS %:     20.602   MPKI: 19.5674
BTB BRANCH_DIRECT_JUMP	ACCESS:     382447  HIT:     266751  MISS:     115696
BTB BRANCH_INDIRECT	ACCESS:      26284  HIT:      15034  MISS:      11250
BTB BRANCH_CONDITIONAL	ACCESS:    1419497  HIT:    1339647  MISS:      79850
BTB BRANCH_DIRECT_CALL	ACCESS:     241009  HIT:     172489  MISS:      68520
BTB BRANCH_INDIRECT_CALL	ACCESS:      31642  HIT:      19335  MISS:      12307
BTB BRANCH_RETURN	ACCESS:     273154  HIT:      71753  MISS:     201401
BTB BRANCH_OTHER ACCESS:        420  HIT:        260  MISS:        160

L2C TOTAL     ACCESS:    1796661  HIT:     929571  MISS:     867090  HIT %:    51.7388  MISS %:    48.2612   MPKI: 34.6836
L2C LOAD      ACCESS:    1336265  HIT:     624386  MISS:     711879  HIT %:    46.7262  MISS %:    53.2738   MPKI: 28.4752
L2C DATA LOAD MPKI: 8.63892
L2C INSTRUCTION LOAD MPKI: 19.8362
L2C RFO       ACCESS:     129008  HIT:      42372  MISS:      86636  HIT %:    32.8445  MISS %:    67.1555   MPKI: 3.46544
L2C PREFETCH  ACCESS:      11361  HIT:       6182  MISS:       5179  HIT %:    54.4142  MISS %:    45.5858   MPKI: 0.20716
AGUS PREFETCH L1 MISS: 0
L2C DATA PREFETCH MPKI: 0.20716
L2C INSTRUCTION PREFETCH MPKI: 0
L2C WRITEBACK ACCESS:     206521  HIT:     200576  MISS:       5945  HIT %:    97.1214  MISS %:    2.87864   MPKI: 0.2378
L2C LOAD TRANSLATION ACCESS:     113506  HIT:      56055  MISS:      57451  HIT %:    49.3851  MISS %:    50.6149   MPKI: 2.29804
L2C PREFETCH  REQUESTED:          0  ISSUED:          0  USEFUL:        757  USELESS:       4372
L2C USEFUL LOAD PREFETCHES:        757 PREFETCH ISSUED TO LOWER LEVEL:       5206  ACCURACY: 14.5409
L2C TIMELY PREFETCHES:        757 LATE PREFETCHES: 27 DROPPED PREFETCHES: 0
L2C PREFETCHES SAME FILL-ORIGIN LEVEL: 214 DIFFERENT FILL-ORIGIN LEVEL: 0
L2C AVERAGE MISS LATENCY: 87.6183 cycles
L2C RQ	ACCESS:    1578785	FORWARD:          0	MERGED:          0	TO_CACHE:    1578779
L2C WQ	ACCESS:     206521	FORWARD:          7	MERGED:          0	TO_CACHE:     206521
L2C PQ	ACCESS:      11473	FORWARD:          0	MERGED:         24	TO_CACHE:      11448

L2C Instructions Evicting Data 150077
L2C Translations Evicting Data 24024
L2C Data Evicting Data 143458
L2C Instructions Evicting Instructions 316624
L2C Translations Evicting Instructions 28820
L2C Data Evicting Instructions 141841
L2C Instructions Evicting Translations 29205
L2C Translations Evicting Translations 4607
L2C Data Evicting Translations 22489
L2C Dense regions hint from L2: 0
PSCL5 TOTAL     ACCESS:      68162  HIT:      68162  MISS:          0  HIT %:        100  MISS %:          0   MPKI: 0
PSCL5 LOAD TRANSLATION ACCESS:      68162  HIT:      68162  MISS:          0  HIT %:        100  MISS %:          0   MPKI: 0
PSCL5 PREFETCH  REQUESTED:          0  ISSUED:          0  USEFUL:          0  USELESS:          0
PSCL5 USEFUL LOAD PREFETCHES:          0 PREFETCH ISSUED TO LOWER LEVEL:          0  ACCURACY: -nan
PSCL5 TIMELY PREFETCHES:          0 LATE PREFETCHES: 0 DROPPED PREFETCHES: 0
PSCL5 PREFETCHES SAME FILL-ORIGIN LEVEL: 0 DIFFERENT FILL-ORIGIN LEVEL: 0

PSCL4 TOTAL     ACCESS:      51354  HIT:      50982  MISS:        372  HIT %:    99.2756  MISS %:   0.724384   MPKI: 0.01488
PSCL4 LOAD TRANSLATION ACCESS:      51354  HIT:      50982  MISS:        372  HIT %:    99.2756  MISS %:   0.724384   MPKI: 0.01488
PSCL4 PREFETCH  REQUESTED:          0  ISSUED:          0  USEFUL:          0  USELESS:          0
PSCL4 USEFUL LOAD PREFETCHES:          0 PREFETCH ISSUED TO LOWER LEVEL:          0  ACCURACY: -nan
PSCL4 TIMELY PREFETCHES:          0 LATE PREFETCHES: 0 DROPPED PREFETCHES: 0
PSCL4 PREFETCHES SAME FILL-ORIGIN LEVEL: 0 DIFFERENT FILL-ORIGIN LEVEL: 0

PSCL3 TOTAL     ACCESS:      67917  HIT:      66545  MISS:       1372  HIT %:    97.9799  MISS %:    2.02011   MPKI: 0.05488
PSCL3 LOAD TRANSLATION ACCESS:      67917  HIT:      66545  MISS:       1372  HIT %:    97.9799  MISS %:    2.02011   MPKI: 0.05488
PSCL3 PREFETCH  REQUESTED:          0  ISSUED:          0  USEFUL:          0  USELESS:          0
PSCL3 USEFUL LOAD PREFETCHES:          0 PREFETCH ISSUED TO LOWER LEVEL:          0  ACCURACY: -nan
PSCL3 TIMELY PREFETCHES:          0 LATE PREFETCHES: 0 DROPPED PREFETCHES: 0
PSCL3 PREFETCHES SAME FILL-ORIGIN LEVEL: 0 DIFFERENT FILL-ORIGIN LEVEL: 0

PSCL2 TOTAL     ACCESS:      68162  HIT:      24213  MISS:      43949  HIT %:    35.5227  MISS %:    64.4773   MPKI: 1.75796
PSCL2 LOAD TRANSLATION ACCESS:      68162  HIT:      24213  MISS:      43949  HIT %:    35.5227  MISS %:    64.4773   MPKI: 1.75796
PSCL2 PREFETCH  REQUESTED:          0  ISSUED:          0  USEFUL:          0  USELESS:          0
PSCL2 USEFUL LOAD PREFETCHES:          0 PREFETCH ISSUED TO LOWER LEVEL:          0  ACCURACY: -nan
PSCL2 TIMELY PREFETCHES:          0 LATE PREFETCHES: 0 DROPPED PREFETCHES: 0
PSCL2 PREFETCHES SAME FILL-ORIGIN LEVEL: 0 DIFFERENT FILL-ORIGIN LEVEL: 0

LLC TOTAL     ACCESS:    1001867  HIT:     694033  MISS:     307834  HIT %:     69.274  MISS %:     30.726   MPKI: 12.3134
LLC LOAD      ACCESS:     711851  HIT:     507755  MISS:     204096  HIT %:    71.3288  MISS %:    28.6712   MPKI: 8.16384
LLC RFO       ACCESS:      86623  HIT:      16622  MISS:      70001  HIT %:    19.1889  MISS %:    80.8111   MPKI: 2.80004
LLC PREFETCH  ACCESS:       5206  HIT:       1548  MISS:       3658  HIT %:    29.7349  MISS %:    70.2651   MPKI: 0.14632
AGUS PREFETCH L1 MISS: 0
LLC WRITEBACK ACCESS:     140736  HIT:     140422  MISS:        314  HIT %:    99.7769  MISS %:   0.223113   MPKI: 0.01256
LLC LOAD TRANSLATION ACCESS:      57451  HIT:      27686  MISS:      29765  HIT %:    48.1906  MISS %:    51.8094   MPKI: 1.1906
LLC PREFETCH  REQUESTED:          0  ISSUED:          0  USEFUL:        166  USELESS:       3221
LLC USEFUL LOAD PREFETCHES:        166 PREFETCH ISSUED TO LOWER LEVEL:       3658  ACCURACY: 4.538
LLC TIMELY PREFETCHES:        166 LATE PREFETCHES: 0 DROPPED PREFETCHES: 0
LLC PREFETCHES SAME FILL-ORIGIN LEVEL: 0 DIFFERENT FILL-ORIGIN LEVEL: 0
LLC AVERAGE MISS LATENCY: 161.937 cycles
LLC RQ	ACCESS:     855939	FORWARD:          0	MERGED:          0	TO_CACHE:     855925
LLC WQ	ACCESS:     140736	FORWARD:         14	MERGED:          0	TO_CACHE:     140736
LLC PQ	ACCESS:       5206	FORWARD:          0	MERGED:          0	TO_CACHE:       5206

LLC Dense regions hint to LLC: 0

RAW hits: 193116
Loads Generated: 5958075
Loads sent to L1D: 5764957
Stores Generated: 3430196
Stores sent to L1D: 3430198
Major fault: 0 Minor fault: 45010
Allocated PAGES: 45010
CPU 0 L1D PC-based stride prefetcher final stats
Degree: 3

DRAM Statistics
 CHANNEL 0
 RQ ROW_BUFFER_HIT:      41373  ROW_BUFFER_MISS:     266147
 DBUS_CONGESTED:        121
 WQ ROW_BUFFER_HIT:      33375  ROW_BUFFER_MISS:      75095  FULL:          0

 AVG_CONGESTED_CYCLE: 4
 All warmup complete: 2
Channel 0 Bank busy for read cycles: 0
Channel 0 Bank busy for write cycles: 0
Channel 0
Rank 0
0banks busy for read cycles: 54637977
0banks busy for write cycles: 46127
1banks busy for read cycles: 23958674
1banks busy for write cycles: 8007170
2banks busy for read cycles: 5348016
2banks busy for write cycles: 3032888
3banks busy for read cycles: 1307814
3banks busy for write cycles: 1352089
4banks busy for read cycles: 397339
4banks busy for write cycles: 690519
5banks busy for read cycles: 147907
5banks busy for write cycles: 386868
6banks busy for read cycles: 70024
6banks busy for write cycles: 224234
7banks busy for read cycles: 28130
7banks busy for write cycles: 134176
8banks busy for read cycles: 58878
8banks busy for write cycles: 114726

CPU 0 Branch Prediction Accuracy: 96.8224% MPKI: 6.31212 Average ROB Occupancy at Mispredict: 12.4556
Branch types
NOT_BRANCH: 20033560 80.1342%
BRANCH_DIRECT_JUMP: 382447 1.52979%
BRANCH_INDIRECT: 26284 0.105136%
BRANCH_CONDITIONAL: 4011162 16.0446%
BRANCH_DIRECT_CALL: 241009 0.964036%
BRANCH_INDIRECT_CALL: 31642 0.126568%
BRANCH_RETURN: 273154 1.09262%
BRANCH_OTHER: 420 0.00168%

DRAM PAGES: 1048576
Allocated PAGES: 45010
