
*** ChampSim Multicore Out-of-Order Simulator ***

Warmup Instructions: 25000000
Simulation Instructions: 25000000
Number of CPUs: 1
LLC sets: 2048
LLC ways: 16
Off-chip DRAM Size: 4096 MB Channels: 1 Width: 64-bit Data Rate: 6400 MT/s
CPU 0 runs ../traces/Trace1.gz
.gz
BTB has LRU replacement policy
ITLB has LRU replacement policy
DTLB has LRU replacement policy
STLB has LRU replacement policy
L1I has LRU replacement policy
CPU 0 L1D IP-based stride prefetcher
L1D has LRU replacement policy
L2C has LRU replacement policy
LLC has LRU replacement policy
Heartbeat CPU 0 instructions: 10000002 cycles: 2952737 heartbeat IPC: 3.38669 cumulative IPC: 3.38669 (Simulation time: 0 hr 0 min 30 sec) 
Heartbeat CPU 0 instructions: 20000001 cycles: 5913592 heartbeat IPC: 3.3774 cumulative IPC: 3.38204 (Simulation time: 0 hr 1 min 3 sec) 

Warmup complete CPU 0 instructions: 25000004 cycles: 7347789 (Simulation time: 0 hr 1 min 15 sec) 

Heartbeat CPU 0 instructions: 30000003 cycles: 31264714 heartbeat IPC: 0.39446 cumulative IPC: 0.209057 (Simulation time: 0 hr 1 min 35 sec) 
Heartbeat CPU 0 instructions: 40000002 cycles: 71620164 heartbeat IPC: 0.247798 cumulative IPC: 0.233382 (Simulation time: 0 hr 2 min 12 sec) 
Heartbeat CPU 0 instructions: 50000000 cycles: 114594396 heartbeat IPC: 0.232698 cumulative IPC: 0.233108 (Simulation time: 0 hr 2 min 56 sec) 
Finished CPU 0 instructions: 25000000 cycles: 107246611 cumulative IPC: 0.233108 (Simulation time: 0 hr 2 min 56 sec) 

ChampSim completed all CPUs

Region of Interest Statistics

CPU 0 cumulative IPC: 0.233108 instructions: 25000000 cycles: 107246611
ITLB TOTAL     ACCESS:    3637691  HIT:    3616282  MISS:      21409  HIT %:    99.4115  MISS %:   0.588533   MPKI: 0.85636
ITLB LOAD TRANSLATION ACCESS:    3637691  HIT:    3616282  MISS:      21409  HIT %:    99.4115  MISS %:   0.588533   MPKI: 0.85636
ITLB PREFETCH  REQUESTED:          0  ISSUED:          0  USEFUL:          0  USELESS:          0
ITLB USEFUL LOAD PREFETCHES:          0 PREFETCH ISSUED TO LOWER LEVEL:          0  ACCURACY: -nan
ITLB TIMELY PREFETCHES:          0 LATE PREFETCHES: 0 DROPPED PREFETCHES: 0
ITLB PREFETCHES SAME FILL-ORIGIN LEVEL: 0 DIFFERENT FILL-ORIGIN LEVEL: 0
ITLB AVERAGE MISS LATENCY: 42.501 cycles
ITLB RQ	ACCESS:    4549118	FORWARD:          0	MERGED:     908284	TO_CACHE:    3640834

DTLB TOTAL     ACCESS:    5924528  HIT:    5731558  MISS:     192970  HIT %:    96.7429  MISS %:    3.25714   MPKI: 7.7188
DTLB LOAD TRANSLATION ACCESS:    5924528  HIT:    5731558  MISS:     192970  HIT %:    96.7429  MISS %:    3.25714   MPKI: 7.7188
DTLB PREFETCH  REQUESTED:          0  ISSUED:          0  USEFUL:          0  USELESS:          0
DTLB USEFUL LOAD PREFETCHES:          0 PREFETCH ISSUED TO LOWER LEVEL:          0  ACCURACY: -nan
DTLB TIMELY PREFETCHES:          0 LATE PREFETCHES: 0 DROPPED PREFETCHES: 0
DTLB PREFETCHES SAME FILL-ORIGIN LEVEL: 0 DIFFERENT FILL-ORIGIN LEVEL: 0
DTLB AVERAGE MISS LATENCY: 80.4062 cycles
DTLB RQ	ACCESS:    7327458	FORWARD:          0	MERGED:    1365576	TO_CACHE:    5961882

STLB TOTAL     ACCESS:     261562  HIT:     190188  MISS:      71374  HIT %:    72.7124  MISS %:    27.2876   MPKI: 2.85496
STLB LOAD TRANSLATION ACCESS:     214379  HIT:     143007  MISS:      71372  HIT %:    66.7076  MISS %:    33.2924   MPKI: 2.85488
STLB TRANSLATION FROM L1D PREFETCHER ACCESS:      47183  HIT:      47181  MISS:          2  HIT %:    99.9958  MISS %: 0.00423881   MPKI: 8e-05
STLB PREFETCH  REQUESTED:          0  ISSUED:          0  USEFUL:          2  USELESS:          0
STLB USEFUL LOAD PREFETCHES:          2 PREFETCH ISSUED TO LOWER LEVEL:          0  ACCURACY: inf
STLB TIMELY PREFETCHES:          2 LATE PREFETCHES: 0 DROPPED PREFETCHES: 0
STLB PREFETCHES SAME FILL-ORIGIN LEVEL: 0 DIFFERENT FILL-ORIGIN LEVEL: 0
STLB AVERAGE MISS LATENCY: 202.697 cycles
STLB RQ	ACCESS:     357128	FORWARD:          0	MERGED:      95566	TO_CACHE:     261562

STLB Hit, L1D data hit: 0
STLB Hit, L2C data hit: 0
STLB Hit, LLC data hit: 0
STLB Hit, LLC data miss: 0
STLB STLB hints to L2: 0
L1D TOTAL     ACCESS:    7175698  HIT:    6785827  MISS:     389871  HIT %:    94.5668  MISS %:    5.43321   MPKI: 15.5948
L1D LOAD      ACCESS:    4285204  HIT:    4032221  MISS:     252983  HIT %:    94.0964  MISS %:    5.90364   MPKI: 10.1193
L1D RFO       ACCESS:    2762827  HIT:    2651124  MISS:     111703  HIT %:    95.9569  MISS %:    4.04307   MPKI: 4.46812
L1D PREFETCH  ACCESS:     127667  HIT:     102482  MISS:      25185  HIT %:    80.2729  MISS %:    19.7271   MPKI: 1.0074
AGUS PREFETCH L1 MISS: 0
L1D PREFETCH  REQUESTED:     298646  ISSUED:     298571  USEFUL:      16369  USELESS:       8811
L1D USEFUL LOAD PREFETCHES:      16369 PREFETCH ISSUED TO LOWER LEVEL:      30925  ACCURACY: 52.9313
L1D TIMELY PREFETCHES:      16369 LATE PREFETCHES: 2813 DROPPED PREFETCHES: 0
L1D PREFETCHES SAME FILL-ORIGIN LEVEL: 28065 DIFFERENT FILL-ORIGIN LEVEL: 2860
L1D AVERAGE MISS LATENCY: 452383 cycles
L1D RQ	ACCESS:    5845573	FORWARD:          0	MERGED:    1447768	TO_CACHE:    4320864
L1D WQ	ACCESS:    3047624	FORWARD:      76943	MERGED:      41030	TO_CACHE:    3006594
L1D PQ	ACCESS:     155822	FORWARD:          0	MERGED:      13071	TO_CACHE:     142749

L1D UNIQUE REGIONS ACCESSED: 0
L1D REGIONS CONFLICTS: 0
L1D Cross Page Prefetch Requests: 0
L1D Same Page Prefetch Requests: 546886
L1D ROI Sum of L1D PQ occupancy: 1972641
L1D PREFETCHES PUSHED FROM L2C: 0
L1I TOTAL     ACCESS:    4396344  HIT:    4034234  MISS:     362110  HIT %:    91.7634  MISS %:    8.23662   MPKI: 14.4844
L1I LOAD      ACCESS:    4396344  HIT:    4034234  MISS:     362110  HIT %:    91.7634  MISS %:    8.23662   MPKI: 14.4844
L1I PREFETCH  REQUESTED:          0  ISSUED:          0  USEFUL:          0  USELESS:          0
L1I USEFUL LOAD PREFETCHES:          0 PREFETCH ISSUED TO LOWER LEVEL:          0  ACCURACY: -nan
L1I TIMELY PREFETCHES:          0 LATE PREFETCHES: 0 DROPPED PREFETCHES: 0
L1I PREFETCHES SAME FILL-ORIGIN LEVEL: 0 DIFFERENT FILL-ORIGIN LEVEL: 0
L1I AVERAGE MISS LATENCY: 110.447 cycles
L1I RQ	ACCESS:    6252649	FORWARD:          0	MERGED:    1703531	TO_CACHE:    4549118

BTB TOTAL     ACCESS:    2029937  HIT:    1730538  MISS:     299399  HIT %:    85.2508  MISS %:    14.7492   MPKI: 11.976
BTB BRANCH_DIRECT_JUMP	ACCESS:     126163  HIT:     102446  MISS:      23717
BTB BRANCH_INDIRECT	ACCESS:      45810  HIT:      28349  MISS:      17461
BTB BRANCH_CONDITIONAL	ACCESS:    1410836  HIT:    1350768  MISS:      60068
BTB BRANCH_DIRECT_CALL	ACCESS:     192147  HIT:     136830  MISS:      55317
BTB BRANCH_INDIRECT_CALL	ACCESS:      31367  HIT:      17496  MISS:      13871
BTB BRANCH_RETURN	ACCESS:     223607  HIT:      94649  MISS:     128958
BTB BRANCH_OTHER ACCESS:          7  HIT:          0  MISS:          7

L2C TOTAL     ACCESS:    1026604  HIT:     420224  MISS:     606380  HIT %:    40.9334  MISS %:    59.0666   MPKI: 24.2552
L2C LOAD      ACCESS:     612278  HIT:     181557  MISS:     430721  HIT %:    29.6527  MISS %:    70.3473   MPKI: 17.2288
L2C DATA LOAD MPKI: 6.8306
L2C INSTRUCTION LOAD MPKI: 10.3982
L2C RFO       ACCESS:     111636  HIT:      15363  MISS:      96273  HIT %:    13.7617  MISS %:    86.2383   MPKI: 3.85092
L2C PREFETCH  ACCESS:      29440  HIT:       7646  MISS:      21794  HIT %:    25.9715  MISS %:    74.0285   MPKI: 0.87176
AGUS PREFETCH L1 MISS: 0
L2C DATA PREFETCH MPKI: 0.87176
L2C INSTRUCTION PREFETCH MPKI: 0
L2C WRITEBACK ACCESS:     155643  HIT:     154575  MISS:       1068  HIT %:    99.3138  MISS %:   0.686186   MPKI: 0.04272
L2C LOAD TRANSLATION ACCESS:     117601  HIT:      61079  MISS:      56522  HIT %:    51.9375  MISS %:    48.0625   MPKI: 2.26088
L2C TRANSLATION FROM L1D PREFETCHER ACCESS:          6  HIT:          4  MISS:          2  HIT %:    66.6667  MISS %:    33.3333   MPKI: 8e-05
L2C PREFETCH  REQUESTED:          0  ISSUED:          0  USEFUL:       2120  USELESS:      19695
L2C USEFUL LOAD PREFETCHES:       2120 PREFETCH ISSUED TO LOWER LEVEL:      22477  ACCURACY: 9.43186
L2C TIMELY PREFETCHES:       2120 LATE PREFETCHES: 683 DROPPED PREFETCHES: 0
L2C PREFETCHES SAME FILL-ORIGIN LEVEL: 1910 DIFFERENT FILL-ORIGIN LEVEL: 0
L2C AVERAGE MISS LATENCY: 141.165 cycles
L2C RQ	ACCESS:     841523	FORWARD:          0	MERGED:          0	TO_CACHE:     841521
L2C WQ	ACCESS:     155643	FORWARD:          2	MERGED:          0	TO_CACHE:     155643
L2C PQ	ACCESS:      30925	FORWARD:          0	MERGED:          6	TO_CACHE:      30919

L2C Instructions Evicting Data 122908
L2C Translations Evicting Data 26903
L2C Data Evicting Data 139368
L2C Instructions Evicting Instructions 113382
L2C Translations Evicting Instructions 24404
L2C Data Evicting Instructions 121651
L2C Instructions Evicting Translations 23666
L2C Translations Evicting Translations 5217
L2C Data Evicting Translations 27813
L2C Dense regions hint from L2: 0
PSCL5 TOTAL     ACCESS:      71374  HIT:      71374  MISS:          0  HIT %:        100  MISS %:          0   MPKI: 0
PSCL5 LOAD TRANSLATION ACCESS:      71372  HIT:      71372  MISS:          0  HIT %:        100  MISS %:          0   MPKI: 0
PSCL5 TRANSLATION FROM L1D PREFETCHER ACCESS:          2  HIT:          2  MISS:          0  HIT %:        100  MISS %:          0   MPKI: 0
PSCL5 PREFETCH  REQUESTED:          0  ISSUED:          0  USEFUL:          0  USELESS:          0
PSCL5 USEFUL LOAD PREFETCHES:          0 PREFETCH ISSUED TO LOWER LEVEL:          0  ACCURACY: -nan
PSCL5 TIMELY PREFETCHES:          0 LATE PREFETCHES: 0 DROPPED PREFETCHES: 0
PSCL5 PREFETCHES SAME FILL-ORIGIN LEVEL: 0 DIFFERENT FILL-ORIGIN LEVEL: 0

PSCL4 TOTAL     ACCESS:      70199  HIT:      70002  MISS:        197  HIT %:    99.7194  MISS %:   0.280631   MPKI: 0.00788
PSCL4 LOAD TRANSLATION ACCESS:      70197  HIT:      70000  MISS:        197  HIT %:    99.7194  MISS %:   0.280639   MPKI: 0.00788
PSCL4 TRANSLATION FROM L1D PREFETCHER ACCESS:          2  HIT:          2  MISS:          0  HIT %:        100  MISS %:          0   MPKI: 0
PSCL4 PREFETCH  REQUESTED:          0  ISSUED:          0  USEFUL:          0  USELESS:          0
PSCL4 USEFUL LOAD PREFETCHES:          0 PREFETCH ISSUED TO LOWER LEVEL:          0  ACCURACY: -nan
PSCL4 TIMELY PREFETCHES:          0 LATE PREFETCHES: 0 DROPPED PREFETCHES: 0
PSCL4 PREFETCHES SAME FILL-ORIGIN LEVEL: 0 DIFFERENT FILL-ORIGIN LEVEL: 0

PSCL3 TOTAL     ACCESS:      69928  HIT:      65836  MISS:       4092  HIT %:    94.1483  MISS %:    5.85173   MPKI: 0.16368
PSCL3 LOAD TRANSLATION ACCESS:      69928  HIT:      65836  MISS:       4092  HIT %:    94.1483  MISS %:    5.85173   MPKI: 0.16368
PSCL3 PREFETCH  REQUESTED:          0  ISSUED:          0  USEFUL:          0  USELESS:          0
PSCL3 USEFUL LOAD PREFETCHES:          0 PREFETCH ISSUED TO LOWER LEVEL:          0  ACCURACY: -nan
PSCL3 TIMELY PREFETCHES:          0 LATE PREFETCHES: 0 DROPPED PREFETCHES: 0
PSCL3 PREFETCHES SAME FILL-ORIGIN LEVEL: 0 DIFFERENT FILL-ORIGIN LEVEL: 0

PSCL2 TOTAL     ACCESS:      71374  HIT:      29162  MISS:      42212  HIT %:     40.858  MISS %:     59.142   MPKI: 1.68848
PSCL2 LOAD TRANSLATION ACCESS:      71374  HIT:      29162  MISS:      42212  HIT %:     40.858  MISS %:     59.142   MPKI: 1.68848
PSCL2 PREFETCH  REQUESTED:          0  ISSUED:          0  USEFUL:          0  USELESS:          0
PSCL2 USEFUL LOAD PREFETCHES:          0 PREFETCH ISSUED TO LOWER LEVEL:          0  ACCURACY: -nan
PSCL2 TIMELY PREFETCHES:          0 LATE PREFETCHES: 0 DROPPED PREFETCHES: 0
PSCL2 PREFETCHES SAME FILL-ORIGIN LEVEL: 0 DIFFERENT FILL-ORIGIN LEVEL: 0

LLC TOTAL     ACCESS:     736974  HIT:     298493  MISS:     438481  HIT %:    40.5025  MISS %:    59.4975   MPKI: 17.5392
LLC LOAD      ACCESS:     430036  HIT:     131292  MISS:     298744  HIT %:    30.5305  MISS %:    69.4695   MPKI: 11.9498
LLC RFO       ACCESS:      96273  HIT:       8785  MISS:      87488  HIT %:    9.12509  MISS %:    90.8749   MPKI: 3.49952
LLC PREFETCH  ACCESS:      22477  HIT:       4849  MISS:      17628  HIT %:    21.5732  MISS %:    78.4268   MPKI: 0.70512
AGUS PREFETCH L1 MISS: 0
LLC WRITEBACK ACCESS:     131664  HIT:     131486  MISS:        178  HIT %:    99.8648  MISS %:   0.135193   MPKI: 0.00712
LLC LOAD TRANSLATION ACCESS:      56522  HIT:      22079  MISS:      34443  HIT %:    39.0627  MISS %:    60.9373   MPKI: 1.37772
LLC TRANSLATION FROM L1D PREFETCHER ACCESS:          2  HIT:          2  MISS:          0  HIT %:        100  MISS %:          0   MPKI: 0
LLC PREFETCH  REQUESTED:          0  ISSUED:          0  USEFUL:        633  USELESS:      17179
LLC USEFUL LOAD PREFETCHES:        633 PREFETCH ISSUED TO LOWER LEVEL:      17628  ACCURACY: 3.59088
LLC TIMELY PREFETCHES:        633 LATE PREFETCHES: 0 DROPPED PREFETCHES: 0
LLC PREFETCHES SAME FILL-ORIGIN LEVEL: 0 DIFFERENT FILL-ORIGIN LEVEL: 0
LLC AVERAGE MISS LATENCY: 153.235 cycles
LLC RQ	ACCESS:     582835	FORWARD:          0	MERGED:          0	TO_CACHE:     582833
LLC WQ	ACCESS:     131664	FORWARD:          2	MERGED:          0	TO_CACHE:     131664
LLC PQ	ACCESS:      22477	FORWARD:          0	MERGED:          0	TO_CACHE:      22477

LLC Dense regions hint to LLC: 0

RAW hits: 197328
Loads Generated: 6042902
Loads sent to L1D: 5845573
Stores Generated: 3047659
Stores sent to L1D: 3047660
Major fault: 0 Minor fault: 45580
Allocated PAGES: 45580
CPU 0 L1D PC-based stride prefetcher final stats
Degree: 3

DRAM Statistics
 CHANNEL 0
 RQ ROW_BUFFER_HIT:      97759  ROW_BUFFER_MISS:     340544
 DBUS_CONGESTED:        228
 WQ ROW_BUFFER_HIT:      42446  ROW_BUFFER_MISS:      71105  FULL:          0

 AVG_CONGESTED_CYCLE: 4
 All warmup complete: 2
Channel 0 Bank busy for read cycles: 0
Channel 0 Bank busy for write cycles: 0
Channel 0
Rank 0
0banks busy for read cycles: 48164025
0banks busy for write cycles: 50732
1banks busy for read cycles: 33093100
1banks busy for write cycles: 9801909
2banks busy for read cycles: 6883917
2banks busy for write cycles: 3595611
3banks busy for read cycles: 1252697
3banks busy for write cycles: 1537377
4banks busy for read cycles: 411176
4banks busy for write cycles: 780046
5banks busy for read cycles: 199138
5banks busy for write cycles: 448191
6banks busy for read cycles: 145120
6banks busy for write cycles: 266264
7banks busy for read cycles: 87168
7banks busy for write cycles: 189709
8banks busy for read cycles: 154021
8banks busy for write cycles: 186411

CPU 0 Branch Prediction Accuracy: 91.1975% MPKI: 16.1264 Average ROB Occupancy at Mispredict: 13.881
Branch types
NOT_BRANCH: 20419575 81.6783%
BRANCH_DIRECT_JUMP: 126163 0.504652%
BRANCH_INDIRECT: 45810 0.18324%
BRANCH_CONDITIONAL: 3960982 15.8439%
BRANCH_DIRECT_CALL: 192147 0.768588%
BRANCH_INDIRECT_CALL: 31367 0.125468%
BRANCH_RETURN: 223607 0.894428%
BRANCH_OTHER: 7 2.8e-05%

DRAM PAGES: 1048576
Allocated PAGES: 45580
