
*** ChampSim Multicore Out-of-Order Simulator ***

Warmup Instructions: 25000000
Simulation Instructions: 25000000
Number of CPUs: 1
LLC sets: 2048
LLC ways: 16
Off-chip DRAM Size: 4096 MB Channels: 1 Width: 64-bit Data Rate: 6400 MT/s
CPU 0 runs ../traces/Trace3.gz
.gz
BTB has LRU replacement policy
ITLB has LRU replacement policy
DTLB has LRU replacement policy
STLB has LRU replacement policy
L1I has LRU replacement policy
CPU 0 L1D IP-based stride prefetcher
L1D has LRU replacement policy
L2C has LRU replacement policy
LLC has LRU replacement policy
Heartbeat CPU 0 instructions: 10000000 cycles: 3015837 heartbeat IPC: 3.31583 cumulative IPC: 3.31583 (Simulation time: 0 hr 0 min 18 sec) 
Heartbeat CPU 0 instructions: 20000000 cycles: 6013503 heartbeat IPC: 3.33593 cumulative IPC: 3.32585 (Simulation time: 0 hr 0 min 35 sec) 

Warmup complete CPU 0 instructions: 25000002 cycles: 7507859 (Simulation time: 0 hr 0 min 43 sec) 

Heartbeat CPU 0 instructions: 30000000 cycles: 22087753 heartbeat IPC: 0.622113 cumulative IPC: 0.342938 (Simulation time: 0 hr 0 min 54 sec) 
Heartbeat CPU 0 instructions: 40000003 cycles: 47963579 heartbeat IPC: 0.386461 cumulative IPC: 0.370776 (Simulation time: 0 hr 1 min 17 sec) 
Heartbeat CPU 0 instructions: 50000000 cycles: 72835388 heartbeat IPC: 0.402061 cumulative IPC: 0.382687 (Simulation time: 0 hr 1 min 38 sec) 
Finished CPU 0 instructions: 25000001 cycles: 65327530 cumulative IPC: 0.382687 (Simulation time: 0 hr 1 min 38 sec) 

ChampSim completed all CPUs

Region of Interest Statistics

CPU 0 cumulative IPC: 0.382687 instructions: 25000001 cycles: 65327530
ITLB TOTAL     ACCESS:    3878739  HIT:    3874701  MISS:       4038  HIT %:    99.8959  MISS %:   0.104106   MPKI: 0.16152
ITLB LOAD TRANSLATION ACCESS:    3878739  HIT:    3874701  MISS:       4038  HIT %:    99.8959  MISS %:   0.104106   MPKI: 0.16152
ITLB PREFETCH  REQUESTED:          0  ISSUED:          0  USEFUL:          0  USELESS:          0
ITLB USEFUL LOAD PREFETCHES:          0 PREFETCH ISSUED TO LOWER LEVEL:          0  ACCURACY: -nan
ITLB TIMELY PREFETCHES:          0 LATE PREFETCHES: 0 DROPPED PREFETCHES: 0
ITLB PREFETCHES SAME FILL-ORIGIN LEVEL: 0 DIFFERENT FILL-ORIGIN LEVEL: 0
ITLB AVERAGE MISS LATENCY: 55.7105 cycles
ITLB RQ	ACCESS:    4679521	FORWARD:          0	MERGED:     800134	TO_CACHE:    3879387

DTLB TOTAL     ACCESS:    6758610  HIT:    6676499  MISS:      82111  HIT %:    98.7851  MISS %:    1.21491   MPKI: 3.28444
DTLB LOAD TRANSLATION ACCESS:    6758610  HIT:    6676499  MISS:      82111  HIT %:    98.7851  MISS %:    1.21491   MPKI: 3.28444
DTLB PREFETCH  REQUESTED:          0  ISSUED:          0  USEFUL:          0  USELESS:          0
DTLB USEFUL LOAD PREFETCHES:          0 PREFETCH ISSUED TO LOWER LEVEL:          0  ACCURACY: -nan
DTLB TIMELY PREFETCHES:          0 LATE PREFETCHES: 0 DROPPED PREFETCHES: 0
DTLB PREFETCHES SAME FILL-ORIGIN LEVEL: 0 DIFFERENT FILL-ORIGIN LEVEL: 0
DTLB AVERAGE MISS LATENCY: 61.295 cycles
DTLB RQ	ACCESS:    8236865	FORWARD:          0	MERGED:    1447885	TO_CACHE:    6788980

STLB TOTAL     ACCESS:     118787  HIT:      95434  MISS:      23353  HIT %:    80.3404  MISS %:    19.6596   MPKI: 0.93412
STLB LOAD TRANSLATION ACCESS:      86149  HIT:      62796  MISS:      23353  HIT %:    72.8923  MISS %:    27.1077   MPKI: 0.93412
STLB TRANSLATION FROM L1D PREFETCHER ACCESS:      32638  HIT:      32638  MISS:          0  HIT %:        100  MISS %:          0   MPKI: 0
STLB PREFETCH  REQUESTED:          0  ISSUED:          0  USEFUL:          0  USELESS:          0
STLB USEFUL LOAD PREFETCHES:          0 PREFETCH ISSUED TO LOWER LEVEL:          0  ACCURACY: -nan
STLB TIMELY PREFETCHES:          0 LATE PREFETCHES: 0 DROPPED PREFETCHES: 0
STLB PREFETCHES SAME FILL-ORIGIN LEVEL: 0 DIFFERENT FILL-ORIGIN LEVEL: 0
STLB AVERAGE MISS LATENCY: 191.404 cycles
STLB RQ	ACCESS:     183306	FORWARD:          0	MERGED:      64519	TO_CACHE:     118787

STLB Hit, L1D data hit: 0
STLB Hit, L2C data hit: 0
STLB Hit, LLC data hit: 0
STLB Hit, LLC data miss: 0
STLB STLB hints to L2: 0
L1D TOTAL     ACCESS:    8194877  HIT:    8057590  MISS:     137287  HIT %:    98.3247  MISS %:    1.67528   MPKI: 5.49148
L1D LOAD      ACCESS:    5093538  HIT:    5010596  MISS:      82942  HIT %:    98.3716  MISS %:    1.62838   MPKI: 3.31768
L1D RFO       ACCESS:    3017598  HIT:    2976596  MISS:      41002  HIT %:    98.6412  MISS %:    1.35876   MPKI: 1.64008
L1D PREFETCH  ACCESS:      83741  HIT:      70398  MISS:      13343  HIT %:    84.0663  MISS %:    15.9337   MPKI: 0.53372
AGUS PREFETCH L1 MISS: 0
L1D PREFETCH  REQUESTED:     200683  ISSUED:     200683  USEFUL:       2742  USELESS:      10616
L1D USEFUL LOAD PREFETCHES:       2742 PREFETCH ISSUED TO LOWER LEVEL:      17069  ACCURACY: 16.0642
L1D TIMELY PREFETCHES:       2742 LATE PREFETCHES: 3041 DROPPED PREFETCHES: 0
L1D PREFETCHES SAME FILL-ORIGIN LEVEL: 16386 DIFFERENT FILL-ORIGIN LEVEL: 683
L1D AVERAGE MISS LATENCY: 572558 cycles
L1D RQ	ACCESS:    7158788	FORWARD:          0	MERGED:    1921871	TO_CACHE:    5107985
L1D WQ	ACCESS:    3226976	FORWARD:     128937	MERGED:      98096	TO_CACHE:    3128880
L1D PQ	ACCESS:     103526	FORWARD:          0	MERGED:       6364	TO_CACHE:      97157

L1D UNIQUE REGIONS ACCESSED: 0
L1D REGIONS CONFLICTS: 0
L1D Cross Page Prefetch Requests: 0
L1D Same Page Prefetch Requests: 363257
L1D ROI Sum of L1D PQ occupancy: 1292340
L1D PREFETCHES PUSHED FROM L2C: 0
L1I TOTAL     ACCESS:    4657931  HIT:    4604801  MISS:      53130  HIT %:    98.8594  MISS %:    1.14064   MPKI: 2.1252
L1I LOAD      ACCESS:    4657931  HIT:    4604801  MISS:      53130  HIT %:    98.8594  MISS %:    1.14064   MPKI: 2.1252
L1I PREFETCH  REQUESTED:          0  ISSUED:          0  USEFUL:          0  USELESS:          0
L1I USEFUL LOAD PREFETCHES:          0 PREFETCH ISSUED TO LOWER LEVEL:          0  ACCURACY: -nan
L1I TIMELY PREFETCHES:          0 LATE PREFETCHES: 0 DROPPED PREFETCHES: 0
L1I PREFETCHES SAME FILL-ORIGIN LEVEL: 0 DIFFERENT FILL-ORIGIN LEVEL: 0
L1I AVERAGE MISS LATENCY: 77.4679 cycles
L1I RQ	ACCESS:    6565967	FORWARD:          0	MERGED:    1886446	TO_CACHE:    4679521

BTB TOTAL     ACCESS:    3429096  HIT:    3275942  MISS:     153154  HIT %:    95.5337  MISS %:    4.46631   MPKI: 6.12616
BTB BRANCH_DIRECT_JUMP	ACCESS:     487279  HIT:     484673  MISS:       2606
BTB BRANCH_INDIRECT	ACCESS:      19539  HIT:       3769  MISS:      15770
BTB BRANCH_CONDITIONAL	ACCESS:    2395393  HIT:    2389650  MISS:       5743
BTB BRANCH_DIRECT_CALL	ACCESS:     107379  HIT:     103734  MISS:       3645
BTB BRANCH_INDIRECT_CALL	ACCESS:     156045  HIT:      76949  MISS:      79096
BTB BRANCH_RETURN	ACCESS:     263460  HIT:     217167  MISS:      46293
BTB BRANCH_OTHER ACCESS:          1  HIT:          0  MISS:          1

L2C TOTAL     ACCESS:     301107  HIT:     136710  MISS:     164397  HIT %:    45.4025  MISS %:    54.5975   MPKI: 6.57588
L2C LOAD      ACCESS:     133030  HIT:      38676  MISS:      94354  HIT %:    29.0731  MISS %:    70.9269   MPKI: 3.77416
L2C DATA LOAD MPKI: 2.63188
L2C INSTRUCTION LOAD MPKI: 1.14228
L2C RFO       ACCESS:      41000  HIT:       4650  MISS:      36350  HIT %:    11.3415  MISS %:    88.6585   MPKI: 1.454
L2C PREFETCH  ACCESS:      16891  HIT:       1123  MISS:      15768  HIT %:    6.64851  MISS %:    93.3515   MPKI: 0.63072
AGUS PREFETCH L1 MISS: 0
L2C DATA PREFETCH MPKI: 0.63072
L2C INSTRUCTION PREFETCH MPKI: 0
L2C WRITEBACK ACCESS:      72142  HIT:      71831  MISS:        311  HIT %:    99.5689  MISS %:   0.431094   MPKI: 0.01244
L2C LOAD TRANSLATION ACCESS:      38044  HIT:      20430  MISS:      17614  HIT %:     53.701  MISS %:     46.299   MPKI: 0.70456
L2C PREFETCH  REQUESTED:          0  ISSUED:          0  USEFUL:        528  USELESS:      15023
L2C USEFUL LOAD PREFETCHES:        528 PREFETCH ISSUED TO LOWER LEVEL:      15846  ACCURACY: 3.33207
L2C TIMELY PREFETCHES:        528 LATE PREFETCHES: 78 DROPPED PREFETCHES: 0
L2C PREFETCHES SAME FILL-ORIGIN LEVEL: 448 DIFFERENT FILL-ORIGIN LEVEL: 0
L2C AVERAGE MISS LATENCY: 157.291 cycles
L2C RQ	ACCESS:     212075	FORWARD:          0	MERGED:          0	TO_CACHE:     212074
L2C WQ	ACCESS:      72142	FORWARD:          1	MERGED:          0	TO_CACHE:      72142
L2C PQ	ACCESS:      17069	FORWARD:          0	MERGED:          2	TO_CACHE:      17067

L2C Instructions Evicting Data 17105
L2C Translations Evicting Data 12518
L2C Data Evicting Data 85106
L2C Instructions Evicting Instructions 8204
L2C Translations Evicting Instructions 3168
L2C Data Evicting Instructions 19824
L2C Instructions Evicting Translations 3248
L2C Translations Evicting Translations 1928
L2C Data Evicting Translations 12985
L2C Dense regions hint from L2: 0
PSCL5 TOTAL     ACCESS:      23353  HIT:      23353  MISS:          0  HIT %:        100  MISS %:          0   MPKI: 0
PSCL5 LOAD TRANSLATION ACCESS:      23353  HIT:      23353  MISS:          0  HIT %:        100  MISS %:          0   MPKI: 0
PSCL5 PREFETCH  REQUESTED:          0  ISSUED:          0  USEFUL:          0  USELESS:          0
PSCL5 USEFUL LOAD PREFETCHES:          0 PREFETCH ISSUED TO LOWER LEVEL:          0  ACCURACY: -nan
PSCL5 TIMELY PREFETCHES:          0 LATE PREFETCHES: 0 DROPPED PREFETCHES: 0
PSCL5 PREFETCHES SAME FILL-ORIGIN LEVEL: 0 DIFFERENT FILL-ORIGIN LEVEL: 0

PSCL4 TOTAL     ACCESS:      21730  HIT:      21650  MISS:         80  HIT %:    99.6318  MISS %:   0.368155   MPKI: 0.0032
PSCL4 LOAD TRANSLATION ACCESS:      21730  HIT:      21650  MISS:         80  HIT %:    99.6318  MISS %:   0.368155   MPKI: 0.0032
PSCL4 PREFETCH  REQUESTED:          0  ISSUED:          0  USEFUL:          0  USELESS:          0
PSCL4 USEFUL LOAD PREFETCHES:          0 PREFETCH ISSUED TO LOWER LEVEL:          0  ACCURACY: -nan
PSCL4 TIMELY PREFETCHES:          0 LATE PREFETCHES: 0 DROPPED PREFETCHES: 0
PSCL4 PREFETCHES SAME FILL-ORIGIN LEVEL: 0 DIFFERENT FILL-ORIGIN LEVEL: 0

PSCL3 TOTAL     ACCESS:      23143  HIT:      22624  MISS:        519  HIT %:    97.7574  MISS %:    2.24258   MPKI: 0.02076
PSCL3 LOAD TRANSLATION ACCESS:      23143  HIT:      22624  MISS:        519  HIT %:    97.7574  MISS %:    2.24258   MPKI: 0.02076
PSCL3 PREFETCH  REQUESTED:          0  ISSUED:          0  USEFUL:          0  USELESS:          0
PSCL3 USEFUL LOAD PREFETCHES:          0 PREFETCH ISSUED TO LOWER LEVEL:          0  ACCURACY: -nan
PSCL3 TIMELY PREFETCHES:          0 LATE PREFETCHES: 0 DROPPED PREFETCHES: 0
PSCL3 PREFETCHES SAME FILL-ORIGIN LEVEL: 0 DIFFERENT FILL-ORIGIN LEVEL: 0

PSCL2 TOTAL     ACCESS:      23353  HIT:       9182  MISS:      14171  HIT %:    39.3183  MISS %:    60.6817   MPKI: 0.56684
PSCL2 LOAD TRANSLATION ACCESS:      23353  HIT:       9182  MISS:      14171  HIT %:    39.3183  MISS %:    60.6817   MPKI: 0.56684
PSCL2 PREFETCH  REQUESTED:          0  ISSUED:          0  USEFUL:          0  USELESS:          0
PSCL2 USEFUL LOAD PREFETCHES:          0 PREFETCH ISSUED TO LOWER LEVEL:          0  ACCURACY: -nan
PSCL2 TIMELY PREFETCHES:          0 LATE PREFETCHES: 0 DROPPED PREFETCHES: 0
PSCL2 PREFETCHES SAME FILL-ORIGIN LEVEL: 0 DIFFERENT FILL-ORIGIN LEVEL: 0

LLC TOTAL     ACCESS:     228392  HIT:      92586  MISS:     135806  HIT %:    40.5382  MISS %:    59.4618   MPKI: 5.43224
LLC LOAD      ACCESS:      94276  HIT:      20445  MISS:      73831  HIT %:    21.6863  MISS %:    78.3137   MPKI: 2.95324
LLC RFO       ACCESS:      36350  HIT:       1666  MISS:      34684  HIT %:    4.58322  MISS %:    95.4168   MPKI: 1.38736
LLC PREFETCH  ACCESS:      15846  HIT:        366  MISS:      15480  HIT %:    2.30973  MISS %:    97.6903   MPKI: 0.6192
AGUS PREFETCH L1 MISS: 0
LLC WRITEBACK ACCESS:      64306  HIT:      64235  MISS:         71  HIT %:    99.8896  MISS %:    0.11041   MPKI: 0.00284
LLC LOAD TRANSLATION ACCESS:      17614  HIT:       5874  MISS:      11740  HIT %:    33.3485  MISS %:    66.6515   MPKI: 0.4696
LLC PREFETCH  REQUESTED:          0  ISSUED:          0  USEFUL:        259  USELESS:      13377
LLC USEFUL LOAD PREFETCHES:        259 PREFETCH ISSUED TO LOWER LEVEL:      15480  ACCURACY: 1.67313
LLC TIMELY PREFETCHES:        259 LATE PREFETCHES: 0 DROPPED PREFETCHES: 0
LLC PREFETCHES SAME FILL-ORIGIN LEVEL: 0 DIFFERENT FILL-ORIGIN LEVEL: 0
LLC AVERAGE MISS LATENCY: 153.368 cycles
LLC RQ	ACCESS:     148240	FORWARD:          0	MERGED:          0	TO_CACHE:     148240
LLC WQ	ACCESS:      64306	FORWARD:          0	MERGED:          0	TO_CACHE:      64306
LLC PQ	ACCESS:      15846	FORWARD:          0	MERGED:          0	TO_CACHE:      15846

LLC Dense regions hint to LLC: 0

RAW hits: 416332
Loads Generated: 7575120
Loads sent to L1D: 7158788
Stores Generated: 3226960
Stores sent to L1D: 3226976
Major fault: 0 Minor fault: 42448
Allocated PAGES: 42448
CPU 0 L1D PC-based stride prefetcher final stats
Degree: 3

DRAM Statistics
 CHANNEL 0
 RQ ROW_BUFFER_HIT:      31703  ROW_BUFFER_MISS:     104032
 DBUS_CONGESTED:         71
 WQ ROW_BUFFER_HIT:      13656  ROW_BUFFER_MISS:      40115  FULL:          0

 AVG_CONGESTED_CYCLE: 5
 All warmup complete: 2
Channel 0 Bank busy for read cycles: 0
Channel 0 Bank busy for write cycles: 0
Channel 0
Rank 0
0banks busy for read cycles: 49184093
0banks busy for write cycles: 17766
1banks busy for read cycles: 7422671
1banks busy for write cycles: 2813658
2banks busy for read cycles: 2005601
2banks busy for write cycles: 1064827
3banks busy for read cycles: 601562
3banks busy for write cycles: 560709
4banks busy for read cycles: 228134
4banks busy for write cycles: 320374
5banks busy for read cycles: 139039
5banks busy for write cycles: 225434
6banks busy for read cycles: 89118
6banks busy for write cycles: 167100
7banks busy for read cycles: 92126
7banks busy for write cycles: 149546
8banks busy for read cycles: 145573
8banks busy for write cycles: 100200

CPU 0 Branch Prediction Accuracy: 96.6781% MPKI: 7.22532 Average ROB Occupancy at Mispredict: 37.4368
Branch types
NOT_BRANCH: 19561996 78.248%
BRANCH_DIRECT_JUMP: 487279 1.94912%
BRANCH_INDIRECT: 19539 0.078156%
BRANCH_CONDITIONAL: 4403958 17.6158%
BRANCH_DIRECT_CALL: 107379 0.429516%
BRANCH_INDIRECT_CALL: 156045 0.62418%
BRANCH_RETURN: 263460 1.05384%
BRANCH_OTHER: 1 4e-06%

DRAM PAGES: 1048576
Allocated PAGES: 42448
