
*** ChampSim Multicore Out-of-Order Simulator ***

Warmup Instructions: 25000000
Simulation Instructions: 25000000
Number of CPUs: 1
LLC sets: 2048
LLC ways: 16
Off-chip DRAM Size: 4096 MB Channels: 1 Width: 64-bit Data Rate: 6400 MT/s
CPU 0 runs ../traces/Trace1.gz
.gz
BTB has LRU replacement policy
ITLB has LRU replacement policy
DTLB has LRU replacement policy
STLB has LRU replacement policy
L1I has LRU replacement policy
L1D has LRU replacement policy
Initialize IRRIP state for L2C
LLC has LRU replacement policy
Heartbeat CPU 0 instructions: 10000002 cycles: 2954310 heartbeat IPC: 3.38489 cumulative IPC: 3.38489 (Simulation time: 0 hr 0 min 29 sec) 
Heartbeat CPU 0 instructions: 20000001 cycles: 5916349 heartbeat IPC: 3.37605 cumulative IPC: 3.38046 (Simulation time: 0 hr 0 min 58 sec) 

Warmup complete CPU 0 instructions: 25000004 cycles: 7351050 (Simulation time: 0 hr 1 min 12 sec) 

Heartbeat CPU 0 instructions: 30000003 cycles: 31312483 heartbeat IPC: 0.393761 cumulative IPC: 0.208669 (Simulation time: 0 hr 1 min 34 sec) 
Heartbeat CPU 0 instructions: 40000000 cycles: 71794812 heartbeat IPC: 0.247021 cumulative IPC: 0.232761 (Simulation time: 0 hr 2 min 16 sec) 
Heartbeat CPU 0 instructions: 50000000 cycles: 115124563 heartbeat IPC: 0.230788 cumulative IPC: 0.231968 (Simulation time: 0 hr 2 min 59 sec) 
Finished CPU 0 instructions: 25000000 cycles: 107773517 cumulative IPC: 0.231968 (Simulation time: 0 hr 2 min 59 sec) 

ChampSim completed all CPUs

Region of Interest Statistics

CPU 0 cumulative IPC: 0.231968 instructions: 25000000 cycles: 107773517
ITLB TOTAL     ACCESS:    3638708  HIT:    3617299  MISS:      21409  HIT %:    99.4116  MISS %:   0.588368   MPKI: 0.85636
ITLB LOAD TRANSLATION ACCESS:    3638708  HIT:    3617299  MISS:      21409  HIT %:    99.4116  MISS %:   0.588368   MPKI: 0.85636
ITLB PREFETCH  REQUESTED:          0  ISSUED:          0  USEFUL:          0  USELESS:          0
ITLB USEFUL LOAD PREFETCHES:          0 PREFETCH ISSUED TO LOWER LEVEL:          0  ACCURACY: -nan
ITLB TIMELY PREFETCHES:          0 LATE PREFETCHES: 0 DROPPED PREFETCHES: 0
ITLB PREFETCHES SAME FILL-ORIGIN LEVEL: 0 DIFFERENT FILL-ORIGIN LEVEL: 0
ITLB AVERAGE MISS LATENCY: 42.394 cycles
ITLB RQ	ACCESS:    4549774	FORWARD:          0	MERGED:     907924	TO_CACHE:    3641850

DTLB TOTAL     ACCESS:    5917248  HIT:    5724291  MISS:     192957  HIT %:    96.7391  MISS %:    3.26092   MPKI: 7.71828
DTLB LOAD TRANSLATION ACCESS:    5917248  HIT:    5724291  MISS:     192957  HIT %:    96.7391  MISS %:    3.26092   MPKI: 7.71828
DTLB PREFETCH  REQUESTED:          0  ISSUED:          0  USEFUL:          0  USELESS:          0
DTLB USEFUL LOAD PREFETCHES:          0 PREFETCH ISSUED TO LOWER LEVEL:          0  ACCURACY: -nan
DTLB TIMELY PREFETCHES:          0 LATE PREFETCHES: 0 DROPPED PREFETCHES: 0
DTLB PREFETCHES SAME FILL-ORIGIN LEVEL: 0 DIFFERENT FILL-ORIGIN LEVEL: 0
DTLB AVERAGE MISS LATENCY: 79.5872 cycles
DTLB RQ	ACCESS:    7322229	FORWARD:          0	MERGED:    1367673	TO_CACHE:    5954556

STLB TOTAL     ACCESS:     214366  HIT:     142985  MISS:      71381  HIT %:    66.7013  MISS %:    33.2987   MPKI: 2.85524
STLB LOAD TRANSLATION ACCESS:     214366  HIT:     142985  MISS:      71381  HIT %:    66.7013  MISS %:    33.2987   MPKI: 2.85524
STLB PREFETCH  REQUESTED:          0  ISSUED:          0  USEFUL:          0  USELESS:          0
STLB USEFUL LOAD PREFETCHES:          0 PREFETCH ISSUED TO LOWER LEVEL:          0  ACCURACY: -nan
STLB TIMELY PREFETCHES:          0 LATE PREFETCHES: 0 DROPPED PREFETCHES: 0
STLB PREFETCHES SAME FILL-ORIGIN LEVEL: 0 DIFFERENT FILL-ORIGIN LEVEL: 0
STLB AVERAGE MISS LATENCY: 200.399 cycles
STLB RQ	ACCESS:     214366	FORWARD:          0	MERGED:          0	TO_CACHE:     214366

STLB Hit, L1D data hit: 0
STLB Hit, L2C data hit: 0
STLB Hit, LLC data hit: 0
STLB Hit, LLC data miss: 0
STLB STLB hints to L2: 0
L1D TOTAL     ACCESS:    7036811  HIT:    6657424  MISS:     379387  HIT %:    94.6085  MISS %:    5.39146   MPKI: 15.1755
L1D LOAD      ACCESS:    4275479  HIT:    4008496  MISS:     266983  HIT %:    93.7555  MISS %:    6.24452   MPKI: 10.6793
L1D RFO       ACCESS:    2761332  HIT:    2648928  MISS:     112404  HIT %:    95.9294  MISS %:    4.07064   MPKI: 4.49616
L1D PREFETCH  REQUESTED:          0  ISSUED:          0  USEFUL:          0  USELESS:          0
L1D USEFUL LOAD PREFETCHES:          0 PREFETCH ISSUED TO LOWER LEVEL:          0  ACCURACY: -nan
L1D TIMELY PREFETCHES:          0 LATE PREFETCHES: 0 DROPPED PREFETCHES: 0
L1D PREFETCHES SAME FILL-ORIGIN LEVEL: 0 DIFFERENT FILL-ORIGIN LEVEL: 0
L1D AVERAGE MISS LATENCY: 125.105 cycles
L1D RQ	ACCESS:    5844035	FORWARD:          0	MERGED:    1450830	TO_CACHE:    4316100
L1D WQ	ACCESS:    3047625	FORWARD:      77105	MERGED:      41496	TO_CACHE:    3006129

L1D UNIQUE REGIONS ACCESSED: 0
L1D REGIONS CONFLICTS: 0
L1D Cross Page Prefetch Requests: 0
L1D Same Page Prefetch Requests: 0
L1D ROI Sum of L1D PQ occupancy: 0
L1D PREFETCHES PUSHED FROM L2C: 0
L1I TOTAL     ACCESS:    4397162  HIT:    4035052  MISS:     362110  HIT %:    91.7649  MISS %:    8.23508   MPKI: 14.4844
L1I LOAD      ACCESS:    4397162  HIT:    4035052  MISS:     362110  HIT %:    91.7649  MISS %:    8.23508   MPKI: 14.4844
L1I PREFETCH  REQUESTED:          0  ISSUED:          0  USEFUL:          0  USELESS:          0
L1I USEFUL LOAD PREFETCHES:          0 PREFETCH ISSUED TO LOWER LEVEL:          0  ACCURACY: -nan
L1I TIMELY PREFETCHES:          0 LATE PREFETCHES: 0 DROPPED PREFETCHES: 0
L1I PREFETCHES SAME FILL-ORIGIN LEVEL: 0 DIFFERENT FILL-ORIGIN LEVEL: 0
L1I AVERAGE MISS LATENCY: 109.734 cycles
L1I RQ	ACCESS:    6255336	FORWARD:          0	MERGED:    1705562	TO_CACHE:    4549774

BTB TOTAL     ACCESS:    2029937  HIT:    1730538  MISS:     299399  HIT %:    85.2508  MISS %:    14.7492   MPKI: 11.976
BTB BRANCH_DIRECT_JUMP	ACCESS:     126163  HIT:     102446  MISS:      23717
BTB BRANCH_INDIRECT	ACCESS:      45810  HIT:      28349  MISS:      17461
BTB BRANCH_CONDITIONAL	ACCESS:    1410836  HIT:    1350768  MISS:      60068
BTB BRANCH_DIRECT_CALL	ACCESS:     192147  HIT:     136830  MISS:      55317
BTB BRANCH_INDIRECT_CALL	ACCESS:      31367  HIT:      17496  MISS:      13871
BTB BRANCH_RETURN	ACCESS:     223607  HIT:      94649  MISS:     128958
BTB BRANCH_OTHER ACCESS:          7  HIT:          0  MISS:          7

L2C TOTAL     ACCESS:    1014343  HIT:     400691  MISS:     613652  HIT %:    39.5025  MISS %:    60.4975   MPKI: 24.5461
L2C LOAD      ACCESS:     629091  HIT:     189617  MISS:     439474  HIT %:    30.1414  MISS %:    69.8586   MPKI: 17.579
L2C DATA LOAD MPKI: 7.51704
L2C INSTRUCTION LOAD MPKI: 10.0619
L2C RFO       ACCESS:     112403  HIT:      17155  MISS:      95248  HIT %:     15.262  MISS %:     84.738   MPKI: 3.80992
L2C WRITEBACK ACCESS:     155209  HIT:     133809  MISS:      21400  HIT %:    86.2121  MISS %:    13.7879   MPKI: 0.856
L2C LOAD TRANSLATION ACCESS:     117640  HIT:      60110  MISS:      57530  HIT %:    51.0966  MISS %:    48.9034   MPKI: 2.3012
L2C PREFETCH  REQUESTED:          0  ISSUED:          0  USEFUL:          0  USELESS:          0
L2C USEFUL LOAD PREFETCHES:          0 PREFETCH ISSUED TO LOWER LEVEL:          0  ACCURACY: -nan
L2C TIMELY PREFETCHES:          0 LATE PREFETCHES: 0 DROPPED PREFETCHES: 0
L2C PREFETCHES SAME FILL-ORIGIN LEVEL: 0 DIFFERENT FILL-ORIGIN LEVEL: 0
L2C AVERAGE MISS LATENCY: 136.82 cycles
L2C RQ	ACCESS:     859137	FORWARD:          0	MERGED:          0	TO_CACHE:     859134
L2C WQ	ACCESS:     155209	FORWARD:          3	MERGED:          0	TO_CACHE:     155209

L2C Instructions Evicting Data 124797
L2C Translations Evicting Data 28542
L2C Data Evicting Data 140475
L2C Instructions Evicting Instructions 103641
L2C Translations Evicting Instructions 23430
L2C Data Evicting Instructions 115572
L2C Instructions Evicting Translations 23110
L2C Translations Evicting Translations 5558
L2C Data Evicting Translations 27127
L2C Dense regions hint from L2: 0
PSCL5 TOTAL     ACCESS:      71381  HIT:      71381  MISS:          0  HIT %:        100  MISS %:          0   MPKI: 0
PSCL5 LOAD TRANSLATION ACCESS:      71381  HIT:      71381  MISS:          0  HIT %:        100  MISS %:          0   MPKI: 0
PSCL5 PREFETCH  REQUESTED:          0  ISSUED:          0  USEFUL:          0  USELESS:          0
PSCL5 USEFUL LOAD PREFETCHES:          0 PREFETCH ISSUED TO LOWER LEVEL:          0  ACCURACY: -nan
PSCL5 TIMELY PREFETCHES:          0 LATE PREFETCHES: 0 DROPPED PREFETCHES: 0
PSCL5 PREFETCHES SAME FILL-ORIGIN LEVEL: 0 DIFFERENT FILL-ORIGIN LEVEL: 0

PSCL4 TOTAL     ACCESS:      70573  HIT:      70377  MISS:        196  HIT %:    99.7223  MISS %:   0.277727   MPKI: 0.00784
PSCL4 LOAD TRANSLATION ACCESS:      70573  HIT:      70377  MISS:        196  HIT %:    99.7223  MISS %:   0.277727   MPKI: 0.00784
PSCL4 PREFETCH  REQUESTED:          0  ISSUED:          0  USEFUL:          0  USELESS:          0
PSCL4 USEFUL LOAD PREFETCHES:          0 PREFETCH ISSUED TO LOWER LEVEL:          0  ACCURACY: -nan
PSCL4 TIMELY PREFETCHES:          0 LATE PREFETCHES: 0 DROPPED PREFETCHES: 0
PSCL4 PREFETCHES SAME FILL-ORIGIN LEVEL: 0 DIFFERENT FILL-ORIGIN LEVEL: 0

PSCL3 TOTAL     ACCESS:      69950  HIT:      65833  MISS:       4117  HIT %:    94.1144  MISS %:    5.88563   MPKI: 0.16468
PSCL3 LOAD TRANSLATION ACCESS:      69950  HIT:      65833  MISS:       4117  HIT %:    94.1144  MISS %:    5.88563   MPKI: 0.16468
PSCL3 PREFETCH  REQUESTED:          0  ISSUED:          0  USEFUL:          0  USELESS:          0
PSCL3 USEFUL LOAD PREFETCHES:          0 PREFETCH ISSUED TO LOWER LEVEL:          0  ACCURACY: -nan
PSCL3 TIMELY PREFETCHES:          0 LATE PREFETCHES: 0 DROPPED PREFETCHES: 0
PSCL3 PREFETCHES SAME FILL-ORIGIN LEVEL: 0 DIFFERENT FILL-ORIGIN LEVEL: 0

PSCL2 TOTAL     ACCESS:      71381  HIT:      29167  MISS:      42214  HIT %:     40.861  MISS %:     59.139   MPKI: 1.68856
PSCL2 LOAD TRANSLATION ACCESS:      71381  HIT:      29167  MISS:      42214  HIT %:     40.861  MISS %:     59.139   MPKI: 1.68856
PSCL2 PREFETCH  REQUESTED:          0  ISSUED:          0  USEFUL:          0  USELESS:          0
PSCL2 USEFUL LOAD PREFETCHES:          0 PREFETCH ISSUED TO LOWER LEVEL:          0  ACCURACY: -nan
PSCL2 TIMELY PREFETCHES:          0 LATE PREFETCHES: 0 DROPPED PREFETCHES: 0
PSCL2 PREFETCHES SAME FILL-ORIGIN LEVEL: 0 DIFFERENT FILL-ORIGIN LEVEL: 0

LLC TOTAL     ACCESS:     719177  HIT:     287526  MISS:     431651  HIT %:    39.9799  MISS %:    60.0201   MPKI: 17.266
LLC LOAD      ACCESS:     439474  HIT:     131297  MISS:     308177  HIT %:    29.8759  MISS %:    70.1241   MPKI: 12.3271
LLC RFO       ACCESS:      95248  HIT:       6850  MISS:      88398  HIT %:    7.19175  MISS %:    92.8082   MPKI: 3.53592
LLC WRITEBACK ACCESS:     126925  HIT:     126120  MISS:        805  HIT %:    99.3658  MISS %:   0.634233   MPKI: 0.0322
LLC LOAD TRANSLATION ACCESS:      57530  HIT:      23259  MISS:      34271  HIT %:    40.4293  MISS %:    59.5707   MPKI: 1.37084
LLC PREFETCH  REQUESTED:          0  ISSUED:          0  USEFUL:          0  USELESS:          0
LLC USEFUL LOAD PREFETCHES:          0 PREFETCH ISSUED TO LOWER LEVEL:          0  ACCURACY: -nan
LLC TIMELY PREFETCHES:          0 LATE PREFETCHES: 0 DROPPED PREFETCHES: 0
LLC PREFETCHES SAME FILL-ORIGIN LEVEL: 0 DIFFERENT FILL-ORIGIN LEVEL: 0
LLC AVERAGE MISS LATENCY: 152.69 cycles
LLC RQ	ACCESS:     592252	FORWARD:          0	MERGED:          0	TO_CACHE:     592252
LLC WQ	ACCESS:     126925	FORWARD:          0	MERGED:          0	TO_CACHE:     126925

LLC Dense regions hint to LLC: 0

RAW hits: 198866
Loads Generated: 6042902
Loads sent to L1D: 5844035
Stores Generated: 3047659
Stores sent to L1D: 3047660
Major fault: 0 Minor fault: 45579
Allocated PAGES: 45579

DRAM Statistics
 CHANNEL 0
 RQ ROW_BUFFER_HIT:      95216  ROW_BUFFER_MISS:     335629
 DBUS_CONGESTED:        204
 WQ ROW_BUFFER_HIT:      43206  ROW_BUFFER_MISS:      70438  FULL:          0

 AVG_CONGESTED_CYCLE: 4
 All warmup complete: 2
Channel 0 Bank busy for read cycles: 0
Channel 0 Bank busy for write cycles: 0
Channel 0
Rank 0
0banks busy for read cycles: 48534249
0banks busy for write cycles: 51170
1banks busy for read cycles: 33411468
1banks busy for write cycles: 9913303
2banks busy for read cycles: 6833380
2banks busy for write cycles: 3614084
3banks busy for read cycles: 1140371
3banks busy for write cycles: 1558259
4banks busy for read cycles: 323163
4banks busy for write cycles: 780075
5banks busy for read cycles: 170929
5banks busy for write cycles: 427889
6banks busy for read cycles: 128658
6banks busy for write cycles: 271325
7banks busy for read cycles: 78742
7banks busy for write cycles: 192640
8banks busy for read cycles: 142179
8banks busy for write cycles: 201634

CPU 0 Branch Prediction Accuracy: 91.1975% MPKI: 16.1264 Average ROB Occupancy at Mispredict: 14.164
Branch types
NOT_BRANCH: 20419575 81.6783%
BRANCH_DIRECT_JUMP: 126163 0.504652%
BRANCH_INDIRECT: 45810 0.18324%
BRANCH_CONDITIONAL: 3960982 15.8439%
BRANCH_DIRECT_CALL: 192147 0.768588%
BRANCH_INDIRECT_CALL: 31367 0.125468%
BRANCH_RETURN: 223607 0.894428%
BRANCH_OTHER: 7 2.8e-05%

DRAM PAGES: 1048576
Allocated PAGES: 45579
