
*** ChampSim Multicore Out-of-Order Simulator ***

Warmup Instructions: 25000000
Simulation Instructions: 25000000
Number of CPUs: 1
LLC sets: 2048
LLC ways: 16
Off-chip DRAM Size: 4096 MB Channels: 1 Width: 64-bit Data Rate: 6400 MT/s
CPU 0 runs ../traces/Trace3.gz
.gz
BTB has LRU replacement policy
ITLB has LRU replacement policy
DTLB has LRU replacement policy
STLB has LRU replacement policy
L1I has LRU replacement policy
L1D has LRU replacement policy
Initialize IRRIP state for L2C
LLC has LRU replacement policy
Heartbeat CPU 0 instructions: 10000000 cycles: 3015893 heartbeat IPC: 3.31577 cumulative IPC: 3.31577 (Simulation time: 0 hr 0 min 20 sec) 
Heartbeat CPU 0 instructions: 20000000 cycles: 6014111 heartbeat IPC: 3.33531 cumulative IPC: 3.32551 (Simulation time: 0 hr 0 min 37 sec) 

Warmup complete CPU 0 instructions: 25000002 cycles: 7508089 (Simulation time: 0 hr 0 min 46 sec) 

Heartbeat CPU 0 instructions: 30000000 cycles: 22127383 heartbeat IPC: 0.620606 cumulative IPC: 0.342014 (Simulation time: 0 hr 0 min 57 sec) 
Heartbeat CPU 0 instructions: 40000003 cycles: 48118064 heartbeat IPC: 0.384753 cumulative IPC: 0.369367 (Simulation time: 0 hr 1 min 19 sec) 
Heartbeat CPU 0 instructions: 50000000 cycles: 73001081 heartbeat IPC: 0.40188 cumulative IPC: 0.38172 (Simulation time: 0 hr 1 min 40 sec) 
Finished CPU 0 instructions: 25000001 cycles: 65492993 cumulative IPC: 0.38172 (Simulation time: 0 hr 1 min 40 sec) 

ChampSim completed all CPUs

Region of Interest Statistics

CPU 0 cumulative IPC: 0.38172 instructions: 25000001 cycles: 65492993
ITLB TOTAL     ACCESS:    3878889  HIT:    3874851  MISS:       4038  HIT %:    99.8959  MISS %:   0.104102   MPKI: 0.16152
ITLB LOAD TRANSLATION ACCESS:    3878889  HIT:    3874851  MISS:       4038  HIT %:    99.8959  MISS %:   0.104102   MPKI: 0.16152
ITLB PREFETCH  REQUESTED:          0  ISSUED:          0  USEFUL:          0  USELESS:          0
ITLB USEFUL LOAD PREFETCHES:          0 PREFETCH ISSUED TO LOWER LEVEL:          0  ACCURACY: -nan
ITLB TIMELY PREFETCHES:          0 LATE PREFETCHES: 0 DROPPED PREFETCHES: 0
ITLB PREFETCHES SAME FILL-ORIGIN LEVEL: 0 DIFFERENT FILL-ORIGIN LEVEL: 0
ITLB AVERAGE MISS LATENCY: 55.8271 cycles
ITLB RQ	ACCESS:    4679629	FORWARD:          0	MERGED:     800093	TO_CACHE:    3879536

DTLB TOTAL     ACCESS:    6758341  HIT:    6676236  MISS:      82105  HIT %:    98.7851  MISS %:    1.21487   MPKI: 3.2842
DTLB LOAD TRANSLATION ACCESS:    6758341  HIT:    6676236  MISS:      82105  HIT %:    98.7851  MISS %:    1.21487   MPKI: 3.2842
DTLB PREFETCH  REQUESTED:          0  ISSUED:          0  USEFUL:          0  USELESS:          0
DTLB USEFUL LOAD PREFETCHES:          0 PREFETCH ISSUED TO LOWER LEVEL:          0  ACCURACY: -nan
DTLB TIMELY PREFETCHES:          0 LATE PREFETCHES: 0 DROPPED PREFETCHES: 0
DTLB PREFETCHES SAME FILL-ORIGIN LEVEL: 0 DIFFERENT FILL-ORIGIN LEVEL: 0
DTLB AVERAGE MISS LATENCY: 60.7492 cycles
DTLB RQ	ACCESS:    8236760	FORWARD:          0	MERGED:    1448302	TO_CACHE:    6788458

STLB TOTAL     ACCESS:      86143  HIT:      62781  MISS:      23362  HIT %:      72.88  MISS %:      27.12   MPKI: 0.93448
STLB LOAD TRANSLATION ACCESS:      86143  HIT:      62781  MISS:      23362  HIT %:      72.88  MISS %:      27.12   MPKI: 0.93448
STLB PREFETCH  REQUESTED:          0  ISSUED:          0  USEFUL:          0  USELESS:          0
STLB USEFUL LOAD PREFETCHES:          0 PREFETCH ISSUED TO LOWER LEVEL:          0  ACCURACY: -nan
STLB TIMELY PREFETCHES:          0 LATE PREFETCHES: 0 DROPPED PREFETCHES: 0
STLB PREFETCHES SAME FILL-ORIGIN LEVEL: 0 DIFFERENT FILL-ORIGIN LEVEL: 0
STLB AVERAGE MISS LATENCY: 189.413 cycles
STLB RQ	ACCESS:      86143	FORWARD:          0	MERGED:          0	TO_CACHE:      86143

STLB Hit, L1D data hit: 0
STLB Hit, L2C data hit: 0
STLB Hit, LLC data hit: 0
STLB Hit, LLC data miss: 0
STLB STLB hints to L2: 0
L1D TOTAL     ACCESS:    8110124  HIT:    7984196  MISS:     125928  HIT %:    98.4473  MISS %:    1.55273   MPKI: 5.03712
L1D LOAD      ACCESS:    5092280  HIT:    5007187  MISS:      85093  HIT %:     98.329  MISS %:    1.67102   MPKI: 3.40372
L1D RFO       ACCESS:    3017844  HIT:    2977009  MISS:      40835  HIT %:    98.6469  MISS %:    1.35312   MPKI: 1.6334
L1D PREFETCH  REQUESTED:          0  ISSUED:          0  USEFUL:          0  USELESS:          0
L1D USEFUL LOAD PREFETCHES:          0 PREFETCH ISSUED TO LOWER LEVEL:          0  ACCURACY: -nan
L1D TIMELY PREFETCHES:          0 LATE PREFETCHES: 0 DROPPED PREFETCHES: 0
L1D PREFETCHES SAME FILL-ORIGIN LEVEL: 0 DIFFERENT FILL-ORIGIN LEVEL: 0
L1D AVERAGE MISS LATENCY: 160.396 cycles
L1D RQ	ACCESS:    7159170	FORWARD:          0	MERGED:    1922514	TO_CACHE:    5107529
L1D WQ	ACCESS:    3226976	FORWARD:     129127	MERGED:      97745	TO_CACHE:    3129231

L1D UNIQUE REGIONS ACCESSED: 0
L1D REGIONS CONFLICTS: 0
L1D Cross Page Prefetch Requests: 0
L1D Same Page Prefetch Requests: 0
L1D ROI Sum of L1D PQ occupancy: 0
L1D PREFETCHES PUSHED FROM L2C: 0
L1I TOTAL     ACCESS:    4658004  HIT:    4604874  MISS:      53130  HIT %:    98.8594  MISS %:    1.14062   MPKI: 2.1252
L1I LOAD      ACCESS:    4658004  HIT:    4604874  MISS:      53130  HIT %:    98.8594  MISS %:    1.14062   MPKI: 2.1252
L1I PREFETCH  REQUESTED:          0  ISSUED:          0  USEFUL:          0  USELESS:          0
L1I USEFUL LOAD PREFETCHES:          0 PREFETCH ISSUED TO LOWER LEVEL:          0  ACCURACY: -nan
L1I TIMELY PREFETCHES:          0 LATE PREFETCHES: 0 DROPPED PREFETCHES: 0
L1I PREFETCHES SAME FILL-ORIGIN LEVEL: 0 DIFFERENT FILL-ORIGIN LEVEL: 0
L1I AVERAGE MISS LATENCY: 76.3559 cycles
L1I RQ	ACCESS:    6566107	FORWARD:          0	MERGED:    1886478	TO_CACHE:    4679629

BTB TOTAL     ACCESS:    3429096  HIT:    3275942  MISS:     153154  HIT %:    95.5337  MISS %:    4.46631   MPKI: 6.12616
BTB BRANCH_DIRECT_JUMP	ACCESS:     487279  HIT:     484673  MISS:       2606
BTB BRANCH_INDIRECT	ACCESS:      19539  HIT:       3769  MISS:      15770
BTB BRANCH_CONDITIONAL	ACCESS:    2395393  HIT:    2389650  MISS:       5743
BTB BRANCH_DIRECT_CALL	ACCESS:     107379  HIT:     103734  MISS:       3645
BTB BRANCH_INDIRECT_CALL	ACCESS:     156045  HIT:      76949  MISS:      79096
BTB BRANCH_RETURN	ACCESS:     263460  HIT:     217167  MISS:      46293
BTB BRANCH_OTHER ACCESS:          1  HIT:          0  MISS:          1

L2C TOTAL     ACCESS:     288934  HIT:     129927  MISS:     159007  HIT %:    44.9677  MISS %:    55.0323   MPKI: 6.36028
L2C LOAD      ACCESS:     138222  HIT:      39431  MISS:      98791  HIT %:    28.5273  MISS %:    71.4727   MPKI: 3.95164
L2C DATA LOAD MPKI: 2.8764
L2C INSTRUCTION LOAD MPKI: 1.07524
L2C RFO       ACCESS:      40835  HIT:       4403  MISS:      36432  HIT %:    10.7824  MISS %:    89.2176   MPKI: 1.45728
L2C WRITEBACK ACCESS:      71806  HIT:      66121  MISS:       5685  HIT %:    92.0828  MISS %:    7.91717   MPKI: 0.2274
L2C LOAD TRANSLATION ACCESS:      38071  HIT:      19972  MISS:      18099  HIT %:    52.4599  MISS %:    47.5401   MPKI: 0.72396
L2C PREFETCH  REQUESTED:          0  ISSUED:          0  USEFUL:          0  USELESS:          0
L2C USEFUL LOAD PREFETCHES:          0 PREFETCH ISSUED TO LOWER LEVEL:          0  ACCURACY: -nan
L2C TIMELY PREFETCHES:          0 LATE PREFETCHES: 0 DROPPED PREFETCHES: 0
L2C PREFETCHES SAME FILL-ORIGIN LEVEL: 0 DIFFERENT FILL-ORIGIN LEVEL: 0
L2C AVERAGE MISS LATENCY: 151.316 cycles
L2C RQ	ACCESS:     217129	FORWARD:          0	MERGED:          0	TO_CACHE:     217128
L2C WQ	ACCESS:      71806	FORWARD:          1	MERGED:          0	TO_CACHE:      71806

L2C Instructions Evicting Data 16334
L2C Translations Evicting Data 12620
L2C Data Evicting Data 77519
L2C Instructions Evicting Instructions 7555
L2C Translations Evicting Instructions 3249
L2C Data Evicting Instructions 18018
L2C Instructions Evicting Translations 2992
L2C Translations Evicting Translations 2230
L2C Data Evicting Translations 12805
L2C Dense regions hint from L2: 0
PSCL5 TOTAL     ACCESS:      23362  HIT:      23362  MISS:          0  HIT %:        100  MISS %:          0   MPKI: 0
PSCL5 LOAD TRANSLATION ACCESS:      23362  HIT:      23362  MISS:          0  HIT %:        100  MISS %:          0   MPKI: 0
PSCL5 PREFETCH  REQUESTED:          0  ISSUED:          0  USEFUL:          0  USELESS:          0
PSCL5 USEFUL LOAD PREFETCHES:          0 PREFETCH ISSUED TO LOWER LEVEL:          0  ACCURACY: -nan
PSCL5 TIMELY PREFETCHES:          0 LATE PREFETCHES: 0 DROPPED PREFETCHES: 0
PSCL5 PREFETCHES SAME FILL-ORIGIN LEVEL: 0 DIFFERENT FILL-ORIGIN LEVEL: 0

PSCL4 TOTAL     ACCESS:      22051  HIT:      21971  MISS:         80  HIT %:    99.6372  MISS %:   0.362795   MPKI: 0.0032
PSCL4 LOAD TRANSLATION ACCESS:      22051  HIT:      21971  MISS:         80  HIT %:    99.6372  MISS %:   0.362795   MPKI: 0.0032
PSCL4 PREFETCH  REQUESTED:          0  ISSUED:          0  USEFUL:          0  USELESS:          0
PSCL4 USEFUL LOAD PREFETCHES:          0 PREFETCH ISSUED TO LOWER LEVEL:          0  ACCURACY: -nan
PSCL4 TIMELY PREFETCHES:          0 LATE PREFETCHES: 0 DROPPED PREFETCHES: 0
PSCL4 PREFETCHES SAME FILL-ORIGIN LEVEL: 0 DIFFERENT FILL-ORIGIN LEVEL: 0

PSCL3 TOTAL     ACCESS:      23152  HIT:      22623  MISS:        529  HIT %:    97.7151  MISS %:     2.2849   MPKI: 0.02116
PSCL3 LOAD TRANSLATION ACCESS:      23152  HIT:      22623  MISS:        529  HIT %:    97.7151  MISS %:     2.2849   MPKI: 0.02116
PSCL3 PREFETCH  REQUESTED:          0  ISSUED:          0  USEFUL:          0  USELESS:          0
PSCL3 USEFUL LOAD PREFETCHES:          0 PREFETCH ISSUED TO LOWER LEVEL:          0  ACCURACY: -nan
PSCL3 TIMELY PREFETCHES:          0 LATE PREFETCHES: 0 DROPPED PREFETCHES: 0
PSCL3 PREFETCHES SAME FILL-ORIGIN LEVEL: 0 DIFFERENT FILL-ORIGIN LEVEL: 0

PSCL2 TOTAL     ACCESS:      23362  HIT:       9183  MISS:      14179  HIT %:    39.3074  MISS %:    60.6926   MPKI: 0.56716
PSCL2 LOAD TRANSLATION ACCESS:      23362  HIT:       9183  MISS:      14179  HIT %:    39.3074  MISS %:    60.6926   MPKI: 0.56716
PSCL2 PREFETCH  REQUESTED:          0  ISSUED:          0  USEFUL:          0  USELESS:          0
PSCL2 USEFUL LOAD PREFETCHES:          0 PREFETCH ISSUED TO LOWER LEVEL:          0  ACCURACY: -nan
PSCL2 TIMELY PREFETCHES:          0 LATE PREFETCHES: 0 DROPPED PREFETCHES: 0
PSCL2 PREFETCHES SAME FILL-ORIGIN LEVEL: 0 DIFFERENT FILL-ORIGIN LEVEL: 0

LLC TOTAL     ACCESS:     215617  HIT:      90409  MISS:     125208  HIT %:    41.9304  MISS %:    58.0696   MPKI: 5.00832
LLC LOAD      ACCESS:      98791  HIT:      19821  MISS:      78970  HIT %:    20.0636  MISS %:    79.9364   MPKI: 3.1588
LLC RFO       ACCESS:      36432  HIT:       1745  MISS:      34687  HIT %:    4.78975  MISS %:    95.2103   MPKI: 1.38748
LLC WRITEBACK ACCESS:      62295  HIT:      62181  MISS:        114  HIT %:     99.817  MISS %:      0.183   MPKI: 0.00456
LLC LOAD TRANSLATION ACCESS:      18099  HIT:       6662  MISS:      11437  HIT %:    36.8087  MISS %:    63.1913   MPKI: 0.45748
LLC PREFETCH  REQUESTED:          0  ISSUED:          0  USEFUL:          0  USELESS:          0
LLC USEFUL LOAD PREFETCHES:          0 PREFETCH ISSUED TO LOWER LEVEL:          0  ACCURACY: -nan
LLC TIMELY PREFETCHES:          0 LATE PREFETCHES: 0 DROPPED PREFETCHES: 0
LLC PREFETCHES SAME FILL-ORIGIN LEVEL: 0 DIFFERENT FILL-ORIGIN LEVEL: 0
LLC AVERAGE MISS LATENCY: 154.558 cycles
LLC RQ	ACCESS:     153322	FORWARD:          0	MERGED:          0	TO_CACHE:     153322
LLC WQ	ACCESS:      62295	FORWARD:          0	MERGED:          0	TO_CACHE:      62295

LLC Dense regions hint to LLC: 0

RAW hits: 415950
Loads Generated: 7575120
Loads sent to L1D: 7159170
Stores Generated: 3226960
Stores sent to L1D: 3226976
Major fault: 0 Minor fault: 42448
Allocated PAGES: 42448

DRAM Statistics
 CHANNEL 0
 RQ ROW_BUFFER_HIT:      26506  ROW_BUFFER_MISS:      98588
 DBUS_CONGESTED:         73
 WQ ROW_BUFFER_HIT:      13862  ROW_BUFFER_MISS:      39357  FULL:          0

 AVG_CONGESTED_CYCLE: 5
 All warmup complete: 2
Channel 0 Bank busy for read cycles: 0
Channel 0 Bank busy for write cycles: 0
Channel 0
Rank 0
0banks busy for read cycles: 49619578
0banks busy for write cycles: 17856
1banks busy for read cycles: 7405650
1banks busy for write cycles: 2904902
2banks busy for read cycles: 1925851
2banks busy for write cycles: 1066805
3banks busy for read cycles: 523684
3banks busy for write cycles: 538348
4banks busy for read cycles: 178909
4banks busy for write cycles: 304613
5banks busy for read cycles: 110152
5banks busy for write cycles: 195204
6banks busy for read cycles: 77425
6banks busy for write cycles: 160446
7banks busy for read cycles: 75543
7banks busy for write cycles: 147497
8banks busy for read cycles: 128232
8banks busy for write cycles: 112299

CPU 0 Branch Prediction Accuracy: 96.6781% MPKI: 7.22532 Average ROB Occupancy at Mispredict: 37.5253
Branch types
NOT_BRANCH: 19561996 78.248%
BRANCH_DIRECT_JUMP: 487279 1.94912%
BRANCH_INDIRECT: 19539 0.078156%
BRANCH_CONDITIONAL: 4403958 17.6158%
BRANCH_DIRECT_CALL: 107379 0.429516%
BRANCH_INDIRECT_CALL: 156045 0.62418%
BRANCH_RETURN: 263460 1.05384%
BRANCH_OTHER: 1 4e-06%

DRAM PAGES: 1048576
Allocated PAGES: 42448
