
*** ChampSim Multicore Out-of-Order Simulator ***

Warmup Instructions: 25000000
Simulation Instructions: 25000000
Number of CPUs: 1
LLC sets: 2048
LLC ways: 16
Off-chip DRAM Size: 4096 MB Channels: 1 Width: 64-bit Data Rate: 6400 MT/s
CPU 0 runs ../traces/Trace2.gz
.gz
BTB has LRU replacement policy
ITLB has LRU replacement policy
DTLB has LRU replacement policy
STLB has LRU replacement policy
L1I has LRU replacement policy
L1D has LRU replacement policy
Initialize IRRIP state for L2C
LLC has LRU replacement policy
Heartbeat CPU 0 instructions: 10000000 cycles: 2974419 heartbeat IPC: 3.362 cumulative IPC: 3.362 (Simulation time: 0 hr 0 min 20 sec) 
Heartbeat CPU 0 instructions: 20000001 cycles: 5829485 heartbeat IPC: 3.50255 cumulative IPC: 3.43084 (Simulation time: 0 hr 0 min 37 sec) 

Warmup complete CPU 0 instructions: 25000002 cycles: 7249134 (Simulation time: 0 hr 0 min 45 sec) 

Heartbeat CPU 0 instructions: 30000000 cycles: 26533019 heartbeat IPC: 0.483009 cumulative IPC: 0.259284 (Simulation time: 0 hr 0 min 57 sec) 
Heartbeat CPU 0 instructions: 40000002 cycles: 60472887 heartbeat IPC: 0.294639 cumulative IPC: 0.281829 (Simulation time: 0 hr 1 min 21 sec) 
Heartbeat CPU 0 instructions: 50000000 cycles: 105394595 heartbeat IPC: 0.222609 cumulative IPC: 0.254724 (Simulation time: 0 hr 1 min 46 sec) 
Finished CPU 0 instructions: 25000001 cycles: 98145462 cumulative IPC: 0.254724 (Simulation time: 0 hr 1 min 46 sec) 

ChampSim completed all CPUs

Region of Interest Statistics

CPU 0 cumulative IPC: 0.254724 instructions: 25000001 cycles: 98145462
ITLB TOTAL     ACCESS:    3951025  HIT:    3879002  MISS:      72023  HIT %:    98.1771  MISS %:    1.82289   MPKI: 2.88092
ITLB LOAD TRANSLATION ACCESS:    3951025  HIT:    3879002  MISS:      72023  HIT %:    98.1771  MISS %:    1.82289   MPKI: 2.88092
ITLB PREFETCH  REQUESTED:          0  ISSUED:          0  USEFUL:          0  USELESS:          0
ITLB USEFUL LOAD PREFETCHES:          0 PREFETCH ISSUED TO LOWER LEVEL:          0  ACCURACY: -nan
ITLB TIMELY PREFETCHES:          0 LATE PREFETCHES: 0 DROPPED PREFETCHES: 0
ITLB PREFETCHES SAME FILL-ORIGIN LEVEL: 0 DIFFERENT FILL-ORIGIN LEVEL: 0
ITLB AVERAGE MISS LATENCY: 24.0426 cycles
ITLB RQ	ACCESS:    4832308	FORWARD:          0	MERGED:     868839	TO_CACHE:    3963469

DTLB TOTAL     ACCESS:    6261514  HIT:    5939501  MISS:     322013  HIT %:    94.8573  MISS %:    5.14273   MPKI: 12.8805
DTLB LOAD TRANSLATION ACCESS:    6261514  HIT:    5939501  MISS:     322013  HIT %:    94.8573  MISS %:    5.14273   MPKI: 12.8805
DTLB PREFETCH  REQUESTED:          0  ISSUED:          0  USEFUL:          0  USELESS:          0
DTLB USEFUL LOAD PREFETCHES:          0 PREFETCH ISSUED TO LOWER LEVEL:          0  ACCURACY: -nan
DTLB TIMELY PREFETCHES:          0 LATE PREFETCHES: 0 DROPPED PREFETCHES: 0
DTLB PREFETCHES SAME FILL-ORIGIN LEVEL: 0 DIFFERENT FILL-ORIGIN LEVEL: 0
DTLB AVERAGE MISS LATENCY: 42.1099 cycles
DTLB RQ	ACCESS:    7716792	FORWARD:          0	MERGED:    1412639	TO_CACHE:    6304153

STLB TOTAL     ACCESS:     394036  HIT:     325867  MISS:      68169  HIT %:    82.6998  MISS %:    17.3002   MPKI: 2.72676
STLB LOAD TRANSLATION ACCESS:     394036  HIT:     325867  MISS:      68169  HIT %:    82.6998  MISS %:    17.3002   MPKI: 2.72676
STLB PREFETCH  REQUESTED:          0  ISSUED:          0  USEFUL:          0  USELESS:          0
STLB USEFUL LOAD PREFETCHES:          0 PREFETCH ISSUED TO LOWER LEVEL:          0  ACCURACY: -nan
STLB TIMELY PREFETCHES:          0 LATE PREFETCHES: 0 DROPPED PREFETCHES: 0
STLB PREFETCHES SAME FILL-ORIGIN LEVEL: 0 DIFFERENT FILL-ORIGIN LEVEL: 0
STLB AVERAGE MISS LATENCY: 171.615 cycles
STLB RQ	ACCESS:     394036	FORWARD:          0	MERGED:          0	TO_CACHE:     394036

STLB Hit, L1D data hit: 0
STLB Hit, L2C data hit: 0
STLB Hit, LLC data hit: 0
STLB Hit, LLC data miss: 0
STLB STLB hints to L2: 0
L1D TOTAL     ACCESS:    7392388  HIT:    6924045  MISS:     468343  HIT %:    93.6645  MISS %:    6.33548   MPKI: 18.7337
L1D LOAD      ACCESS:    4293765  HIT:    3955285  MISS:     338480  HIT %:    92.1169  MISS %:    7.88306   MPKI: 13.5392
L1D RFO       ACCESS:    3098623  HIT:    2968760  MISS:     129863  HIT %:     95.809  MISS %:    4.19099   MPKI: 5.19452
L1D PREFETCH  REQUESTED:          0  ISSUED:          0  USEFUL:          0  USELESS:          0
L1D USEFUL LOAD PREFETCHES:          0 PREFETCH ISSUED TO LOWER LEVEL:          0  ACCURACY: -nan
L1D TIMELY PREFETCHES:          0 LATE PREFETCHES: 0 DROPPED PREFETCHES: 0
L1D PREFETCHES SAME FILL-ORIGIN LEVEL: 0 DIFFERENT FILL-ORIGIN LEVEL: 0
L1D AVERAGE MISS LATENCY: 104.347 cycles
L1D RQ	ACCESS:    5756851	FORWARD:          0	MERGED:    1313205	TO_CACHE:    4336146
L1D WQ	ACCESS:    3430198	FORWARD:     107500	MERGED:      49552	TO_CACHE:    3380646

L1D UNIQUE REGIONS ACCESSED: 0
L1D REGIONS CONFLICTS: 0
L1D Cross Page Prefetch Requests: 0
L1D Same Page Prefetch Requests: 0
L1D ROI Sum of L1D PQ occupancy: 0
L1D PREFETCHES PUSHED FROM L2C: 0
L1I TOTAL     ACCESS:    4379450  HIT:    3378864  MISS:    1000586  HIT %:    77.1527  MISS %:    22.8473   MPKI: 40.0234
L1I LOAD      ACCESS:    4379450  HIT:    3378864  MISS:    1000586  HIT %:    77.1527  MISS %:    22.8473   MPKI: 40.0234
L1I PREFETCH  REQUESTED:          0  ISSUED:          0  USEFUL:          0  USELESS:          0
L1I USEFUL LOAD PREFETCHES:          0 PREFETCH ISSUED TO LOWER LEVEL:          0  ACCURACY: -nan
L1I TIMELY PREFETCHES:          0 LATE PREFETCHES: 0 DROPPED PREFETCHES: 0
L1I PREFETCHES SAME FILL-ORIGIN LEVEL: 0 DIFFERENT FILL-ORIGIN LEVEL: 0
L1I AVERAGE MISS LATENCY: 38.0677 cycles
L1I RQ	ACCESS:    6615564	FORWARD:          0	MERGED:    1783256	TO_CACHE:    4832308

BTB TOTAL     ACCESS:    2374453  HIT:    1885269  MISS:     489184  HIT %:     79.398  MISS %:     20.602   MPKI: 19.5674
BTB BRANCH_DIRECT_JUMP	ACCESS:     382447  HIT:     266751  MISS:     115696
BTB BRANCH_INDIRECT	ACCESS:      26284  HIT:      15034  MISS:      11250
BTB BRANCH_CONDITIONAL	ACCESS:    1419497  HIT:    1339647  MISS:      79850
BTB BRANCH_DIRECT_CALL	ACCESS:     241009  HIT:     172489  MISS:      68520
BTB BRANCH_INDIRECT_CALL	ACCESS:      31642  HIT:      19335  MISS:      12307
BTB BRANCH_RETURN	ACCESS:     273154  HIT:      71753  MISS:     201401
BTB BRANCH_OTHER ACCESS:        420  HIT:        260  MISS:        160

L2C TOTAL     ACCESS:    1788532  HIT:    1004225  MISS:     784307  HIT %:     56.148  MISS %:     43.852   MPKI: 31.3723
L2C LOAD      ACCESS:    1339057  HIT:     734930  MISS:     604127  HIT %:    54.8841  MISS %:    45.1159   MPKI: 24.1651
L2C DATA LOAD MPKI: 8.99628
L2C INSTRUCTION LOAD MPKI: 15.1688
L2C RFO       ACCESS:     129862  HIT:      48891  MISS:      80971  HIT %:    37.6484  MISS %:    62.3516   MPKI: 3.23884
L2C WRITEBACK ACCESS:     206082  HIT:     166338  MISS:      39744  HIT %:    80.7145  MISS %:    19.2855   MPKI: 1.58976
L2C LOAD TRANSLATION ACCESS:     113531  HIT:      54066  MISS:      59465  HIT %:    47.6222  MISS %:    52.3778   MPKI: 2.3786
L2C PREFETCH  REQUESTED:          0  ISSUED:          0  USEFUL:          0  USELESS:          0
L2C USEFUL LOAD PREFETCHES:          0 PREFETCH ISSUED TO LOWER LEVEL:          0  ACCURACY: -nan
L2C TIMELY PREFETCHES:          0 LATE PREFETCHES: 0 DROPPED PREFETCHES: 0
L2C PREFETCHES SAME FILL-ORIGIN LEVEL: 0 DIFFERENT FILL-ORIGIN LEVEL: 0
L2C AVERAGE MISS LATENCY: 92.5061 cycles
L2C RQ	ACCESS:    1582460	FORWARD:          0	MERGED:          0	TO_CACHE:    1582450
L2C WQ	ACCESS:     206082	FORWARD:         10	MERGED:          0	TO_CACHE:     206082

L2C Instructions Evicting Data 139671
L2C Translations Evicting Data 28678
L2C Data Evicting Data 167283
L2C Instructions Evicting Instructions 213351
L2C Translations Evicting Instructions 25664
L2C Data Evicting Instructions 113734
L2C Instructions Evicting Translations 26198
L2C Translations Evicting Translations 5123
L2C Data Evicting Translations 24861
L2C Dense regions hint from L2: 0
PSCL5 TOTAL     ACCESS:      68169  HIT:      68169  MISS:          0  HIT %:        100  MISS %:          0   MPKI: 0
PSCL5 LOAD TRANSLATION ACCESS:      68169  HIT:      68169  MISS:          0  HIT %:        100  MISS %:          0   MPKI: 0
PSCL5 PREFETCH  REQUESTED:          0  ISSUED:          0  USEFUL:          0  USELESS:          0
PSCL5 USEFUL LOAD PREFETCHES:          0 PREFETCH ISSUED TO LOWER LEVEL:          0  ACCURACY: -nan
PSCL5 TIMELY PREFETCHES:          0 LATE PREFETCHES: 0 DROPPED PREFETCHES: 0
PSCL5 PREFETCHES SAME FILL-ORIGIN LEVEL: 0 DIFFERENT FILL-ORIGIN LEVEL: 0

PSCL4 TOTAL     ACCESS:      51531  HIT:      51159  MISS:        372  HIT %:    99.2781  MISS %:   0.721896   MPKI: 0.01488
PSCL4 LOAD TRANSLATION ACCESS:      51531  HIT:      51159  MISS:        372  HIT %:    99.2781  MISS %:   0.721896   MPKI: 0.01488
PSCL4 PREFETCH  REQUESTED:          0  ISSUED:          0  USEFUL:          0  USELESS:          0
PSCL4 USEFUL LOAD PREFETCHES:          0 PREFETCH ISSUED TO LOWER LEVEL:          0  ACCURACY: -nan
PSCL4 TIMELY PREFETCHES:          0 LATE PREFETCHES: 0 DROPPED PREFETCHES: 0
PSCL4 PREFETCHES SAME FILL-ORIGIN LEVEL: 0 DIFFERENT FILL-ORIGIN LEVEL: 0

PSCL3 TOTAL     ACCESS:      67929  HIT:      66548  MISS:       1381  HIT %:     97.967  MISS %:    2.03301   MPKI: 0.05524
PSCL3 LOAD TRANSLATION ACCESS:      67929  HIT:      66548  MISS:       1381  HIT %:     97.967  MISS %:    2.03301   MPKI: 0.05524
PSCL3 PREFETCH  REQUESTED:          0  ISSUED:          0  USEFUL:          0  USELESS:          0
PSCL3 USEFUL LOAD PREFETCHES:          0 PREFETCH ISSUED TO LOWER LEVEL:          0  ACCURACY: -nan
PSCL3 TIMELY PREFETCHES:          0 LATE PREFETCHES: 0 DROPPED PREFETCHES: 0
PSCL3 PREFETCHES SAME FILL-ORIGIN LEVEL: 0 DIFFERENT FILL-ORIGIN LEVEL: 0

PSCL2 TOTAL     ACCESS:      68169  HIT:      24211  MISS:      43958  HIT %:    35.5161  MISS %:    64.4839   MPKI: 1.75832
PSCL2 LOAD TRANSLATION ACCESS:      68169  HIT:      24211  MISS:      43958  HIT %:    35.5161  MISS %:    64.4839   MPKI: 1.75832
PSCL2 PREFETCH  REQUESTED:          0  ISSUED:          0  USEFUL:          0  USELESS:          0
PSCL2 USEFUL LOAD PREFETCHES:          0 PREFETCH ISSUED TO LOWER LEVEL:          0  ACCURACY: -nan
PSCL2 TIMELY PREFETCHES:          0 LATE PREFETCHES: 0 DROPPED PREFETCHES: 0
PSCL2 PREFETCHES SAME FILL-ORIGIN LEVEL: 0 DIFFERENT FILL-ORIGIN LEVEL: 0

LLC TOTAL     ACCESS:     874181  HIT:     565423  MISS:     308758  HIT %:    64.6803  MISS %:    35.3197   MPKI: 12.3503
LLC LOAD      ACCESS:     604126  HIT:     396225  MISS:     207901  HIT %:    65.5865  MISS %:    34.4135   MPKI: 8.31604
LLC RFO       ACCESS:      80971  HIT:      10517  MISS:      70454  HIT %:    12.9886  MISS %:    87.0114   MPKI: 2.81816
LLC WRITEBACK ACCESS:     129619  HIT:     128837  MISS:        782  HIT %:    99.3967  MISS %:   0.603307   MPKI: 0.03128
LLC LOAD TRANSLATION ACCESS:      59465  HIT:      29844  MISS:      29621  HIT %:    50.1875  MISS %:    49.8125   MPKI: 1.18484
LLC PREFETCH  REQUESTED:          0  ISSUED:          0  USEFUL:          0  USELESS:          0
LLC USEFUL LOAD PREFETCHES:          0 PREFETCH ISSUED TO LOWER LEVEL:          0  ACCURACY: -nan
LLC TIMELY PREFETCHES:          0 LATE PREFETCHES: 0 DROPPED PREFETCHES: 0
LLC PREFETCHES SAME FILL-ORIGIN LEVEL: 0 DIFFERENT FILL-ORIGIN LEVEL: 0
LLC AVERAGE MISS LATENCY: 161.779 cycles
LLC RQ	ACCESS:     744563	FORWARD:          0	MERGED:          0	TO_CACHE:     744562
LLC WQ	ACCESS:     129619	FORWARD:          1	MERGED:          0	TO_CACHE:     129619

LLC Dense regions hint to LLC: 0

RAW hits: 201222
Loads Generated: 5958075
Loads sent to L1D: 5756851
Stores Generated: 3430196
Stores sent to L1D: 3430198
Major fault: 0 Minor fault: 45010
Allocated PAGES: 45010

DRAM Statistics
 CHANNEL 0
 RQ ROW_BUFFER_HIT:      40776  ROW_BUFFER_MISS:     267200
 DBUS_CONGESTED:        111
 WQ ROW_BUFFER_HIT:      33775  ROW_BUFFER_MISS:      75094  FULL:          0

 AVG_CONGESTED_CYCLE: 4
 All warmup complete: 2
Channel 0 Bank busy for read cycles: 0
Channel 0 Bank busy for write cycles: 0
Channel 0
Rank 0
0banks busy for read cycles: 52552392
0banks busy for write cycles: 46440
1banks busy for read cycles: 24178975
1banks busy for write cycles: 8073339
2banks busy for read cycles: 5365524
2banks busy for write cycles: 3083574
3banks busy for read cycles: 1276925
3banks busy for write cycles: 1334335
4banks busy for read cycles: 382358
4banks busy for write cycles: 686148
5banks busy for read cycles: 148775
5banks busy for write cycles: 374783
6banks busy for read cycles: 69199
6banks busy for write cycles: 235501
7banks busy for read cycles: 30858
7banks busy for write cycles: 136937
8banks busy for read cycles: 59730
8banks busy for write cycles: 109670

CPU 0 Branch Prediction Accuracy: 96.8224% MPKI: 6.31212 Average ROB Occupancy at Mispredict: 12.679
Branch types
NOT_BRANCH: 20033560 80.1342%
BRANCH_DIRECT_JUMP: 382447 1.52979%
BRANCH_INDIRECT: 26284 0.105136%
BRANCH_CONDITIONAL: 4011162 16.0446%
BRANCH_DIRECT_CALL: 241009 0.964036%
BRANCH_INDIRECT_CALL: 31642 0.126568%
BRANCH_RETURN: 273154 1.09262%
BRANCH_OTHER: 420 0.00168%

DRAM PAGES: 1048576
Allocated PAGES: 45010
