
*** ChampSim Multicore Out-of-Order Simulator ***

Warmup Instructions: 25000000
Simulation Instructions: 25000000
Number of CPUs: 1
LLC sets: 2048
LLC ways: 16
Off-chip DRAM Size: 4096 MB Channels: 1 Width: 64-bit Data Rate: 6400 MT/s
CPU 0 runs ../traces/Trace2.gz
.gz
BTB has LRU replacement policy
ITLB has LRU replacement policy
DTLB has LRU replacement policy
STLB has LRU replacement policy
L1I has LRU replacement policy
L1D has LRU replacement policy
Initialize SRRIP state for L2C
LLC has LRU replacement policy
Heartbeat CPU 0 instructions: 10000000 cycles: 2973744 heartbeat IPC: 3.36276 cumulative IPC: 3.36276 (Simulation time: 0 hr 0 min 20 sec) 
Heartbeat CPU 0 instructions: 20000001 cycles: 5828745 heartbeat IPC: 3.50263 cumulative IPC: 3.43127 (Simulation time: 0 hr 0 min 36 sec) 

Warmup complete CPU 0 instructions: 25000002 cycles: 7248343 (Simulation time: 0 hr 0 min 44 sec) 

Heartbeat CPU 0 instructions: 30000000 cycles: 26652790 heartbeat IPC: 0.480214 cumulative IPC: 0.257673 (Simulation time: 0 hr 0 min 56 sec) 
Heartbeat CPU 0 instructions: 40000002 cycles: 61432933 heartbeat IPC: 0.28752 cumulative IPC: 0.276831 (Simulation time: 0 hr 1 min 19 sec) 
Heartbeat CPU 0 instructions: 50000000 cycles: 106944565 heartbeat IPC: 0.219724 cumulative IPC: 0.250762 (Simulation time: 0 hr 1 min 43 sec) 
Finished CPU 0 instructions: 25000001 cycles: 99696223 cumulative IPC: 0.250762 (Simulation time: 0 hr 1 min 43 sec) 

ChampSim completed all CPUs

Region of Interest Statistics

CPU 0 cumulative IPC: 0.250762 instructions: 25000001 cycles: 99696223
ITLB TOTAL     ACCESS:    3953045  HIT:    3881022  MISS:      72023  HIT %:     98.178  MISS %:    1.82196   MPKI: 2.88092
ITLB LOAD TRANSLATION ACCESS:    3953045  HIT:    3881022  MISS:      72023  HIT %:     98.178  MISS %:    1.82196   MPKI: 2.88092
ITLB PREFETCH  REQUESTED:          0  ISSUED:          0  USEFUL:          0  USELESS:          0
ITLB USEFUL LOAD PREFETCHES:          0 PREFETCH ISSUED TO LOWER LEVEL:          0  ACCURACY: -nan
ITLB TIMELY PREFETCHES:          0 LATE PREFETCHES: 0 DROPPED PREFETCHES: 0
ITLB PREFETCHES SAME FILL-ORIGIN LEVEL: 0 DIFFERENT FILL-ORIGIN LEVEL: 0
ITLB AVERAGE MISS LATENCY: 23.7658 cycles
ITLB RQ	ACCESS:    4835157	FORWARD:          0	MERGED:     869645	TO_CACHE:    3965512

DTLB TOTAL     ACCESS:    6293130  HIT:    5971093  MISS:     322037  HIT %:    94.8827  MISS %:    5.11728   MPKI: 12.8815
DTLB LOAD TRANSLATION ACCESS:    6293130  HIT:    5971093  MISS:     322037  HIT %:    94.8827  MISS %:    5.11728   MPKI: 12.8815
DTLB PREFETCH  REQUESTED:          0  ISSUED:          0  USEFUL:          0  USELESS:          0
DTLB USEFUL LOAD PREFETCHES:          0 PREFETCH ISSUED TO LOWER LEVEL:          0  ACCURACY: -nan
DTLB TIMELY PREFETCHES:          0 LATE PREFETCHES: 0 DROPPED PREFETCHES: 0
DTLB PREFETCHES SAME FILL-ORIGIN LEVEL: 0 DIFFERENT FILL-ORIGIN LEVEL: 0
DTLB AVERAGE MISS LATENCY: 41.5941 cycles
DTLB RQ	ACCESS:    7738040	FORWARD:          0	MERGED:    1403353	TO_CACHE:    6334687

STLB TOTAL     ACCESS:     394060  HIT:     325891  MISS:      68169  HIT %:    82.7009  MISS %:    17.2991   MPKI: 2.72676
STLB LOAD TRANSLATION ACCESS:     394060  HIT:     325891  MISS:      68169  HIT %:    82.7009  MISS %:    17.2991   MPKI: 2.72676
STLB PREFETCH  REQUESTED:          0  ISSUED:          0  USEFUL:          0  USELESS:          0
STLB USEFUL LOAD PREFETCHES:          0 PREFETCH ISSUED TO LOWER LEVEL:          0  ACCURACY: -nan
STLB TIMELY PREFETCHES:          0 LATE PREFETCHES: 0 DROPPED PREFETCHES: 0
STLB PREFETCHES SAME FILL-ORIGIN LEVEL: 0 DIFFERENT FILL-ORIGIN LEVEL: 0
STLB AVERAGE MISS LATENCY: 168.906 cycles
STLB RQ	ACCESS:     394060	FORWARD:          0	MERGED:          0	TO_CACHE:     394060

STLB Hit, L1D data hit: 0
STLB Hit, L2C data hit: 0
STLB Hit, LLC data hit: 0
STLB Hit, LLC data miss: 0
STLB STLB hints to L2: 0
L1D TOTAL     ACCESS:    7420102  HIT:    6951748  MISS:     468354  HIT %:     93.688  MISS %:    6.31196   MPKI: 18.7342
L1D LOAD      ACCESS:    4314708  HIT:    3976302  MISS:     338406  HIT %:    92.1569  MISS %:    7.84308   MPKI: 13.5362
L1D RFO       ACCESS:    3105394  HIT:    2975446  MISS:     129948  HIT %:    95.8154  MISS %:    4.18459   MPKI: 5.19792
L1D PREFETCH  REQUESTED:          0  ISSUED:          0  USEFUL:          0  USELESS:          0
L1D USEFUL LOAD PREFETCHES:          0 PREFETCH ISSUED TO LOWER LEVEL:          0  ACCURACY: -nan
L1D TIMELY PREFETCHES:          0 LATE PREFETCHES: 0 DROPPED PREFETCHES: 0
L1D PREFETCHES SAME FILL-ORIGIN LEVEL: 0 DIFFERENT FILL-ORIGIN LEVEL: 0
L1D AVERAGE MISS LATENCY: 102.843 cycles
L1D RQ	ACCESS:    5765401	FORWARD:          0	MERGED:    1304380	TO_CACHE:    4355454
L1D WQ	ACCESS:    3430198	FORWARD:     105567	MERGED:      47612	TO_CACHE:    3382586

L1D UNIQUE REGIONS ACCESSED: 0
L1D REGIONS CONFLICTS: 0
L1D Cross Page Prefetch Requests: 0
L1D Same Page Prefetch Requests: 0
L1D ROI Sum of L1D PQ occupancy: 0
L1D PREFETCHES PUSHED FROM L2C: 0
L1I TOTAL     ACCESS:    4380172  HIT:    3379586  MISS:    1000586  HIT %:    77.1565  MISS %:    22.8435   MPKI: 40.0234
L1I LOAD      ACCESS:    4380172  HIT:    3379586  MISS:    1000586  HIT %:    77.1565  MISS %:    22.8435   MPKI: 40.0234
L1I PREFETCH  REQUESTED:          0  ISSUED:          0  USEFUL:          0  USELESS:          0
L1I USEFUL LOAD PREFETCHES:          0 PREFETCH ISSUED TO LOWER LEVEL:          0  ACCURACY: -nan
L1I TIMELY PREFETCHES:          0 LATE PREFETCHES: 0 DROPPED PREFETCHES: 0
L1I PREFETCHES SAME FILL-ORIGIN LEVEL: 0 DIFFERENT FILL-ORIGIN LEVEL: 0
L1I AVERAGE MISS LATENCY: 40.6962 cycles
L1I RQ	ACCESS:    6617573	FORWARD:          0	MERGED:    1782416	TO_CACHE:    4835157

BTB TOTAL     ACCESS:    2374453  HIT:    1885269  MISS:     489184  HIT %:     79.398  MISS %:     20.602   MPKI: 19.5674
BTB BRANCH_DIRECT_JUMP	ACCESS:     382447  HIT:     266751  MISS:     115696
BTB BRANCH_INDIRECT	ACCESS:      26284  HIT:      15034  MISS:      11250
BTB BRANCH_CONDITIONAL	ACCESS:    1419497  HIT:    1339647  MISS:      79850
BTB BRANCH_DIRECT_CALL	ACCESS:     241009  HIT:     172489  MISS:      68520
BTB BRANCH_INDIRECT_CALL	ACCESS:      31642  HIT:      19335  MISS:      12307
BTB BRANCH_RETURN	ACCESS:     273154  HIT:      71753  MISS:     201401
BTB BRANCH_OTHER ACCESS:        420  HIT:        260  MISS:        160

L2C TOTAL     ACCESS:    1788548  HIT:     969168  MISS:     819380  HIT %:    54.1874  MISS %:    45.8126   MPKI: 32.7752
L2C LOAD      ACCESS:    1338985  HIT:     666625  MISS:     672360  HIT %:    49.7858  MISS %:    50.2142   MPKI: 26.8944
L2C DATA LOAD MPKI: 8.11076
L2C INSTRUCTION LOAD MPKI: 18.7836
L2C RFO       ACCESS:     129947  HIT:      53750  MISS:      76197  HIT %:     41.363  MISS %:     58.637   MPKI: 3.04788
L2C WRITEBACK ACCESS:     206085  HIT:     190194  MISS:      15891  HIT %:    92.2891  MISS %:     7.7109   MPKI: 0.63564
L2C LOAD TRANSLATION ACCESS:     113531  HIT:      58599  MISS:      54932  HIT %:     51.615  MISS %:     48.385   MPKI: 2.19728
L2C PREFETCH  REQUESTED:          0  ISSUED:          0  USEFUL:          0  USELESS:          0
L2C USEFUL LOAD PREFETCHES:          0 PREFETCH ISSUED TO LOWER LEVEL:          0  ACCURACY: -nan
L2C TIMELY PREFETCHES:          0 LATE PREFETCHES: 0 DROPPED PREFETCHES: 0
L2C PREFETCHES SAME FILL-ORIGIN LEVEL: 0 DIFFERENT FILL-ORIGIN LEVEL: 0
L2C AVERAGE MISS LATENCY: 90.7133 cycles
L2C RQ	ACCESS:    1582471	FORWARD:          0	MERGED:          0	TO_CACHE:    1582463
L2C WQ	ACCESS:     206085	FORWARD:          8	MERGED:          0	TO_CACHE:     206085

L2C Instructions Evicting Data 136803
L2C Translations Evicting Data 22821
L2C Data Evicting Data 133992
L2C Instructions Evicting Instructions 304891
L2C Translations Evicting Instructions 27626
L2C Data Evicting Instructions 124084
L2C Instructions Evicting Translations 27897
L2C Translations Evicting Translations 4485
L2C Data Evicting Translations 20890
L2C Dense regions hint from L2: 0
PSCL5 TOTAL     ACCESS:      68169  HIT:      68169  MISS:          0  HIT %:        100  MISS %:          0   MPKI: 0
PSCL5 LOAD TRANSLATION ACCESS:      68169  HIT:      68169  MISS:          0  HIT %:        100  MISS %:          0   MPKI: 0
PSCL5 PREFETCH  REQUESTED:          0  ISSUED:          0  USEFUL:          0  USELESS:          0
PSCL5 USEFUL LOAD PREFETCHES:          0 PREFETCH ISSUED TO LOWER LEVEL:          0  ACCURACY: -nan
PSCL5 TIMELY PREFETCHES:          0 LATE PREFETCHES: 0 DROPPED PREFETCHES: 0
PSCL5 PREFETCHES SAME FILL-ORIGIN LEVEL: 0 DIFFERENT FILL-ORIGIN LEVEL: 0

PSCL4 TOTAL     ACCESS:      51528  HIT:      51156  MISS:        372  HIT %:    99.2781  MISS %:   0.721938   MPKI: 0.01488
PSCL4 LOAD TRANSLATION ACCESS:      51528  HIT:      51156  MISS:        372  HIT %:    99.2781  MISS %:   0.721938   MPKI: 0.01488
PSCL4 PREFETCH  REQUESTED:          0  ISSUED:          0  USEFUL:          0  USELESS:          0
PSCL4 USEFUL LOAD PREFETCHES:          0 PREFETCH ISSUED TO LOWER LEVEL:          0  ACCURACY: -nan
PSCL4 TIMELY PREFETCHES:          0 LATE PREFETCHES: 0 DROPPED PREFETCHES: 0
PSCL4 PREFETCHES SAME FILL-ORIGIN LEVEL: 0 DIFFERENT FILL-ORIGIN LEVEL: 0

PSCL3 TOTAL     ACCESS:      67928  HIT:      66547  MISS:       1381  HIT %:     97.967  MISS %:    2.03303   MPKI: 0.05524
PSCL3 LOAD TRANSLATION ACCESS:      67928  HIT:      66547  MISS:       1381  HIT %:     97.967  MISS %:    2.03303   MPKI: 0.05524
PSCL3 PREFETCH  REQUESTED:          0  ISSUED:          0  USEFUL:          0  USELESS:          0
PSCL3 USEFUL LOAD PREFETCHES:          0 PREFETCH ISSUED TO LOWER LEVEL:          0  ACCURACY: -nan
PSCL3 TIMELY PREFETCHES:          0 LATE PREFETCHES: 0 DROPPED PREFETCHES: 0
PSCL3 PREFETCHES SAME FILL-ORIGIN LEVEL: 0 DIFFERENT FILL-ORIGIN LEVEL: 0

PSCL2 TOTAL     ACCESS:      68169  HIT:      24211  MISS:      43958  HIT %:    35.5161  MISS %:    64.4839   MPKI: 1.75832
PSCL2 LOAD TRANSLATION ACCESS:      68169  HIT:      24211  MISS:      43958  HIT %:    35.5161  MISS %:    64.4839   MPKI: 1.75832
PSCL2 PREFETCH  REQUESTED:          0  ISSUED:          0  USEFUL:          0  USELESS:          0
PSCL2 USEFUL LOAD PREFETCHES:          0 PREFETCH ISSUED TO LOWER LEVEL:          0  ACCURACY: -nan
PSCL2 TIMELY PREFETCHES:          0 LATE PREFETCHES: 0 DROPPED PREFETCHES: 0
PSCL2 PREFETCHES SAME FILL-ORIGIN LEVEL: 0 DIFFERENT FILL-ORIGIN LEVEL: 0

LLC TOTAL     ACCESS:     920778  HIT:     611572  MISS:     309206  HIT %:     66.419  MISS %:     33.581   MPKI: 12.3682
LLC LOAD      ACCESS:     672360  HIT:     464635  MISS:     207725  HIT %:    69.1051  MISS %:    30.8949   MPKI: 8.309
LLC RFO       ACCESS:      76197  HIT:       5684  MISS:      70513  HIT %:    7.45961  MISS %:    92.5404   MPKI: 2.82052
LLC WRITEBACK ACCESS:     117289  HIT:     115938  MISS:       1351  HIT %:    98.8481  MISS %:    1.15186   MPKI: 0.05404
LLC LOAD TRANSLATION ACCESS:      54932  HIT:      25315  MISS:      29617  HIT %:    46.0842  MISS %:    53.9158   MPKI: 1.18468
LLC PREFETCH  REQUESTED:          0  ISSUED:          0  USEFUL:          0  USELESS:          0
LLC USEFUL LOAD PREFETCHES:          0 PREFETCH ISSUED TO LOWER LEVEL:          0  ACCURACY: -nan
LLC TIMELY PREFETCHES:          0 LATE PREFETCHES: 0 DROPPED PREFETCHES: 0
LLC PREFETCHES SAME FILL-ORIGIN LEVEL: 0 DIFFERENT FILL-ORIGIN LEVEL: 0
LLC AVERAGE MISS LATENCY: 161.508 cycles
LLC RQ	ACCESS:     803489	FORWARD:          0	MERGED:          0	TO_CACHE:     803489
LLC WQ	ACCESS:     117289	FORWARD:          0	MERGED:          0	TO_CACHE:     117289

LLC Dense regions hint to LLC: 0

RAW hits: 192672
Loads Generated: 5958075
Loads sent to L1D: 5765401
Stores Generated: 3430196
Stores sent to L1D: 3430198
Major fault: 0 Minor fault: 45010
Allocated PAGES: 45010

DRAM Statistics
 CHANNEL 0
 RQ ROW_BUFFER_HIT:      40750  ROW_BUFFER_MISS:     267105
 DBUS_CONGESTED:        132
 WQ ROW_BUFFER_HIT:      33341  ROW_BUFFER_MISS:      75534  FULL:          0

 AVG_CONGESTED_CYCLE: 4
 All warmup complete: 2
Channel 0 Bank busy for read cycles: 0
Channel 0 Bank busy for write cycles: 0
Channel 0
Rank 0
0banks busy for read cycles: 54053000
0banks busy for write cycles: 46574
1banks busy for read cycles: 24199394
1banks busy for write cycles: 8103166
2banks busy for read cycles: 5363466
2banks busy for write cycles: 3088258
3banks busy for read cycles: 1280408
3banks busy for write cycles: 1334059
4banks busy for read cycles: 380363
4banks busy for write cycles: 675939
5banks busy for read cycles: 146833
5banks busy for write cycles: 391322
6banks busy for read cycles: 68609
6banks busy for write cycles: 229398
7banks busy for read cycles: 29219
7banks busy for write cycles: 135582
8banks busy for read cycles: 58563
8banks busy for write cycles: 112071

CPU 0 Branch Prediction Accuracy: 96.8224% MPKI: 6.31212 Average ROB Occupancy at Mispredict: 12.4308
Branch types
NOT_BRANCH: 20033560 80.1342%
BRANCH_DIRECT_JUMP: 382447 1.52979%
BRANCH_INDIRECT: 26284 0.105136%
BRANCH_CONDITIONAL: 4011162 16.0446%
BRANCH_DIRECT_CALL: 241009 0.964036%
BRANCH_INDIRECT_CALL: 31642 0.126568%
BRANCH_RETURN: 273154 1.09262%
BRANCH_OTHER: 420 0.00168%

DRAM PAGES: 1048576
Allocated PAGES: 45010
