
*** ChampSim Multicore Out-of-Order Simulator ***

Warmup Instructions: 25000000
Simulation Instructions: 25000000
Number of CPUs: 1
LLC sets: 2048
LLC ways: 16
Off-chip DRAM Size: 4096 MB Channels: 1 Width: 64-bit Data Rate: 6400 MT/s
CPU 0 runs ../traces/Trace3.gz
.gz
BTB has LRU replacement policy
ITLB has LRU replacement policy
DTLB has LRU replacement policy
STLB has LRU replacement policy
L1I has LRU replacement policy
L1D has LRU replacement policy
Initialize SRRIP state for L2C
LLC has LRU replacement policy
Heartbeat CPU 0 instructions: 10000000 cycles: 3015468 heartbeat IPC: 3.31623 cumulative IPC: 3.31623 (Simulation time: 0 hr 0 min 20 sec) 
Heartbeat CPU 0 instructions: 20000000 cycles: 6013155 heartbeat IPC: 3.33591 cumulative IPC: 3.32604 (Simulation time: 0 hr 0 min 36 sec) 

Warmup complete CPU 0 instructions: 25000002 cycles: 7506591 (Simulation time: 0 hr 0 min 44 sec) 

Heartbeat CPU 0 instructions: 30000000 cycles: 22140435 heartbeat IPC: 0.620067 cumulative IPC: 0.341674 (Simulation time: 0 hr 0 min 55 sec) 
Heartbeat CPU 0 instructions: 40000003 cycles: 48130511 heartbeat IPC: 0.384762 cumulative IPC: 0.369241 (Simulation time: 0 hr 1 min 17 sec) 
Heartbeat CPU 0 instructions: 50000000 cycles: 73027011 heartbeat IPC: 0.401663 cumulative IPC: 0.38156 (Simulation time: 0 hr 1 min 38 sec) 
Finished CPU 0 instructions: 25000001 cycles: 65520421 cumulative IPC: 0.38156 (Simulation time: 0 hr 1 min 38 sec) 

ChampSim completed all CPUs

Region of Interest Statistics

CPU 0 cumulative IPC: 0.38156 instructions: 25000001 cycles: 65520421
ITLB TOTAL     ACCESS:    3878977  HIT:    3874939  MISS:       4038  HIT %:    99.8959  MISS %:     0.1041   MPKI: 0.16152
ITLB LOAD TRANSLATION ACCESS:    3878977  HIT:    3874939  MISS:       4038  HIT %:    99.8959  MISS %:     0.1041   MPKI: 0.16152
ITLB PREFETCH  REQUESTED:          0  ISSUED:          0  USEFUL:          0  USELESS:          0
ITLB USEFUL LOAD PREFETCHES:          0 PREFETCH ISSUED TO LOWER LEVEL:          0  ACCURACY: -nan
ITLB TIMELY PREFETCHES:          0 LATE PREFETCHES: 0 DROPPED PREFETCHES: 0
ITLB PREFETCHES SAME FILL-ORIGIN LEVEL: 0 DIFFERENT FILL-ORIGIN LEVEL: 0
ITLB AVERAGE MISS LATENCY: 55.9998 cycles
ITLB RQ	ACCESS:    4679762	FORWARD:          0	MERGED:     800140	TO_CACHE:    3879622

DTLB TOTAL     ACCESS:    6759127  HIT:    6677018  MISS:      82109  HIT %:    98.7852  MISS %:    1.21479   MPKI: 3.28436
DTLB LOAD TRANSLATION ACCESS:    6759127  HIT:    6677018  MISS:      82109  HIT %:    98.7852  MISS %:    1.21479   MPKI: 3.28436
DTLB PREFETCH  REQUESTED:          0  ISSUED:          0  USEFUL:          0  USELESS:          0
DTLB USEFUL LOAD PREFETCHES:          0 PREFETCH ISSUED TO LOWER LEVEL:          0  ACCURACY: -nan
DTLB TIMELY PREFETCHES:          0 LATE PREFETCHES: 0 DROPPED PREFETCHES: 0
DTLB PREFETCHES SAME FILL-ORIGIN LEVEL: 0 DIFFERENT FILL-ORIGIN LEVEL: 0
DTLB AVERAGE MISS LATENCY: 60.5824 cycles
DTLB RQ	ACCESS:    8237350	FORWARD:          0	MERGED:    1448183	TO_CACHE:    6789167

STLB TOTAL     ACCESS:      86147  HIT:      62785  MISS:      23362  HIT %:    72.8812  MISS %:    27.1188   MPKI: 0.93448
STLB LOAD TRANSLATION ACCESS:      86147  HIT:      62785  MISS:      23362  HIT %:    72.8812  MISS %:    27.1188   MPKI: 0.93448
STLB PREFETCH  REQUESTED:          0  ISSUED:          0  USEFUL:          0  USELESS:          0
STLB USEFUL LOAD PREFETCHES:          0 PREFETCH ISSUED TO LOWER LEVEL:          0  ACCURACY: -nan
STLB TIMELY PREFETCHES:          0 LATE PREFETCHES: 0 DROPPED PREFETCHES: 0
STLB PREFETCHES SAME FILL-ORIGIN LEVEL: 0 DIFFERENT FILL-ORIGIN LEVEL: 0
STLB AVERAGE MISS LATENCY: 188.883 cycles
STLB RQ	ACCESS:      86147	FORWARD:          0	MERGED:          0	TO_CACHE:      86147

STLB Hit, L1D data hit: 0
STLB Hit, L2C data hit: 0
STLB Hit, LLC data hit: 0
STLB Hit, LLC data miss: 0
STLB STLB hints to L2: 0
L1D TOTAL     ACCESS:    8110895  HIT:    7984965  MISS:     125930  HIT %:    98.4474  MISS %:     1.5526   MPKI: 5.0372
L1D LOAD      ACCESS:    5092847  HIT:    5007761  MISS:      85086  HIT %:    98.3293  MISS %:     1.6707   MPKI: 3.40344
L1D RFO       ACCESS:    3018048  HIT:    2977204  MISS:      40844  HIT %:    98.6467  MISS %:    1.35333   MPKI: 1.63376
L1D PREFETCH  REQUESTED:          0  ISSUED:          0  USEFUL:          0  USELESS:          0
L1D USEFUL LOAD PREFETCHES:          0 PREFETCH ISSUED TO LOWER LEVEL:          0  ACCURACY: -nan
L1D TIMELY PREFETCHES:          0 LATE PREFETCHES: 0 DROPPED PREFETCHES: 0
L1D PREFETCHES SAME FILL-ORIGIN LEVEL: 0 DIFFERENT FILL-ORIGIN LEVEL: 0
L1D AVERAGE MISS LATENCY: 160.142 cycles
L1D RQ	ACCESS:    7159385	FORWARD:          0	MERGED:    1922343	TO_CACHE:    5108005
L1D WQ	ACCESS:    3226976	FORWARD:     129037	MERGED:      97631	TO_CACHE:    3129345

L1D UNIQUE REGIONS ACCESSED: 0
L1D REGIONS CONFLICTS: 0
L1D Cross Page Prefetch Requests: 0
L1D Same Page Prefetch Requests: 0
L1D ROI Sum of L1D PQ occupancy: 0
L1D PREFETCHES PUSHED FROM L2C: 0
L1I TOTAL     ACCESS:    4658046  HIT:    4604916  MISS:      53130  HIT %:    98.8594  MISS %:    1.14061   MPKI: 2.1252
L1I LOAD      ACCESS:    4658046  HIT:    4604916  MISS:      53130  HIT %:    98.8594  MISS %:    1.14061   MPKI: 2.1252
L1I PREFETCH  REQUESTED:          0  ISSUED:          0  USEFUL:          0  USELESS:          0
L1I USEFUL LOAD PREFETCHES:          0 PREFETCH ISSUED TO LOWER LEVEL:          0  ACCURACY: -nan
L1I TIMELY PREFETCHES:          0 LATE PREFETCHES: 0 DROPPED PREFETCHES: 0
L1I PREFETCHES SAME FILL-ORIGIN LEVEL: 0 DIFFERENT FILL-ORIGIN LEVEL: 0
L1I AVERAGE MISS LATENCY: 77.6313 cycles
L1I RQ	ACCESS:    6566200	FORWARD:          0	MERGED:    1886438	TO_CACHE:    4679762

BTB TOTAL     ACCESS:    3429096  HIT:    3275942  MISS:     153154  HIT %:    95.5337  MISS %:    4.46631   MPKI: 6.12616
BTB BRANCH_DIRECT_JUMP	ACCESS:     487279  HIT:     484673  MISS:       2606
BTB BRANCH_INDIRECT	ACCESS:      19539  HIT:       3769  MISS:      15770
BTB BRANCH_CONDITIONAL	ACCESS:    2395393  HIT:    2389650  MISS:       5743
BTB BRANCH_DIRECT_CALL	ACCESS:     107379  HIT:     103734  MISS:       3645
BTB BRANCH_INDIRECT_CALL	ACCESS:     156045  HIT:      76949  MISS:      79096
BTB BRANCH_RETURN	ACCESS:     263460  HIT:     217167  MISS:      46293
BTB BRANCH_OTHER ACCESS:          1  HIT:          0  MISS:          1

L2C TOTAL     ACCESS:     288938  HIT:     130209  MISS:     158729  HIT %:    45.0647  MISS %:    54.9353   MPKI: 6.34916
L2C LOAD      ACCESS:     138215  HIT:      37124  MISS:     101091  HIT %:    26.8596  MISS %:    73.1404   MPKI: 4.04364
L2C DATA LOAD MPKI: 2.84464
L2C INSTRUCTION LOAD MPKI: 1.199
L2C RFO       ACCESS:      40844  HIT:       4540  MISS:      36304  HIT %:    11.1155  MISS %:    88.8845   MPKI: 1.45216
L2C WRITEBACK ACCESS:      71808  HIT:      68254  MISS:       3554  HIT %:    95.0507  MISS %:    4.94931   MPKI: 0.14216
L2C LOAD TRANSLATION ACCESS:      38071  HIT:      20291  MISS:      17780  HIT %:    53.2978  MISS %:    46.7022   MPKI: 0.7112
L2C PREFETCH  REQUESTED:          0  ISSUED:          0  USEFUL:          0  USELESS:          0
L2C USEFUL LOAD PREFETCHES:          0 PREFETCH ISSUED TO LOWER LEVEL:          0  ACCURACY: -nan
L2C TIMELY PREFETCHES:          0 LATE PREFETCHES: 0 DROPPED PREFETCHES: 0
L2C PREFETCHES SAME FILL-ORIGIN LEVEL: 0 DIFFERENT FILL-ORIGIN LEVEL: 0
L2C AVERAGE MISS LATENCY: 151.768 cycles
L2C RQ	ACCESS:     217131	FORWARD:          0	MERGED:          0	TO_CACHE:     217130
L2C WQ	ACCESS:      71808	FORWARD:          1	MERGED:          0	TO_CACHE:      71808

L2C Instructions Evicting Data 17283
L2C Translations Evicting Data 12279
L2C Data Evicting Data 75463
L2C Instructions Evicting Instructions 9435
L2C Translations Evicting Instructions 3335
L2C Data Evicting Instructions 19274
L2C Instructions Evicting Translations 3257
L2C Translations Evicting Translations 2166
L2C Data Evicting Translations 12683
L2C Dense regions hint from L2: 0
PSCL5 TOTAL     ACCESS:      23362  HIT:      23362  MISS:          0  HIT %:        100  MISS %:          0   MPKI: 0
PSCL5 LOAD TRANSLATION ACCESS:      23362  HIT:      23362  MISS:          0  HIT %:        100  MISS %:          0   MPKI: 0
PSCL5 PREFETCH  REQUESTED:          0  ISSUED:          0  USEFUL:          0  USELESS:          0
PSCL5 USEFUL LOAD PREFETCHES:          0 PREFETCH ISSUED TO LOWER LEVEL:          0  ACCURACY: -nan
PSCL5 TIMELY PREFETCHES:          0 LATE PREFETCHES: 0 DROPPED PREFETCHES: 0
PSCL5 PREFETCHES SAME FILL-ORIGIN LEVEL: 0 DIFFERENT FILL-ORIGIN LEVEL: 0

PSCL4 TOTAL     ACCESS:      22054  HIT:      21974  MISS:         80  HIT %:    99.6373  MISS %:   0.362746   MPKI: 0.0032
PSCL4 LOAD TRANSLATION ACCESS:      22054  HIT:      21974  MISS:         80  HIT %:    99.6373  MISS %:   0.362746   MPKI: 0.0032
PSCL4 PREFETCH  REQUESTED:          0  ISSUED:          0  USEFUL:          0  USELESS:          0
PSCL4 USEFUL LOAD PREFETCHES:          0 PREFETCH ISSUED TO LOWER LEVEL:          0  ACCURACY: -nan
PSCL4 TIMELY PREFETCHES:          0 LATE PREFETCHES: 0 DROPPED PREFETCHES: 0
PSCL4 PREFETCHES SAME FILL-ORIGIN LEVEL: 0 DIFFERENT FILL-ORIGIN LEVEL: 0

PSCL3 TOTAL     ACCESS:      23152  HIT:      22623  MISS:        529  HIT %:    97.7151  MISS %:     2.2849   MPKI: 0.02116
PSCL3 LOAD TRANSLATION ACCESS:      23152  HIT:      22623  MISS:        529  HIT %:    97.7151  MISS %:     2.2849   MPKI: 0.02116
PSCL3 PREFETCH  REQUESTED:          0  ISSUED:          0  USEFUL:          0  USELESS:          0
PSCL3 USEFUL LOAD PREFETCHES:          0 PREFETCH ISSUED TO LOWER LEVEL:          0  ACCURACY: -nan
PSCL3 TIMELY PREFETCHES:          0 LATE PREFETCHES: 0 DROPPED PREFETCHES: 0
PSCL3 PREFETCHES SAME FILL-ORIGIN LEVEL: 0 DIFFERENT FILL-ORIGIN LEVEL: 0

PSCL2 TOTAL     ACCESS:      23362  HIT:       9183  MISS:      14179  HIT %:    39.3074  MISS %:    60.6926   MPKI: 0.56716
PSCL2 LOAD TRANSLATION ACCESS:      23362  HIT:       9183  MISS:      14179  HIT %:    39.3074  MISS %:    60.6926   MPKI: 0.56716
PSCL2 PREFETCH  REQUESTED:          0  ISSUED:          0  USEFUL:          0  USELESS:          0
PSCL2 USEFUL LOAD PREFETCHES:          0 PREFETCH ISSUED TO LOWER LEVEL:          0  ACCURACY: -nan
PSCL2 TIMELY PREFETCHES:          0 LATE PREFETCHES: 0 DROPPED PREFETCHES: 0
PSCL2 PREFETCHES SAME FILL-ORIGIN LEVEL: 0 DIFFERENT FILL-ORIGIN LEVEL: 0

LLC TOTAL     ACCESS:     217307  HIT:      92161  MISS:     125146  HIT %:    42.4105  MISS %:    57.5895   MPKI: 5.00584
LLC LOAD      ACCESS:     101091  HIT:      22308  MISS:      78783  HIT %:    22.0672  MISS %:    77.9328   MPKI: 3.15132
LLC RFO       ACCESS:      36304  HIT:       1612  MISS:      34692  HIT %:    4.44028  MISS %:    95.5597   MPKI: 1.38768
LLC WRITEBACK ACCESS:      62132  HIT:      61913  MISS:        219  HIT %:    99.6475  MISS %:   0.352475   MPKI: 0.00876
LLC LOAD TRANSLATION ACCESS:      17780  HIT:       6328  MISS:      11452  HIT %:    35.5906  MISS %:    64.4094   MPKI: 0.45808
LLC PREFETCH  REQUESTED:          0  ISSUED:          0  USEFUL:          0  USELESS:          0
LLC USEFUL LOAD PREFETCHES:          0 PREFETCH ISSUED TO LOWER LEVEL:          0  ACCURACY: -nan
LLC TIMELY PREFETCHES:          0 LATE PREFETCHES: 0 DROPPED PREFETCHES: 0
LLC PREFETCHES SAME FILL-ORIGIN LEVEL: 0 DIFFERENT FILL-ORIGIN LEVEL: 0
LLC AVERAGE MISS LATENCY: 154.429 cycles
LLC RQ	ACCESS:     155175	FORWARD:          0	MERGED:          0	TO_CACHE:     155175
LLC WQ	ACCESS:      62132	FORWARD:          0	MERGED:          0	TO_CACHE:      62132

LLC Dense regions hint to LLC: 0

RAW hits: 415735
Loads Generated: 7575120
Loads sent to L1D: 7159385
Stores Generated: 3226960
Stores sent to L1D: 3226976
Major fault: 0 Minor fault: 42448
Allocated PAGES: 42448

DRAM Statistics
 CHANNEL 0
 RQ ROW_BUFFER_HIT:      26456  ROW_BUFFER_MISS:      98471
 DBUS_CONGESTED:         84
 WQ ROW_BUFFER_HIT:      13779  ROW_BUFFER_MISS:      39545  FULL:          0

 AVG_CONGESTED_CYCLE: 5
 All warmup complete: 2
Channel 0 Bank busy for read cycles: 0
Channel 0 Bank busy for write cycles: 0
Channel 0
Rank 0
0banks busy for read cycles: 49660906
0banks busy for write cycles: 17892
1banks busy for read cycles: 7399862
1banks busy for write cycles: 2903630
2banks busy for read cycles: 1921339
2banks busy for write cycles: 1062924
3banks busy for read cycles: 523828
3banks busy for write cycles: 546171
4banks busy for read cycles: 177824
4banks busy for write cycles: 300217
5banks busy for read cycles: 111028
5banks busy for write cycles: 195819
6banks busy for read cycles: 76520
6banks busy for write cycles: 161265
7banks busy for read cycles: 75684
7banks busy for write cycles: 146633
8banks busy for read cycles: 128081
8banks busy for write cycles: 110799

CPU 0 Branch Prediction Accuracy: 96.6781% MPKI: 7.22532 Average ROB Occupancy at Mispredict: 37.4972
Branch types
NOT_BRANCH: 19561996 78.248%
BRANCH_DIRECT_JUMP: 487279 1.94912%
BRANCH_INDIRECT: 19539 0.078156%
BRANCH_CONDITIONAL: 4403958 17.6158%
BRANCH_DIRECT_CALL: 107379 0.429516%
BRANCH_INDIRECT_CALL: 156045 0.62418%
BRANCH_RETURN: 263460 1.05384%
BRANCH_OTHER: 1 4e-06%

DRAM PAGES: 1048576
Allocated PAGES: 42448
