
*** ChampSim Multicore Out-of-Order Simulator ***

Warmup Instructions: 25000000
Simulation Instructions: 25000000
Number of CPUs: 1
LLC sets: 2048
LLC ways: 16
Off-chip DRAM Size: 4096 MB Channels: 1 Width: 64-bit Data Rate: 6400 MT/s
CPU 0 runs ../traces/Trace1.gz
.gz
BTB has LRU replacement policy
ITLB has LRU replacement policy
DTLB has LRU replacement policy
STLB has LRU replacement policy
L1I has LRU replacement policy
L1D has LRU replacement policy
Initialize SRRIP state for L2C
LLC has LRU replacement policy
Heartbeat CPU 0 instructions: 10000002 cycles: 2953687 heartbeat IPC: 3.3856 cumulative IPC: 3.3856 (Simulation time: 0 hr 0 min 29 sec) 
Heartbeat CPU 0 instructions: 20000001 cycles: 5914793 heartbeat IPC: 3.37712 cumulative IPC: 3.38135 (Simulation time: 0 hr 0 min 59 sec) 

Warmup complete CPU 0 instructions: 25000004 cycles: 7349224 (Simulation time: 0 hr 1 min 11 sec) 

Heartbeat CPU 0 instructions: 30000003 cycles: 31321021 heartbeat IPC: 0.393604 cumulative IPC: 0.208578 (Simulation time: 0 hr 1 min 32 sec) 
Heartbeat CPU 0 instructions: 40000002 cycles: 71748719 heartbeat IPC: 0.247355 cumulative IPC: 0.232921 (Simulation time: 0 hr 2 min 14 sec) 
Heartbeat CPU 0 instructions: 50000000 cycles: 115048102 heartbeat IPC: 0.23095 cumulative IPC: 0.232129 (Simulation time: 0 hr 2 min 55 sec) 
Finished CPU 0 instructions: 25000000 cycles: 107698882 cumulative IPC: 0.232129 (Simulation time: 0 hr 2 min 55 sec) 

ChampSim completed all CPUs

Region of Interest Statistics

CPU 0 cumulative IPC: 0.232129 instructions: 25000000 cycles: 107698882
ITLB TOTAL     ACCESS:    3638939  HIT:    3617530  MISS:      21409  HIT %:    99.4117  MISS %:   0.588331   MPKI: 0.85636
ITLB LOAD TRANSLATION ACCESS:    3638939  HIT:    3617530  MISS:      21409  HIT %:    99.4117  MISS %:   0.588331   MPKI: 0.85636
ITLB PREFETCH  REQUESTED:          0  ISSUED:          0  USEFUL:          0  USELESS:          0
ITLB USEFUL LOAD PREFETCHES:          0 PREFETCH ISSUED TO LOWER LEVEL:          0  ACCURACY: -nan
ITLB TIMELY PREFETCHES:          0 LATE PREFETCHES: 0 DROPPED PREFETCHES: 0
ITLB PREFETCHES SAME FILL-ORIGIN LEVEL: 0 DIFFERENT FILL-ORIGIN LEVEL: 0
ITLB AVERAGE MISS LATENCY: 42.1518 cycles
ITLB RQ	ACCESS:    4550143	FORWARD:          0	MERGED:     908065	TO_CACHE:    3642078

DTLB TOTAL     ACCESS:    5920396  HIT:    5727427  MISS:     192969  HIT %:    96.7406  MISS %:    3.25939   MPKI: 7.71876
DTLB LOAD TRANSLATION ACCESS:    5920396  HIT:    5727427  MISS:     192969  HIT %:    96.7406  MISS %:    3.25939   MPKI: 7.71876
DTLB PREFETCH  REQUESTED:          0  ISSUED:          0  USEFUL:          0  USELESS:          0
DTLB USEFUL LOAD PREFETCHES:          0 PREFETCH ISSUED TO LOWER LEVEL:          0  ACCURACY: -nan
DTLB TIMELY PREFETCHES:          0 LATE PREFETCHES: 0 DROPPED PREFETCHES: 0
DTLB PREFETCHES SAME FILL-ORIGIN LEVEL: 0 DIFFERENT FILL-ORIGIN LEVEL: 0
DTLB AVERAGE MISS LATENCY: 79.1615 cycles
DTLB RQ	ACCESS:    7324208	FORWARD:          0	MERGED:    1366640	TO_CACHE:    5957568

STLB TOTAL     ACCESS:     214378  HIT:     142997  MISS:      71381  HIT %:    66.7032  MISS %:    33.2968   MPKI: 2.85524
STLB LOAD TRANSLATION ACCESS:     214378  HIT:     142997  MISS:      71381  HIT %:    66.7032  MISS %:    33.2968   MPKI: 2.85524
STLB PREFETCH  REQUESTED:          0  ISSUED:          0  USEFUL:          0  USELESS:          0
STLB USEFUL LOAD PREFETCHES:          0 PREFETCH ISSUED TO LOWER LEVEL:          0  ACCURACY: -nan
STLB TIMELY PREFETCHES:          0 LATE PREFETCHES: 0 DROPPED PREFETCHES: 0
STLB PREFETCHES SAME FILL-ORIGIN LEVEL: 0 DIFFERENT FILL-ORIGIN LEVEL: 0
STLB AVERAGE MISS LATENCY: 199.177 cycles
STLB RQ	ACCESS:     214378	FORWARD:          0	MERGED:          0	TO_CACHE:     214378

STLB Hit, L1D data hit: 0
STLB Hit, L2C data hit: 0
STLB Hit, LLC data hit: 0
STLB Hit, LLC data miss: 0
STLB STLB hints to L2: 0
L1D TOTAL     ACCESS:    7040043  HIT:    6660654  MISS:     379389  HIT %:     94.611  MISS %:    5.38902   MPKI: 15.1756
L1D LOAD      ACCESS:    4277922  HIT:    4010972  MISS:     266950  HIT %:    93.7598  MISS %:    6.24018   MPKI: 10.678
L1D RFO       ACCESS:    2762121  HIT:    2649682  MISS:     112439  HIT %:    95.9293  MISS %:    4.07075   MPKI: 4.49756
L1D PREFETCH  REQUESTED:          0  ISSUED:          0  USEFUL:          0  USELESS:          0
L1D USEFUL LOAD PREFETCHES:          0 PREFETCH ISSUED TO LOWER LEVEL:          0  ACCURACY: -nan
L1D TIMELY PREFETCHES:          0 LATE PREFETCHES: 0 DROPPED PREFETCHES: 0
L1D PREFETCHES SAME FILL-ORIGIN LEVEL: 0 DIFFERENT FILL-ORIGIN LEVEL: 0
L1D AVERAGE MISS LATENCY: 124.204 cycles
L1D RQ	ACCESS:    5844623	FORWARD:          0	MERGED:    1449754	TO_CACHE:    4318033
L1D WQ	ACCESS:    3047624	FORWARD:      76836	MERGED:      41449	TO_CACHE:    3006175

L1D UNIQUE REGIONS ACCESSED: 0
L1D REGIONS CONFLICTS: 0
L1D Cross Page Prefetch Requests: 0
L1D Same Page Prefetch Requests: 0
L1D ROI Sum of L1D PQ occupancy: 0
L1D PREFETCHES PUSHED FROM L2C: 0
L1I TOTAL     ACCESS:    4397230  HIT:    4035120  MISS:     362110  HIT %:     91.765  MISS %:    8.23496   MPKI: 14.4844
L1I LOAD      ACCESS:    4397230  HIT:    4035120  MISS:     362110  HIT %:     91.765  MISS %:    8.23496   MPKI: 14.4844
L1I PREFETCH  REQUESTED:          0  ISSUED:          0  USEFUL:          0  USELESS:          0
L1I USEFUL LOAD PREFETCHES:          0 PREFETCH ISSUED TO LOWER LEVEL:          0  ACCURACY: -nan
L1I TIMELY PREFETCHES:          0 LATE PREFETCHES: 0 DROPPED PREFETCHES: 0
L1I PREFETCHES SAME FILL-ORIGIN LEVEL: 0 DIFFERENT FILL-ORIGIN LEVEL: 0
L1I AVERAGE MISS LATENCY: 110.101 cycles
L1I RQ	ACCESS:    6255249	FORWARD:          0	MERGED:    1705106	TO_CACHE:    4550143

BTB TOTAL     ACCESS:    2029937  HIT:    1730538  MISS:     299399  HIT %:    85.2508  MISS %:    14.7492   MPKI: 11.976
BTB BRANCH_DIRECT_JUMP	ACCESS:     126163  HIT:     102446  MISS:      23717
BTB BRANCH_INDIRECT	ACCESS:      45810  HIT:      28349  MISS:      17461
BTB BRANCH_CONDITIONAL	ACCESS:    1410836  HIT:    1350768  MISS:      60068
BTB BRANCH_DIRECT_CALL	ACCESS:     192147  HIT:     136830  MISS:      55317
BTB BRANCH_INDIRECT_CALL	ACCESS:      31367  HIT:      17496  MISS:      13871
BTB BRANCH_RETURN	ACCESS:     223607  HIT:      94649  MISS:     128958
BTB BRANCH_OTHER ACCESS:          7  HIT:          0  MISS:          7

L2C TOTAL     ACCESS:    1014362  HIT:     417885  MISS:     596477  HIT %:    41.1968  MISS %:    58.8032   MPKI: 23.8591
L2C LOAD      ACCESS:     629057  HIT:     187574  MISS:     441483  HIT %:    29.8183  MISS %:    70.1817   MPKI: 17.6593
L2C DATA LOAD MPKI: 7.07448
L2C INSTRUCTION LOAD MPKI: 10.5848
L2C RFO       ACCESS:     112438  HIT:      19164  MISS:      93274  HIT %:    17.0441  MISS %:    82.9559   MPKI: 3.73096
L2C WRITEBACK ACCESS:     155233  HIT:     147986  MISS:       7247  HIT %:    95.3315  MISS %:    4.66847   MPKI: 0.28988
L2C LOAD TRANSLATION ACCESS:     117634  HIT:      63161  MISS:      54473  HIT %:    53.6928  MISS %:    46.3072   MPKI: 2.17892
L2C PREFETCH  REQUESTED:          0  ISSUED:          0  USEFUL:          0  USELESS:          0
L2C USEFUL LOAD PREFETCHES:          0 PREFETCH ISSUED TO LOWER LEVEL:          0  ACCURACY: -nan
L2C TIMELY PREFETCHES:          0 LATE PREFETCHES: 0 DROPPED PREFETCHES: 0
L2C PREFETCHES SAME FILL-ORIGIN LEVEL: 0 DIFFERENT FILL-ORIGIN LEVEL: 0
L2C AVERAGE MISS LATENCY: 140.326 cycles
L2C RQ	ACCESS:     859133	FORWARD:          0	MERGED:          0	TO_CACHE:     859129
L2C WQ	ACCESS:     155233	FORWARD:          4	MERGED:          0	TO_CACHE:     155233

L2C Instructions Evicting Data 121659
L2C Translations Evicting Data 25311
L2C Data Evicting Data 126182
L2C Instructions Evicting Instructions 119650
L2C Translations Evicting Instructions 24278
L2C Data Evicting Instructions 118104
L2C Instructions Evicting Translations 23312
L2C Translations Evicting Translations 4884
L2C Data Evicting Translations 25850
L2C Dense regions hint from L2: 0
PSCL5 TOTAL     ACCESS:      71381  HIT:      71381  MISS:          0  HIT %:        100  MISS %:          0   MPKI: 0
PSCL5 LOAD TRANSLATION ACCESS:      71381  HIT:      71381  MISS:          0  HIT %:        100  MISS %:          0   MPKI: 0
PSCL5 PREFETCH  REQUESTED:          0  ISSUED:          0  USEFUL:          0  USELESS:          0
PSCL5 USEFUL LOAD PREFETCHES:          0 PREFETCH ISSUED TO LOWER LEVEL:          0  ACCURACY: -nan
PSCL5 TIMELY PREFETCHES:          0 LATE PREFETCHES: 0 DROPPED PREFETCHES: 0
PSCL5 PREFETCHES SAME FILL-ORIGIN LEVEL: 0 DIFFERENT FILL-ORIGIN LEVEL: 0

PSCL4 TOTAL     ACCESS:      70577  HIT:      70381  MISS:        196  HIT %:    99.7223  MISS %:   0.277711   MPKI: 0.00784
PSCL4 LOAD TRANSLATION ACCESS:      70577  HIT:      70381  MISS:        196  HIT %:    99.7223  MISS %:   0.277711   MPKI: 0.00784
PSCL4 PREFETCH  REQUESTED:          0  ISSUED:          0  USEFUL:          0  USELESS:          0
PSCL4 USEFUL LOAD PREFETCHES:          0 PREFETCH ISSUED TO LOWER LEVEL:          0  ACCURACY: -nan
PSCL4 TIMELY PREFETCHES:          0 LATE PREFETCHES: 0 DROPPED PREFETCHES: 0
PSCL4 PREFETCHES SAME FILL-ORIGIN LEVEL: 0 DIFFERENT FILL-ORIGIN LEVEL: 0

PSCL3 TOTAL     ACCESS:      69942  HIT:      65833  MISS:       4109  HIT %:    94.1251  MISS %:    5.87487   MPKI: 0.16436
PSCL3 LOAD TRANSLATION ACCESS:      69942  HIT:      65833  MISS:       4109  HIT %:    94.1251  MISS %:    5.87487   MPKI: 0.16436
PSCL3 PREFETCH  REQUESTED:          0  ISSUED:          0  USEFUL:          0  USELESS:          0
PSCL3 USEFUL LOAD PREFETCHES:          0 PREFETCH ISSUED TO LOWER LEVEL:          0  ACCURACY: -nan
PSCL3 TIMELY PREFETCHES:          0 LATE PREFETCHES: 0 DROPPED PREFETCHES: 0
PSCL3 PREFETCHES SAME FILL-ORIGIN LEVEL: 0 DIFFERENT FILL-ORIGIN LEVEL: 0

PSCL2 TOTAL     ACCESS:      71381  HIT:      29165  MISS:      42216  HIT %:    40.8582  MISS %:    59.1418   MPKI: 1.68864
PSCL2 LOAD TRANSLATION ACCESS:      71381  HIT:      29165  MISS:      42216  HIT %:    40.8582  MISS %:    59.1418   MPKI: 1.68864
PSCL2 PREFETCH  REQUESTED:          0  ISSUED:          0  USEFUL:          0  USELESS:          0
PSCL2 USEFUL LOAD PREFETCHES:          0 PREFETCH ISSUED TO LOWER LEVEL:          0  ACCURACY: -nan
PSCL2 TIMELY PREFETCHES:          0 LATE PREFETCHES: 0 DROPPED PREFETCHES: 0
PSCL2 PREFETCHES SAME FILL-ORIGIN LEVEL: 0 DIFFERENT FILL-ORIGIN LEVEL: 0

LLC TOTAL     ACCESS:     712923  HIT:     280732  MISS:     432191  HIT %:    39.3776  MISS %:    60.6224   MPKI: 17.2876
LLC LOAD      ACCESS:     441483  HIT:     134828  MISS:     306655  HIT %:    30.5398  MISS %:    69.4602   MPKI: 12.2662
LLC RFO       ACCESS:      93274  HIT:       4849  MISS:      88425  HIT %:    5.19866  MISS %:    94.8013   MPKI: 3.537
LLC WRITEBACK ACCESS:     123693  HIT:     121118  MISS:       2575  HIT %:    97.9182  MISS %:    2.08177   MPKI: 0.103
LLC LOAD TRANSLATION ACCESS:      54473  HIT:      19937  MISS:      34536  HIT %:    36.5998  MISS %:    63.4002   MPKI: 1.38144
LLC PREFETCH  REQUESTED:          0  ISSUED:          0  USEFUL:          0  USELESS:          0
LLC USEFUL LOAD PREFETCHES:          0 PREFETCH ISSUED TO LOWER LEVEL:          0  ACCURACY: -nan
LLC TIMELY PREFETCHES:          0 LATE PREFETCHES: 0 DROPPED PREFETCHES: 0
LLC PREFETCHES SAME FILL-ORIGIN LEVEL: 0 DIFFERENT FILL-ORIGIN LEVEL: 0
LLC AVERAGE MISS LATENCY: 152.111 cycles
LLC RQ	ACCESS:     589230	FORWARD:          0	MERGED:          0	TO_CACHE:     589230
LLC WQ	ACCESS:     123693	FORWARD:          0	MERGED:          0	TO_CACHE:     123693

LLC Dense regions hint to LLC: 0

RAW hits: 198278
Loads Generated: 6042902
Loads sent to L1D: 5844623
Stores Generated: 3047659
Stores sent to L1D: 3047660
Major fault: 0 Minor fault: 45580
Allocated PAGES: 45580

DRAM Statistics
 CHANNEL 0
 RQ ROW_BUFFER_HIT:      94906  ROW_BUFFER_MISS:     334708
 DBUS_CONGESTED:        212
 WQ ROW_BUFFER_HIT:      43081  ROW_BUFFER_MISS:      70537  FULL:          0

 AVG_CONGESTED_CYCLE: 4
 All warmup complete: 2
Channel 0 Bank busy for read cycles: 0
Channel 0 Bank busy for write cycles: 0
Channel 0
Rank 0
0banks busy for read cycles: 48537734
0banks busy for write cycles: 51358
1banks busy for read cycles: 33328874
1banks busy for write cycles: 9957521
2banks busy for read cycles: 6809151
2banks busy for write cycles: 3657014
3banks busy for read cycles: 1133090
3banks busy for write cycles: 1547316
4banks busy for read cycles: 322792
4banks busy for write cycles: 778627
5banks busy for read cycles: 169718
5banks busy for write cycles: 421913
6banks busy for read cycles: 128064
6banks busy for write cycles: 249635
7banks busy for read cycles: 78191
7banks busy for write cycles: 184065
8banks busy for read cycles: 144024
8banks busy for write cycles: 199796

CPU 0 Branch Prediction Accuracy: 91.1975% MPKI: 16.1264 Average ROB Occupancy at Mispredict: 14.0808
Branch types
NOT_BRANCH: 20419575 81.6783%
BRANCH_DIRECT_JUMP: 126163 0.504652%
BRANCH_INDIRECT: 45810 0.18324%
BRANCH_CONDITIONAL: 3960982 15.8439%
BRANCH_DIRECT_CALL: 192147 0.768588%
BRANCH_INDIRECT_CALL: 31367 0.125468%
BRANCH_RETURN: 223607 0.894428%
BRANCH_OTHER: 7 2.8e-05%

DRAM PAGES: 1048576
Allocated PAGES: 45580
