
*** ChampSim Multicore Out-of-Order Simulator ***

Warmup Instructions: 25000000
Simulation Instructions: 25000000
Number of CPUs: 1
LLC sets: 2048
LLC ways: 16
Off-chip DRAM Size: 4096 MB Channels: 1 Width: 64-bit Data Rate: 6400 MT/s
CPU 0 runs ../traces/Trace1.gz
.gz
BTB has LRU replacement policy
ITLB has LRU replacement policy
DTLB has LRU replacement policy
STLB has LRU replacement policy
L1I has LRU replacement policy
------------------------------------------------
        Stride Pattern Prefetcher (SPP)         
------------------------------------------------
L1D has LRU replacement policy
L2C has LRU replacement policy
LLC has LRU replacement policy
Heartbeat CPU 0 instructions: 10000002 cycles: 2952243 heartbeat IPC: 3.38726 cumulative IPC: 3.38726 (Simulation time: 0 hr 0 min 30 sec) 
Heartbeat CPU 0 instructions: 20000001 cycles: 5912872 heartbeat IPC: 3.37766 cumulative IPC: 3.38245 (Simulation time: 0 hr 0 min 59 sec) 

Warmup complete CPU 0 instructions: 25000004 cycles: 7346883 (Simulation time: 0 hr 1 min 15 sec) 

Heartbeat CPU 0 instructions: 30000003 cycles: 31216574 heartbeat IPC: 0.395199 cumulative IPC: 0.209471 (Simulation time: 0 hr 1 min 37 sec) 
Heartbeat CPU 0 instructions: 40000002 cycles: 71413885 heartbeat IPC: 0.248773 cumulative IPC: 0.23413 (Simulation time: 0 hr 2 min 19 sec) 
Heartbeat CPU 0 instructions: 50000000 cycles: 114141145 heartbeat IPC: 0.234043 cumulative IPC: 0.234095 (Simulation time: 0 hr 2 min 59 sec) 
Finished CPU 0 instructions: 25000000 cycles: 106794266 cumulative IPC: 0.234095 (Simulation time: 0 hr 2 min 59 sec) 

ChampSim completed all CPUs

Region of Interest Statistics

CPU 0 cumulative IPC: 0.234095 instructions: 25000000 cycles: 106794266
ITLB TOTAL     ACCESS:    3636996  HIT:    3615587  MISS:      21409  HIT %:    99.4114  MISS %:   0.588645   MPKI: 0.85636
ITLB LOAD TRANSLATION ACCESS:    3636996  HIT:    3615587  MISS:      21409  HIT %:    99.4114  MISS %:   0.588645   MPKI: 0.85636
ITLB PREFETCH  REQUESTED:          0  ISSUED:          0  USEFUL:          0  USELESS:          0
ITLB USEFUL LOAD PREFETCHES:          0 PREFETCH ISSUED TO LOWER LEVEL:          0  ACCURACY: -nan
ITLB TIMELY PREFETCHES:          0 LATE PREFETCHES: 0 DROPPED PREFETCHES: 0
ITLB PREFETCHES SAME FILL-ORIGIN LEVEL: 0 DIFFERENT FILL-ORIGIN LEVEL: 0
ITLB AVERAGE MISS LATENCY: 43.1603 cycles
ITLB RQ	ACCESS:    4548323	FORWARD:          0	MERGED:     908185	TO_CACHE:    3640138

DTLB TOTAL     ACCESS:    5935042  HIT:    5742056  MISS:     192986  HIT %:    96.7484  MISS %:    3.25164   MPKI: 7.71944
DTLB LOAD TRANSLATION ACCESS:    5935042  HIT:    5742056  MISS:     192986  HIT %:    96.7484  MISS %:    3.25164   MPKI: 7.71944
DTLB PREFETCH  REQUESTED:          0  ISSUED:          0  USEFUL:          0  USELESS:          0
DTLB USEFUL LOAD PREFETCHES:          0 PREFETCH ISSUED TO LOWER LEVEL:          0  ACCURACY: -nan
DTLB TIMELY PREFETCHES:          0 LATE PREFETCHES: 0 DROPPED PREFETCHES: 0
DTLB PREFETCHES SAME FILL-ORIGIN LEVEL: 0 DIFFERENT FILL-ORIGIN LEVEL: 0
DTLB AVERAGE MISS LATENCY: 81.2904 cycles
DTLB RQ	ACCESS:    7335470	FORWARD:          0	MERGED:    1362925	TO_CACHE:    5972545

STLB TOTAL     ACCESS:     379536  HIT:     308165  MISS:      71371  HIT %:    81.1952  MISS %:    18.8048   MPKI: 2.85484
STLB LOAD TRANSLATION ACCESS:     214395  HIT:     143024  MISS:      71371  HIT %:    66.7105  MISS %:    33.2895   MPKI: 2.85484
STLB TRANSLATION FROM L1D PREFETCHER ACCESS:     165141  HIT:     165141  MISS:          0  HIT %:        100  MISS %:          0   MPKI: 0
STLB PREFETCH  REQUESTED:          0  ISSUED:          0  USEFUL:          0  USELESS:          0
STLB USEFUL LOAD PREFETCHES:          0 PREFETCH ISSUED TO LOWER LEVEL:          0  ACCURACY: -nan
STLB TIMELY PREFETCHES:          0 LATE PREFETCHES: 0 DROPPED PREFETCHES: 0
STLB PREFETCHES SAME FILL-ORIGIN LEVEL: 0 DIFFERENT FILL-ORIGIN LEVEL: 0
STLB AVERAGE MISS LATENCY: 205.31 cycles
STLB RQ	ACCESS:     641263	FORWARD:          0	MERGED:     261726	TO_CACHE:     379537

STLB Hit, L1D data hit: 0
STLB Hit, L2C data hit: 0
STLB Hit, LLC data hit: 0
STLB Hit, LLC data miss: 0
STLB STLB hints to L2: 0
L1D TOTAL     ACCESS:    7477642  HIT:    7068780  MISS:     408862  HIT %:    94.5322  MISS %:    5.46779   MPKI: 16.3545
L1D LOAD      ACCESS:    4299257  HIT:    4060626  MISS:     238631  HIT %:    94.4495  MISS %:    5.55052   MPKI: 9.54524
L1D RFO       ACCESS:    2775095  HIT:    2668696  MISS:     106399  HIT %:    96.1659  MISS %:    3.83407   MPKI: 4.25596
L1D PREFETCH  ACCESS:     403290  HIT:     339458  MISS:      63832  HIT %:    84.1722  MISS %:    15.8278   MPKI: 2.55328
AGUS PREFETCH L1 MISS: 0
L1D PREFETCH  REQUESTED:     907232  ISSUED:     907006  USEFUL:      38390  USELESS:      25421
L1D USEFUL LOAD PREFETCHES:      38390 PREFETCH ISSUED TO LOWER LEVEL:      68585  ACCURACY: 55.9743
L1D TIMELY PREFETCHES:      38390 LATE PREFETCHES: 4362 DROPPED PREFETCHES: 0
L1D PREFETCHES SAME FILL-ORIGIN LEVEL: 68585 DIFFERENT FILL-ORIGIN LEVEL: 0
L1D AVERAGE MISS LATENCY: 705279 cycles
L1D RQ	ACCESS:    5851039	FORWARD:          0	MERGED:    1444776	TO_CACHE:    4328928
L1D WQ	ACCESS:    3047624	FORWARD:      77508	MERGED:      41082	TO_CACHE:    3006542
L1D PQ	ACCESS:     480138	FORWARD:          0	MERGED:      53097	TO_CACHE:     426868

L1D UNIQUE REGIONS ACCESSED: 0
L1D REGIONS CONFLICTS: 0
L1D Cross Page Prefetch Requests: 0
L1D Same Page Prefetch Requests: 1261964
L1D ROI Sum of L1D PQ occupancy: 5798762
L1D PREFETCHES PUSHED FROM L2C: 0
L1I TOTAL     ACCESS:    4395688  HIT:    4033578  MISS:     362110  HIT %:    91.7622  MISS %:    8.23785   MPKI: 14.4844
L1I LOAD      ACCESS:    4395688  HIT:    4033578  MISS:     362110  HIT %:    91.7622  MISS %:    8.23785   MPKI: 14.4844
L1I PREFETCH  REQUESTED:          0  ISSUED:          0  USEFUL:          0  USELESS:          0
L1I USEFUL LOAD PREFETCHES:          0 PREFETCH ISSUED TO LOWER LEVEL:          0  ACCURACY: -nan
L1I TIMELY PREFETCHES:          0 LATE PREFETCHES: 0 DROPPED PREFETCHES: 0
L1I PREFETCHES SAME FILL-ORIGIN LEVEL: 0 DIFFERENT FILL-ORIGIN LEVEL: 0
L1I AVERAGE MISS LATENCY: 111.46 cycles
L1I RQ	ACCESS:    6251139	FORWARD:          0	MERGED:    1702816	TO_CACHE:    4548323

BTB TOTAL     ACCESS:    2029937  HIT:    1730538  MISS:     299399  HIT %:    85.2508  MISS %:    14.7492   MPKI: 11.976
BTB BRANCH_DIRECT_JUMP	ACCESS:     126163  HIT:     102446  MISS:      23717
BTB BRANCH_INDIRECT	ACCESS:      45810  HIT:      28349  MISS:      17461
BTB BRANCH_CONDITIONAL	ACCESS:    1410836  HIT:    1350768  MISS:      60068
BTB BRANCH_DIRECT_CALL	ACCESS:     192147  HIT:     136830  MISS:      55317
BTB BRANCH_INDIRECT_CALL	ACCESS:      31367  HIT:      17496  MISS:      13871
BTB BRANCH_RETURN	ACCESS:     223607  HIT:      94649  MISS:     128958
BTB BRANCH_OTHER ACCESS:          7  HIT:          0  MISS:          7

L2C TOTAL     ACCESS:    1044777  HIT:     424953  MISS:     619824  HIT %:     40.674  MISS %:     59.326   MPKI: 24.793
L2C LOAD      ACCESS:     596377  HIT:     175183  MISS:     421194  HIT %:    29.3745  MISS %:    70.6255   MPKI: 16.8478
L2C DATA LOAD MPKI: 6.39796
L2C INSTRUCTION LOAD MPKI: 10.4498
L2C RFO       ACCESS:     106006  HIT:      15236  MISS:      90770  HIT %:    14.3728  MISS %:    85.6272   MPKI: 3.6308
L2C PREFETCH  ACCESS:      68584  HIT:      18381  MISS:      50203  HIT %:    26.8007  MISS %:    73.1993   MPKI: 2.00812
AGUS PREFETCH L1 MISS: 0
L2C DATA PREFETCH MPKI: 2.00812
L2C INSTRUCTION PREFETCH MPKI: 0
L2C WRITEBACK ACCESS:     156221  HIT:     155269  MISS:        952  HIT %:    99.3906  MISS %:   0.609393   MPKI: 0.03808
L2C LOAD TRANSLATION ACCESS:     117589  HIT:      60884  MISS:      56705  HIT %:     51.777  MISS %:     48.223   MPKI: 2.2682
L2C PREFETCH  REQUESTED:          0  ISSUED:          0  USEFUL:       2767  USELESS:      47209
L2C USEFUL LOAD PREFETCHES:       2767 PREFETCH ISSUED TO LOWER LEVEL:      50203  ACCURACY: 5.51162
L2C TIMELY PREFETCHES:       2767 LATE PREFETCHES: 0 DROPPED PREFETCHES: 0
L2C PREFETCHES SAME FILL-ORIGIN LEVEL: 0 DIFFERENT FILL-ORIGIN LEVEL: 0
L2C AVERAGE MISS LATENCY: 142.148 cycles
L2C RQ	ACCESS:     819976	FORWARD:          0	MERGED:          0	TO_CACHE:     819972
L2C WQ	ACCESS:     156221	FORWARD:          5	MERGED:          0	TO_CACHE:     156221
L2C PQ	ACCESS:      68585	FORWARD:          0	MERGED:          0	TO_CACHE:      68584

L2C Instructions Evicting Data 126025
L2C Translations Evicting Data 27537
L2C Data Evicting Data 147531
L2C Instructions Evicting Instructions 112104
L2C Translations Evicting Instructions 23941
L2C Data Evicting Instructions 124847
L2C Instructions Evicting Translations 23116
L2C Translations Evicting Translations 5227
L2C Data Evicting Translations 28544
L2C Dense regions hint from L2: 0
PSCL5 TOTAL     ACCESS:      71371  HIT:      71371  MISS:          0  HIT %:        100  MISS %:          0   MPKI: 0
PSCL5 LOAD TRANSLATION ACCESS:      71371  HIT:      71371  MISS:          0  HIT %:        100  MISS %:          0   MPKI: 0
PSCL5 PREFETCH  REQUESTED:          0  ISSUED:          0  USEFUL:          0  USELESS:          0
PSCL5 USEFUL LOAD PREFETCHES:          0 PREFETCH ISSUED TO LOWER LEVEL:          0  ACCURACY: -nan
PSCL5 TIMELY PREFETCHES:          0 LATE PREFETCHES: 0 DROPPED PREFETCHES: 0
PSCL5 PREFETCHES SAME FILL-ORIGIN LEVEL: 0 DIFFERENT FILL-ORIGIN LEVEL: 0

PSCL4 TOTAL     ACCESS:      70571  HIT:      70370  MISS:        201  HIT %:    99.7152  MISS %:    0.28482   MPKI: 0.00804
PSCL4 LOAD TRANSLATION ACCESS:      70571  HIT:      70370  MISS:        201  HIT %:    99.7152  MISS %:    0.28482   MPKI: 0.00804
PSCL4 PREFETCH  REQUESTED:          0  ISSUED:          0  USEFUL:          0  USELESS:          0
PSCL4 USEFUL LOAD PREFETCHES:          0 PREFETCH ISSUED TO LOWER LEVEL:          0  ACCURACY: -nan
PSCL4 TIMELY PREFETCHES:          0 LATE PREFETCHES: 0 DROPPED PREFETCHES: 0
PSCL4 PREFETCHES SAME FILL-ORIGIN LEVEL: 0 DIFFERENT FILL-ORIGIN LEVEL: 0

PSCL3 TOTAL     ACCESS:      69938  HIT:      65862  MISS:       4076  HIT %:     94.172  MISS %:    5.82802   MPKI: 0.16304
PSCL3 LOAD TRANSLATION ACCESS:      69938  HIT:      65862  MISS:       4076  HIT %:     94.172  MISS %:    5.82802   MPKI: 0.16304
PSCL3 PREFETCH  REQUESTED:          0  ISSUED:          0  USEFUL:          0  USELESS:          0
PSCL3 USEFUL LOAD PREFETCHES:          0 PREFETCH ISSUED TO LOWER LEVEL:          0  ACCURACY: -nan
PSCL3 TIMELY PREFETCHES:          0 LATE PREFETCHES: 0 DROPPED PREFETCHES: 0
PSCL3 PREFETCHES SAME FILL-ORIGIN LEVEL: 0 DIFFERENT FILL-ORIGIN LEVEL: 0

PSCL2 TOTAL     ACCESS:      71371  HIT:      29162  MISS:      42209  HIT %:    40.8597  MISS %:    59.1403   MPKI: 1.68836
PSCL2 LOAD TRANSLATION ACCESS:      71371  HIT:      29162  MISS:      42209  HIT %:    40.8597  MISS %:    59.1403   MPKI: 1.68836
PSCL2 PREFETCH  REQUESTED:          0  ISSUED:          0  USEFUL:          0  USELESS:          0
PSCL2 USEFUL LOAD PREFETCHES:          0 PREFETCH ISSUED TO LOWER LEVEL:          0  ACCURACY: -nan
PSCL2 TIMELY PREFETCHES:          0 LATE PREFETCHES: 0 DROPPED PREFETCHES: 0
PSCL2 PREFETCHES SAME FILL-ORIGIN LEVEL: 0 DIFFERENT FILL-ORIGIN LEVEL: 0

LLC TOTAL     ACCESS:     750514  HIT:     299157  MISS:     451357  HIT %:    39.8603  MISS %:    60.1397   MPKI: 18.0543
LLC LOAD      ACCESS:     421193  HIT:     127212  MISS:     293981  HIT %:    30.2028  MISS %:    69.7972   MPKI: 11.7592
LLC RFO       ACCESS:      90769  HIT:       8585  MISS:      82184  HIT %:    9.45807  MISS %:    90.5419   MPKI: 3.28736
LLC PREFETCH  ACCESS:      50203  HIT:      10069  MISS:      40134  HIT %:    20.0566  MISS %:    79.9434   MPKI: 1.60536
AGUS PREFETCH L1 MISS: 0
LLC WRITEBACK ACCESS:     131644  HIT:     131457  MISS:        187  HIT %:     99.858  MISS %:    0.14205   MPKI: 0.00748
LLC LOAD TRANSLATION ACCESS:      56705  HIT:      21834  MISS:      34871  HIT %:    38.5045  MISS %:    61.4955   MPKI: 1.39484
LLC PREFETCH  REQUESTED:          0  ISSUED:          0  USEFUL:       1874  USELESS:      38638
LLC USEFUL LOAD PREFETCHES:       1874 PREFETCH ISSUED TO LOWER LEVEL:      40134  ACCURACY: 4.66936
LLC TIMELY PREFETCHES:       1874 LATE PREFETCHES: 0 DROPPED PREFETCHES: 0
LLC PREFETCHES SAME FILL-ORIGIN LEVEL: 0 DIFFERENT FILL-ORIGIN LEVEL: 0
LLC AVERAGE MISS LATENCY: 153.386 cycles
LLC RQ	ACCESS:     568669	FORWARD:          0	MERGED:          0	TO_CACHE:     568667
LLC WQ	ACCESS:     131644	FORWARD:          2	MERGED:          0	TO_CACHE:     131644
LLC PQ	ACCESS:      50203	FORWARD:          0	MERGED:          0	TO_CACHE:      50203

LLC Dense regions hint to LLC: 0

RAW hits: 191862
Loads Generated: 6042902
Loads sent to L1D: 5851039
Stores Generated: 3047659
Stores sent to L1D: 3047660
Major fault: 0 Minor fault: 45579
Allocated PAGES: 45579
Degree: 2

DRAM Statistics
 CHANNEL 0
 RQ ROW_BUFFER_HIT:     101175  ROW_BUFFER_MISS:     349993
 DBUS_CONGESTED:        228
 WQ ROW_BUFFER_HIT:      42161  ROW_BUFFER_MISS:      71276  FULL:          0

 AVG_CONGESTED_CYCLE: 4
 All warmup complete: 2
Channel 0 Bank busy for read cycles: 0
Channel 0 Bank busy for write cycles: 0
Channel 0
Rank 0
0banks busy for read cycles: 47535388
0banks busy for write cycles: 50394
1banks busy for read cycles: 32764177
1banks busy for write cycles: 9642481
2banks busy for read cycles: 7184235
2banks busy for write cycles: 3599359
3banks busy for read cycles: 1411993
3banks busy for write cycles: 1560062
4banks busy for read cycles: 490148
4banks busy for write cycles: 779949
5banks busy for read cycles: 259785
5banks busy for write cycles: 435788
6banks busy for read cycles: 173063
6banks busy for write cycles: 257962
7banks busy for read cycles: 99811
7banks busy for write cycles: 188802
8banks busy for read cycles: 149430
8banks busy for write cycles: 211440

CPU 0 Branch Prediction Accuracy: 91.1975% MPKI: 16.1264 Average ROB Occupancy at Mispredict: 13.6257
Branch types
NOT_BRANCH: 20419575 81.6783%
BRANCH_DIRECT_JUMP: 126163 0.504652%
BRANCH_INDIRECT: 45810 0.18324%
BRANCH_CONDITIONAL: 3960982 15.8439%
BRANCH_DIRECT_CALL: 192147 0.768588%
BRANCH_INDIRECT_CALL: 31367 0.125468%
BRANCH_RETURN: 223607 0.894428%
BRANCH_OTHER: 7 2.8e-05%

DRAM PAGES: 1048576
Allocated PAGES: 45579
