
*** ChampSim Multicore Out-of-Order Simulator ***

Warmup Instructions: 25000000
Simulation Instructions: 25000000
Number of CPUs: 1
LLC sets: 2048
LLC ways: 16
Off-chip DRAM Size: 4096 MB Channels: 1 Width: 64-bit Data Rate: 6400 MT/s
CPU 0 runs ../traces/Trace2.gz
.gz
BTB has LRU replacement policy
ITLB has LRU replacement policy
DTLB has LRU replacement policy
STLB has LRU replacement policy
L1I has LRU replacement policy
------------------------------------------------
        Stride Pattern Prefetcher (SPP)         
------------------------------------------------
L1D has LRU replacement policy
Initialize IRRIP state for L2C
LLC has LRU replacement policy
Heartbeat CPU 0 instructions: 10000000 cycles: 2974803 heartbeat IPC: 3.36157 cumulative IPC: 3.36157 (Simulation time: 0 hr 0 min 16 sec) 
Heartbeat CPU 0 instructions: 20000001 cycles: 5829994 heartbeat IPC: 3.50239 cumulative IPC: 3.43054 (Simulation time: 0 hr 0 min 33 sec) 

Warmup complete CPU 0 instructions: 25000002 cycles: 7249055 (Simulation time: 0 hr 0 min 42 sec) 

Heartbeat CPU 0 instructions: 30000000 cycles: 25648554 heartbeat IPC: 0.504577 cumulative IPC: 0.271746 (Simulation time: 0 hr 0 min 54 sec) 
Heartbeat CPU 0 instructions: 40000002 cycles: 59587037 heartbeat IPC: 0.294651 cumulative IPC: 0.286599 (Simulation time: 0 hr 1 min 16 sec) 
Heartbeat CPU 0 instructions: 50000000 cycles: 104520988 heartbeat IPC: 0.222549 cumulative IPC: 0.257011 (Simulation time: 0 hr 1 min 41 sec) 
Finished CPU 0 instructions: 25000001 cycles: 97271934 cumulative IPC: 0.257011 (Simulation time: 0 hr 1 min 41 sec) 

ChampSim completed all CPUs

Region of Interest Statistics

CPU 0 cumulative IPC: 0.257011 instructions: 25000001 cycles: 97271934
ITLB TOTAL     ACCESS:    3950774  HIT:    3878751  MISS:      72023  HIT %:     98.177  MISS %:    1.82301   MPKI: 2.88092
ITLB LOAD TRANSLATION ACCESS:    3950774  HIT:    3878751  MISS:      72023  HIT %:     98.177  MISS %:    1.82301   MPKI: 2.88092
ITLB PREFETCH  REQUESTED:          0  ISSUED:          0  USEFUL:          0  USELESS:          0
ITLB USEFUL LOAD PREFETCHES:          0 PREFETCH ISSUED TO LOWER LEVEL:          0  ACCURACY: -nan
ITLB TIMELY PREFETCHES:          0 LATE PREFETCHES: 0 DROPPED PREFETCHES: 0
ITLB PREFETCHES SAME FILL-ORIGIN LEVEL: 0 DIFFERENT FILL-ORIGIN LEVEL: 0
ITLB AVERAGE MISS LATENCY: 24.1627 cycles
ITLB RQ	ACCESS:    4832269	FORWARD:          0	MERGED:     869035	TO_CACHE:    3963234

DTLB TOTAL     ACCESS:    6266111  HIT:    5944112  MISS:     321999  HIT %:    94.8613  MISS %:    5.13874   MPKI: 12.88
DTLB LOAD TRANSLATION ACCESS:    6266111  HIT:    5944112  MISS:     321999  HIT %:    94.8613  MISS %:    5.13874   MPKI: 12.88
DTLB PREFETCH  REQUESTED:          0  ISSUED:          0  USEFUL:          0  USELESS:          0
DTLB USEFUL LOAD PREFETCHES:          0 PREFETCH ISSUED TO LOWER LEVEL:          0  ACCURACY: -nan
DTLB TIMELY PREFETCHES:          0 LATE PREFETCHES: 0 DROPPED PREFETCHES: 0
DTLB PREFETCHES SAME FILL-ORIGIN LEVEL: 0 DIFFERENT FILL-ORIGIN LEVEL: 0
DTLB AVERAGE MISS LATENCY: 42.2224 cycles
DTLB RQ	ACCESS:    7719800	FORWARD:          0	MERGED:    1410971	TO_CACHE:    6308829

STLB TOTAL     ACCESS:     503927  HIT:     435772  MISS:      68155  HIT %:    86.4752  MISS %:    13.5248   MPKI: 2.7262
STLB LOAD TRANSLATION ACCESS:     394022  HIT:     325868  MISS:      68154  HIT %:     82.703  MISS %:     17.297   MPKI: 2.72616
STLB TRANSLATION FROM L1D PREFETCHER ACCESS:     109905  HIT:     109904  MISS:          1  HIT %:    99.9991  MISS %: 0.000909877   MPKI: 4e-05
STLB PREFETCH  REQUESTED:          0  ISSUED:          0  USEFUL:          1  USELESS:          0
STLB USEFUL LOAD PREFETCHES:          1 PREFETCH ISSUED TO LOWER LEVEL:          0  ACCURACY: inf
STLB TIMELY PREFETCHES:          1 LATE PREFETCHES: 0 DROPPED PREFETCHES: 0
STLB PREFETCHES SAME FILL-ORIGIN LEVEL: 0 DIFFERENT FILL-ORIGIN LEVEL: 0
STLB AVERAGE MISS LATENCY: 172.271 cycles
STLB RQ	ACCESS:     637499	FORWARD:          0	MERGED:     133572	TO_CACHE:     503927

STLB Hit, L1D data hit: 0
STLB Hit, L2C data hit: 0
STLB Hit, LLC data hit: 0
STLB Hit, LLC data miss: 0
STLB STLB hints to L2: 0
L1D TOTAL     ACCESS:    7633258  HIT:    7150994  MISS:     482264  HIT %:    93.6821  MISS %:    6.31793   MPKI: 19.2906
L1D LOAD      ACCESS:    4300638  HIT:    3973262  MISS:     327376  HIT %:    92.3877  MISS %:    7.61227   MPKI: 13.095
L1D RFO       ACCESS:    3100194  HIT:    2970982  MISS:     129212  HIT %:    95.8321  MISS %:    4.16787   MPKI: 5.16848
L1D PREFETCH  ACCESS:     232426  HIT:     206750  MISS:      25676  HIT %:     88.953  MISS %:     11.047   MPKI: 1.02704
AGUS PREFETCH L1 MISS: 0
L1D PREFETCH  REQUESTED:     542401  ISSUED:     542202  USEFUL:      13987  USELESS:      11675
L1D USEFUL LOAD PREFETCHES:      13987 PREFETCH ISSUED TO LOWER LEVEL:      26906  ACCURACY: 51.9847
L1D TIMELY PREFETCHES:      13987 LATE PREFETCHES: 1219 DROPPED PREFETCHES: 0
L1D PREFETCHES SAME FILL-ORIGIN LEVEL: 26906 DIFFERENT FILL-ORIGIN LEVEL: 0
L1D AVERAGE MISS LATENCY: 126487 cycles
L1D RQ	ACCESS:    5757634	FORWARD:          0	MERGED:    1311196	TO_CACHE:    4339082
L1D WQ	ACCESS:    3430198	FORWARD:     107376	MERGED:      49480	TO_CACHE:    3380718
L1D PQ	ACCESS:     298725	FORWARD:          0	MERGED:      55228	TO_CACHE:     243477

L1D UNIQUE REGIONS ACCESSED: 0
L1D REGIONS CONFLICTS: 0
L1D Cross Page Prefetch Requests: 0
L1D Same Page Prefetch Requests: 670252
L1D ROI Sum of L1D PQ occupancy: 3228516
L1D PREFETCHES PUSHED FROM L2C: 0
L1I TOTAL     ACCESS:    4379466  HIT:    3378880  MISS:    1000586  HIT %:    77.1528  MISS %:    22.8472   MPKI: 40.0234
L1I LOAD      ACCESS:    4379466  HIT:    3378880  MISS:    1000586  HIT %:    77.1528  MISS %:    22.8472   MPKI: 40.0234
L1I PREFETCH  REQUESTED:          0  ISSUED:          0  USEFUL:          0  USELESS:          0
L1I USEFUL LOAD PREFETCHES:          0 PREFETCH ISSUED TO LOWER LEVEL:          0  ACCURACY: -nan
L1I TIMELY PREFETCHES:          0 LATE PREFETCHES: 0 DROPPED PREFETCHES: 0
L1I PREFETCHES SAME FILL-ORIGIN LEVEL: 0 DIFFERENT FILL-ORIGIN LEVEL: 0
L1I AVERAGE MISS LATENCY: 38.2774 cycles
L1I RQ	ACCESS:    6615441	FORWARD:          0	MERGED:    1783172	TO_CACHE:    4832269

BTB TOTAL     ACCESS:    2374453  HIT:    1885269  MISS:     489184  HIT %:     79.398  MISS %:     20.602   MPKI: 19.5674
BTB BRANCH_DIRECT_JUMP	ACCESS:     382447  HIT:     266751  MISS:     115696
BTB BRANCH_INDIRECT	ACCESS:      26284  HIT:      15034  MISS:      11250
BTB BRANCH_CONDITIONAL	ACCESS:    1419497  HIT:    1339647  MISS:      79850
BTB BRANCH_DIRECT_CALL	ACCESS:     241009  HIT:     172489  MISS:      68520
BTB BRANCH_INDIRECT_CALL	ACCESS:      31642  HIT:      19335  MISS:      12307
BTB BRANCH_RETURN	ACCESS:     273154  HIT:      71753  MISS:     201401
BTB BRANCH_OTHER ACCESS:        420  HIT:        260  MISS:        160

L2C TOTAL     ACCESS:    1803403  HIT:    1009061  MISS:     794342  HIT %:    55.9532  MISS %:    44.0468   MPKI: 31.7737
L2C LOAD      ACCESS:    1326740  HIT:     730733  MISS:     596007  HIT %:    55.0773  MISS %:    44.9227   MPKI: 23.8403
L2C DATA LOAD MPKI: 8.50048
L2C INSTRUCTION LOAD MPKI: 15.3398
L2C RFO       ACCESS:     129201  HIT:      48804  MISS:      80397  HIT %:    37.7737  MISS %:    62.2263   MPKI: 3.21588
L2C PREFETCH  ACCESS:      26906  HIT:       6520  MISS:      20386  HIT %:    24.2325  MISS %:    75.7675   MPKI: 0.81544
AGUS PREFETCH L1 MISS: 0
L2C DATA PREFETCH MPKI: 0.81544
L2C INSTRUCTION PREFETCH MPKI: 0
L2C WRITEBACK ACCESS:     207048  HIT:     168785  MISS:      38263  HIT %:    81.5197  MISS %:    18.4803   MPKI: 1.53052
L2C LOAD TRANSLATION ACCESS:     113505  HIT:      54219  MISS:      59286  HIT %:    47.7679  MISS %:    52.2321   MPKI: 2.37144
L2C TRANSLATION FROM L1D PREFETCHER ACCESS:          3  HIT:          0  MISS:          3  HIT %:          0  MISS %:        100   MPKI: 0.00012
L2C PREFETCH  REQUESTED:          0  ISSUED:          0  USEFUL:        763  USELESS:      20702
L2C USEFUL LOAD PREFETCHES:        763 PREFETCH ISSUED TO LOWER LEVEL:      20386  ACCURACY: 3.74276
L2C TIMELY PREFETCHES:        763 LATE PREFETCHES: 0 DROPPED PREFETCHES: 0
L2C PREFETCHES SAME FILL-ORIGIN LEVEL: 0 DIFFERENT FILL-ORIGIN LEVEL: 0
L2C AVERAGE MISS LATENCY: 93.2849 cycles
L2C RQ	ACCESS:    1569452	FORWARD:          0	MERGED:          0	TO_CACHE:    1569449
L2C WQ	ACCESS:     207048	FORWARD:          3	MERGED:          0	TO_CACHE:     207048
L2C PQ	ACCESS:      26906	FORWARD:          0	MERGED:          0	TO_CACHE:      26906

L2C Instructions Evicting Data 141766
L2C Translations Evicting Data 28785
L2C Data Evicting Data 171367
L2C Instructions Evicting Instructions 215664
L2C Translations Evicting Instructions 25419
L2C Data Evicting Instructions 116878
L2C Instructions Evicting Translations 26065
L2C Translations Evicting Translations 5085
L2C Data Evicting Translations 25050
L2C Dense regions hint from L2: 0
PSCL5 TOTAL     ACCESS:      68155  HIT:      68155  MISS:          0  HIT %:        100  MISS %:          0   MPKI: 0
PSCL5 LOAD TRANSLATION ACCESS:      68154  HIT:      68154  MISS:          0  HIT %:        100  MISS %:          0   MPKI: 0
PSCL5 TRANSLATION FROM L1D PREFETCHER ACCESS:          1  HIT:          1  MISS:          0  HIT %:        100  MISS %:          0   MPKI: 0
PSCL5 PREFETCH  REQUESTED:          0  ISSUED:          0  USEFUL:          0  USELESS:          0
PSCL5 USEFUL LOAD PREFETCHES:          0 PREFETCH ISSUED TO LOWER LEVEL:          0  ACCURACY: -nan
PSCL5 TIMELY PREFETCHES:          0 LATE PREFETCHES: 0 DROPPED PREFETCHES: 0
PSCL5 PREFETCHES SAME FILL-ORIGIN LEVEL: 0 DIFFERENT FILL-ORIGIN LEVEL: 0

PSCL4 TOTAL     ACCESS:      54652  HIT:      54274  MISS:        378  HIT %:    99.3084  MISS %:   0.691649   MPKI: 0.01512
PSCL4 LOAD TRANSLATION ACCESS:      54651  HIT:      54273  MISS:        378  HIT %:    99.3083  MISS %:   0.691662   MPKI: 0.01512
PSCL4 TRANSLATION FROM L1D PREFETCHER ACCESS:          1  HIT:          1  MISS:          0  HIT %:        100  MISS %:          0   MPKI: 0
PSCL4 PREFETCH  REQUESTED:          0  ISSUED:          0  USEFUL:          0  USELESS:          0
PSCL4 USEFUL LOAD PREFETCHES:          0 PREFETCH ISSUED TO LOWER LEVEL:          0  ACCURACY: -nan
PSCL4 TIMELY PREFETCHES:          0 LATE PREFETCHES: 0 DROPPED PREFETCHES: 0
PSCL4 PREFETCHES SAME FILL-ORIGIN LEVEL: 0 DIFFERENT FILL-ORIGIN LEVEL: 0

PSCL3 TOTAL     ACCESS:      67925  HIT:      66547  MISS:       1378  HIT %:    97.9713  MISS %:    2.02871   MPKI: 0.05512
PSCL3 LOAD TRANSLATION ACCESS:      67925  HIT:      66547  MISS:       1378  HIT %:    97.9713  MISS %:    2.02871   MPKI: 0.05512
PSCL3 PREFETCH  REQUESTED:          0  ISSUED:          0  USEFUL:          0  USELESS:          0
PSCL3 USEFUL LOAD PREFETCHES:          0 PREFETCH ISSUED TO LOWER LEVEL:          0  ACCURACY: -nan
PSCL3 TIMELY PREFETCHES:          0 LATE PREFETCHES: 0 DROPPED PREFETCHES: 0
PSCL3 PREFETCHES SAME FILL-ORIGIN LEVEL: 0 DIFFERENT FILL-ORIGIN LEVEL: 0

PSCL2 TOTAL     ACCESS:      68155  HIT:      24209  MISS:      43946  HIT %:    35.5205  MISS %:    64.4795   MPKI: 1.75784
PSCL2 LOAD TRANSLATION ACCESS:      68155  HIT:      24209  MISS:      43946  HIT %:    35.5205  MISS %:    64.4795   MPKI: 1.75784
PSCL2 PREFETCH  REQUESTED:          0  ISSUED:          0  USEFUL:          0  USELESS:          0
PSCL2 USEFUL LOAD PREFETCHES:          0 PREFETCH ISSUED TO LOWER LEVEL:          0  ACCURACY: -nan
PSCL2 TIMELY PREFETCHES:          0 LATE PREFETCHES: 0 DROPPED PREFETCHES: 0
PSCL2 PREFETCHES SAME FILL-ORIGIN LEVEL: 0 DIFFERENT FILL-ORIGIN LEVEL: 0

LLC TOTAL     ACCESS:     885455  HIT:     569573  MISS:     315882  HIT %:    64.3255  MISS %:    35.6745   MPKI: 12.6353
LLC LOAD      ACCESS:     596007  HIT:     397799  MISS:     198208  HIT %:     66.744  MISS %:     33.256   MPKI: 7.92832
LLC RFO       ACCESS:      80397  HIT:      10547  MISS:      69850  HIT %:    13.1186  MISS %:    86.8814   MPKI: 2.794
LLC PREFETCH  ACCESS:      20386  HIT:       3231  MISS:      17155  HIT %:    15.8491  MISS %:    84.1509   MPKI: 0.6862
AGUS PREFETCH L1 MISS: 0
LLC WRITEBACK ACCESS:     129376  HIT:     128528  MISS:        848  HIT %:    99.3445  MISS %:   0.655454   MPKI: 0.03392
LLC LOAD TRANSLATION ACCESS:      59286  HIT:      29465  MISS:      29821  HIT %:    49.6998  MISS %:    50.3002   MPKI: 1.19284
LLC TRANSLATION FROM L1D PREFETCHER ACCESS:          3  HIT:          3  MISS:          0  HIT %:        100  MISS %:          0   MPKI: 0
LLC PREFETCH  REQUESTED:          0  ISSUED:          0  USEFUL:        527  USELESS:      21787
LLC USEFUL LOAD PREFETCHES:        527 PREFETCH ISSUED TO LOWER LEVEL:      17155  ACCURACY: 3.07199
LLC TIMELY PREFETCHES:        527 LATE PREFETCHES: 0 DROPPED PREFETCHES: 0
LLC PREFETCHES SAME FILL-ORIGIN LEVEL: 0 DIFFERENT FILL-ORIGIN LEVEL: 0
LLC AVERAGE MISS LATENCY: 161.929 cycles
LLC RQ	ACCESS:     735693	FORWARD:          0	MERGED:          0	TO_CACHE:     735693
LLC WQ	ACCESS:     129376	FORWARD:          0	MERGED:          0	TO_CACHE:     129376
LLC PQ	ACCESS:      20386	FORWARD:          0	MERGED:          0	TO_CACHE:      20386

LLC Dense regions hint to LLC: 0

RAW hits: 200439
Loads Generated: 5958075
Loads sent to L1D: 5757634
Stores Generated: 3430196
Stores sent to L1D: 3430198
Major fault: 0 Minor fault: 45010
Allocated PAGES: 45010
Degree: 2

DRAM Statistics
 CHANNEL 0
 RQ ROW_BUFFER_HIT:      43014  ROW_BUFFER_MISS:     272020
 DBUS_CONGESTED:        126
 WQ ROW_BUFFER_HIT:      33914  ROW_BUFFER_MISS:      75045  FULL:          0

 AVG_CONGESTED_CYCLE: 4
 All warmup complete: 2
Channel 0 Bank busy for read cycles: 0
Channel 0 Bank busy for write cycles: 0
Channel 0
Rank 0
0banks busy for read cycles: 51922833
0banks busy for write cycles: 46059
1banks busy for read cycles: 23582997
1banks busy for write cycles: 7917370
2banks busy for read cycles: 5578329
2banks busy for write cycles: 3087714
3banks busy for read cycles: 1396723
3banks busy for write cycles: 1359804
4banks busy for read cycles: 471423
4banks busy for write cycles: 677698
5banks busy for read cycles: 183186
5banks busy for write cycles: 384658
6banks busy for read cycles: 84995
6banks busy for write cycles: 220805
7banks busy for read cycles: 33772
7banks busy for write cycles: 137359
8banks busy for read cycles: 60264
8banks busy for write cycles: 125946

CPU 0 Branch Prediction Accuracy: 96.8224% MPKI: 6.31212 Average ROB Occupancy at Mispredict: 12.5738
Branch types
NOT_BRANCH: 20033560 80.1342%
BRANCH_DIRECT_JUMP: 382447 1.52979%
BRANCH_INDIRECT: 26284 0.105136%
BRANCH_CONDITIONAL: 4011162 16.0446%
BRANCH_DIRECT_CALL: 241009 0.964036%
BRANCH_INDIRECT_CALL: 31642 0.126568%
BRANCH_RETURN: 273154 1.09262%
BRANCH_OTHER: 420 0.00168%

DRAM PAGES: 1048576
Allocated PAGES: 45010
