
*** ChampSim Multicore Out-of-Order Simulator ***

Warmup Instructions: 25000000
Simulation Instructions: 25000000
Number of CPUs: 1
LLC sets: 2048
LLC ways: 16
Off-chip DRAM Size: 4096 MB Channels: 1 Width: 64-bit Data Rate: 6400 MT/s
CPU 0 runs ../traces/Trace2.gz
.gz
BTB has LRU replacement policy
ITLB has LRU replacement policy
DTLB has LRU replacement policy
STLB has LRU replacement policy
L1I has LRU replacement policy
------------------------------------------------
        Stride Pattern Prefetcher (SPP)         
------------------------------------------------
L1D has LRU replacement policy
L2C has LRU replacement policy
LLC has LRU replacement policy
Heartbeat CPU 0 instructions: 10000000 cycles: 2974554 heartbeat IPC: 3.36185 cumulative IPC: 3.36185 (Simulation time: 0 hr 0 min 16 sec) 
Heartbeat CPU 0 instructions: 20000001 cycles: 5829681 heartbeat IPC: 3.50247 cumulative IPC: 3.43072 (Simulation time: 0 hr 0 min 32 sec) 

Warmup complete CPU 0 instructions: 25000002 cycles: 7248903 (Simulation time: 0 hr 0 min 39 sec) 

Heartbeat CPU 0 instructions: 30000000 cycles: 25745217 heartbeat IPC: 0.50212 cumulative IPC: 0.270324 (Simulation time: 0 hr 0 min 51 sec) 
Heartbeat CPU 0 instructions: 40000002 cycles: 60790555 heartbeat IPC: 0.285345 cumulative IPC: 0.280156 (Simulation time: 0 hr 1 min 13 sec) 
Heartbeat CPU 0 instructions: 50000000 cycles: 106289918 heartbeat IPC: 0.219783 cumulative IPC: 0.252421 (Simulation time: 0 hr 1 min 38 sec) 
Finished CPU 0 instructions: 25000001 cycles: 99041016 cumulative IPC: 0.252421 (Simulation time: 0 hr 1 min 38 sec) 

ChampSim completed all CPUs

Region of Interest Statistics

CPU 0 cumulative IPC: 0.252421 instructions: 25000001 cycles: 99041016
ITLB TOTAL     ACCESS:    3952442  HIT:    3880419  MISS:      72023  HIT %:    98.1778  MISS %:    1.82224   MPKI: 2.88092
ITLB LOAD TRANSLATION ACCESS:    3952442  HIT:    3880419  MISS:      72023  HIT %:    98.1778  MISS %:    1.82224   MPKI: 2.88092
ITLB PREFETCH  REQUESTED:          0  ISSUED:          0  USEFUL:          0  USELESS:          0
ITLB USEFUL LOAD PREFETCHES:          0 PREFETCH ISSUED TO LOWER LEVEL:          0  ACCURACY: -nan
ITLB TIMELY PREFETCHES:          0 LATE PREFETCHES: 0 DROPPED PREFETCHES: 0
ITLB PREFETCHES SAME FILL-ORIGIN LEVEL: 0 DIFFERENT FILL-ORIGIN LEVEL: 0
ITLB AVERAGE MISS LATENCY: 24.1118 cycles
ITLB RQ	ACCESS:    4834682	FORWARD:          0	MERGED:     869804	TO_CACHE:    3964878

DTLB TOTAL     ACCESS:    6299958  HIT:    5977917  MISS:     322041  HIT %:    94.8882  MISS %:     5.1118   MPKI: 12.8816
DTLB LOAD TRANSLATION ACCESS:    6299958  HIT:    5977917  MISS:     322041  HIT %:    94.8882  MISS %:     5.1118   MPKI: 12.8816
DTLB PREFETCH  REQUESTED:          0  ISSUED:          0  USEFUL:          0  USELESS:          0
DTLB USEFUL LOAD PREFETCHES:          0 PREFETCH ISSUED TO LOWER LEVEL:          0  ACCURACY: -nan
DTLB TIMELY PREFETCHES:          0 LATE PREFETCHES: 0 DROPPED PREFETCHES: 0
DTLB PREFETCHES SAME FILL-ORIGIN LEVEL: 0 DIFFERENT FILL-ORIGIN LEVEL: 0
DTLB AVERAGE MISS LATENCY: 41.9891 cycles
DTLB RQ	ACCESS:    7742617	FORWARD:          0	MERGED:    1400726	TO_CACHE:    6341891

STLB TOTAL     ACCESS:     504321  HIT:     436165  MISS:      68156  HIT %:    86.4856  MISS %:    13.5144   MPKI: 2.72624
STLB LOAD TRANSLATION ACCESS:     394064  HIT:     325909  MISS:      68155  HIT %:    82.7046  MISS %:    17.2954   MPKI: 2.7262
STLB TRANSLATION FROM L1D PREFETCHER ACCESS:     110257  HIT:     110256  MISS:          1  HIT %:    99.9991  MISS %: 0.000906972   MPKI: 4e-05
STLB PREFETCH  REQUESTED:          0  ISSUED:          0  USEFUL:          1  USELESS:          0
STLB USEFUL LOAD PREFETCHES:          1 PREFETCH ISSUED TO LOWER LEVEL:          0  ACCURACY: inf
STLB TIMELY PREFETCHES:          1 LATE PREFETCHES: 0 DROPPED PREFETCHES: 0
STLB PREFETCHES SAME FILL-ORIGIN LEVEL: 0 DIFFERENT FILL-ORIGIN LEVEL: 0
STLB AVERAGE MISS LATENCY: 171.17 cycles
STLB RQ	ACCESS:     643799	FORWARD:          0	MERGED:     139478	TO_CACHE:     504321

STLB Hit, L1D data hit: 0
STLB Hit, L2C data hit: 0
STLB Hit, LLC data hit: 0
STLB Hit, LLC data miss: 0
STLB STLB hints to L2: 0
L1D TOTAL     ACCESS:    7662814  HIT:    7180318  MISS:     482496  HIT %:    93.7034  MISS %:    6.29659   MPKI: 19.2998
L1D LOAD      ACCESS:    4321682  HIT:    3994334  MISS:     327348  HIT %:    92.4254  MISS %:    7.57455   MPKI: 13.0939
L1D RFO       ACCESS:    3102604  HIT:    2973382  MISS:     129222  HIT %:     95.835  MISS %:    4.16495   MPKI: 5.16888
L1D PREFETCH  ACCESS:     238528  HIT:     212602  MISS:      25926  HIT %:    89.1308  MISS %:    10.8692   MPKI: 1.03704
AGUS PREFETCH L1 MISS: 0
L1D PREFETCH  REQUESTED:     553974  ISSUED:     553715  USEFUL:      14096  USELESS:      11818
L1D USEFUL LOAD PREFETCHES:      14096 PREFETCH ISSUED TO LOWER LEVEL:      27116  ACCURACY: 51.9841
L1D TIMELY PREFETCHES:      14096 LATE PREFETCHES: 1179 DROPPED PREFETCHES: 0
L1D PREFETCHES SAME FILL-ORIGIN LEVEL: 27116 DIFFERENT FILL-ORIGIN LEVEL: 0
L1D AVERAGE MISS LATENCY: 121099 cycles
L1D RQ	ACCESS:    5765651	FORWARD:          0	MERGED:    1301303	TO_CACHE:    4359721
L1D WQ	ACCESS:    3430198	FORWARD:     104648	MERGED:      47302	TO_CACHE:    3382896
L1D PQ	ACCESS:     303980	FORWARD:          0	MERGED:      54224	TO_CACHE:     249735

L1D UNIQUE REGIONS ACCESSED: 0
L1D REGIONS CONFLICTS: 0
L1D Cross Page Prefetch Requests: 0
L1D Same Page Prefetch Requests: 663972
L1D ROI Sum of L1D PQ occupancy: 3309102
L1D PREFETCHES PUSHED FROM L2C: 0
L1I TOTAL     ACCESS:    4380522  HIT:    3379936  MISS:    1000586  HIT %:    77.1583  MISS %:    22.8417   MPKI: 40.0234
L1I LOAD      ACCESS:    4380522  HIT:    3379936  MISS:    1000586  HIT %:    77.1583  MISS %:    22.8417   MPKI: 40.0234
L1I PREFETCH  REQUESTED:          0  ISSUED:          0  USEFUL:          0  USELESS:          0
L1I USEFUL LOAD PREFETCHES:          0 PREFETCH ISSUED TO LOWER LEVEL:          0  ACCURACY: -nan
L1I TIMELY PREFETCHES:          0 LATE PREFETCHES: 0 DROPPED PREFETCHES: 0
L1I PREFETCHES SAME FILL-ORIGIN LEVEL: 0 DIFFERENT FILL-ORIGIN LEVEL: 0
L1I AVERAGE MISS LATENCY: 41.2078 cycles
L1I RQ	ACCESS:    6616648	FORWARD:          0	MERGED:    1781966	TO_CACHE:    4834682

BTB TOTAL     ACCESS:    2374453  HIT:    1885269  MISS:     489184  HIT %:     79.398  MISS %:     20.602   MPKI: 19.5674
BTB BRANCH_DIRECT_JUMP	ACCESS:     382447  HIT:     266751  MISS:     115696
BTB BRANCH_INDIRECT	ACCESS:      26284  HIT:      15034  MISS:      11250
BTB BRANCH_CONDITIONAL	ACCESS:    1419497  HIT:    1339647  MISS:      79850
BTB BRANCH_DIRECT_CALL	ACCESS:     241009  HIT:     172489  MISS:      68520
BTB BRANCH_INDIRECT_CALL	ACCESS:      31642  HIT:      19335  MISS:      12307
BTB BRANCH_RETURN	ACCESS:     273154  HIT:      71753  MISS:     201401
BTB BRANCH_OTHER ACCESS:        420  HIT:        260  MISS:        160

L2C TOTAL     ACCESS:    1803650  HIT:     929723  MISS:     873927  HIT %:    51.5468  MISS %:    48.4532   MPKI: 34.9571
L2C LOAD      ACCESS:    1326752  HIT:     623102  MISS:     703650  HIT %:    46.9645  MISS %:    53.0355   MPKI: 28.146
L2C DATA LOAD MPKI: 8.257
L2C INSTRUCTION LOAD MPKI: 19.889
L2C RFO       ACCESS:     129211  HIT:      42615  MISS:      86596  HIT %:    32.9809  MISS %:    67.0191   MPKI: 3.46384
L2C PREFETCH  ACCESS:      27116  HIT:       6938  MISS:      20178  HIT %:    25.5864  MISS %:    74.4136   MPKI: 0.80712
AGUS PREFETCH L1 MISS: 0
L2C DATA PREFETCH MPKI: 0.80712
L2C INSTRUCTION PREFETCH MPKI: 0
L2C WRITEBACK ACCESS:     207077  HIT:     201099  MISS:       5978  HIT %:    97.1132  MISS %:    2.88685   MPKI: 0.23912
L2C LOAD TRANSLATION ACCESS:     113491  HIT:      55969  MISS:      57522  HIT %:    49.3158  MISS %:    50.6842   MPKI: 2.30088
L2C TRANSLATION FROM L1D PREFETCHER ACCESS:          3  HIT:          0  MISS:          3  HIT %:          0  MISS %:        100   MPKI: 0.00012
L2C PREFETCH  REQUESTED:          0  ISSUED:          0  USEFUL:       1118  USELESS:      20742
L2C USEFUL LOAD PREFETCHES:       1118 PREFETCH ISSUED TO LOWER LEVEL:      20178  ACCURACY: 5.54069
L2C TIMELY PREFETCHES:       1118 LATE PREFETCHES: 0 DROPPED PREFETCHES: 0
L2C PREFETCHES SAME FILL-ORIGIN LEVEL: 0 DIFFERENT FILL-ORIGIN LEVEL: 0
L2C AVERAGE MISS LATENCY: 88.0917 cycles
L2C RQ	ACCESS:    1569460	FORWARD:          0	MERGED:          0	TO_CACHE:    1569457
L2C WQ	ACCESS:     207077	FORWARD:          3	MERGED:          0	TO_CACHE:     207077
L2C PQ	ACCESS:      27116	FORWARD:          0	MERGED:          0	TO_CACHE:      27116

L2C Instructions Evicting Data 151911
L2C Translations Evicting Data 24199
L2C Data Evicting Data 146852
L2C Instructions Evicting Instructions 316316
L2C Translations Evicting Instructions 28799
L2C Data Evicting Instructions 143499
L2C Instructions Evicting Translations 28998
L2C Translations Evicting Translations 4527
L2C Data Evicting Translations 22848
L2C Dense regions hint from L2: 0
PSCL5 TOTAL     ACCESS:      68156  HIT:      68156  MISS:          0  HIT %:        100  MISS %:          0   MPKI: 0
PSCL5 LOAD TRANSLATION ACCESS:      68155  HIT:      68155  MISS:          0  HIT %:        100  MISS %:          0   MPKI: 0
PSCL5 TRANSLATION FROM L1D PREFETCHER ACCESS:          1  HIT:          1  MISS:          0  HIT %:        100  MISS %:          0   MPKI: 0
PSCL5 PREFETCH  REQUESTED:          0  ISSUED:          0  USEFUL:          0  USELESS:          0
PSCL5 USEFUL LOAD PREFETCHES:          0 PREFETCH ISSUED TO LOWER LEVEL:          0  ACCURACY: -nan
PSCL5 TIMELY PREFETCHES:          0 LATE PREFETCHES: 0 DROPPED PREFETCHES: 0
PSCL5 PREFETCHES SAME FILL-ORIGIN LEVEL: 0 DIFFERENT FILL-ORIGIN LEVEL: 0

PSCL4 TOTAL     ACCESS:      51187  HIT:      50816  MISS:        371  HIT %:    99.2752  MISS %:   0.724793   MPKI: 0.01484
PSCL4 LOAD TRANSLATION ACCESS:      51186  HIT:      50815  MISS:        371  HIT %:    99.2752  MISS %:   0.724808   MPKI: 0.01484
PSCL4 TRANSLATION FROM L1D PREFETCHER ACCESS:          1  HIT:          1  MISS:          0  HIT %:        100  MISS %:          0   MPKI: 0
PSCL4 PREFETCH  REQUESTED:          0  ISSUED:          0  USEFUL:          0  USELESS:          0
PSCL4 USEFUL LOAD PREFETCHES:          0 PREFETCH ISSUED TO LOWER LEVEL:          0  ACCURACY: -nan
PSCL4 TIMELY PREFETCHES:          0 LATE PREFETCHES: 0 DROPPED PREFETCHES: 0
PSCL4 PREFETCHES SAME FILL-ORIGIN LEVEL: 0 DIFFERENT FILL-ORIGIN LEVEL: 0

PSCL3 TOTAL     ACCESS:      67905  HIT:      66535  MISS:       1370  HIT %:    97.9825  MISS %:    2.01752   MPKI: 0.0548
PSCL3 LOAD TRANSLATION ACCESS:      67905  HIT:      66535  MISS:       1370  HIT %:    97.9825  MISS %:    2.01752   MPKI: 0.0548
PSCL3 PREFETCH  REQUESTED:          0  ISSUED:          0  USEFUL:          0  USELESS:          0
PSCL3 USEFUL LOAD PREFETCHES:          0 PREFETCH ISSUED TO LOWER LEVEL:          0  ACCURACY: -nan
PSCL3 TIMELY PREFETCHES:          0 LATE PREFETCHES: 0 DROPPED PREFETCHES: 0
PSCL3 PREFETCHES SAME FILL-ORIGIN LEVEL: 0 DIFFERENT FILL-ORIGIN LEVEL: 0

PSCL2 TOTAL     ACCESS:      68156  HIT:      24210  MISS:      43946  HIT %:    35.5215  MISS %:    64.4785   MPKI: 1.75784
PSCL2 LOAD TRANSLATION ACCESS:      68156  HIT:      24210  MISS:      43946  HIT %:    35.5215  MISS %:    64.4785   MPKI: 1.75784
PSCL2 PREFETCH  REQUESTED:          0  ISSUED:          0  USEFUL:          0  USELESS:          0
PSCL2 USEFUL LOAD PREFETCHES:          0 PREFETCH ISSUED TO LOWER LEVEL:          0  ACCURACY: -nan
PSCL2 TIMELY PREFETCHES:          0 LATE PREFETCHES: 0 DROPPED PREFETCHES: 0
PSCL2 PREFETCHES SAME FILL-ORIGIN LEVEL: 0 DIFFERENT FILL-ORIGIN LEVEL: 0

LLC TOTAL     ACCESS:    1008877  HIT:     696520  MISS:     312357  HIT %:    69.0391  MISS %:    30.9609   MPKI: 12.4943
LLC LOAD      ACCESS:     703649  HIT:     508433  MISS:     195216  HIT %:    72.2566  MISS %:    27.7434   MPKI: 7.80864
LLC RFO       ACCESS:      86583  HIT:      16678  MISS:      69905  HIT %:    19.2624  MISS %:    80.7376   MPKI: 2.7962
LLC PREFETCH  ACCESS:      20178  HIT:       3113  MISS:      17065  HIT %:    15.4277  MISS %:    84.5723   MPKI: 0.6826
AGUS PREFETCH L1 MISS: 0
LLC WRITEBACK ACCESS:     140942  HIT:     140621  MISS:        321  HIT %:    99.7722  MISS %:   0.227753   MPKI: 0.01284
LLC LOAD TRANSLATION ACCESS:      57522  HIT:      27672  MISS:      29850  HIT %:    48.1068  MISS %:    51.8932   MPKI: 1.194
LLC TRANSLATION FROM L1D PREFETCHER ACCESS:          3  HIT:          3  MISS:          0  HIT %:        100  MISS %:          0   MPKI: 0
LLC PREFETCH  REQUESTED:          0  ISSUED:          0  USEFUL:        349  USELESS:      21937
LLC USEFUL LOAD PREFETCHES:        349 PREFETCH ISSUED TO LOWER LEVEL:      17065  ACCURACY: 2.04512
LLC TIMELY PREFETCHES:        349 LATE PREFETCHES: 0 DROPPED PREFETCHES: 0
LLC PREFETCHES SAME FILL-ORIGIN LEVEL: 0 DIFFERENT FILL-ORIGIN LEVEL: 0
LLC AVERAGE MISS LATENCY: 162.168 cycles
LLC RQ	ACCESS:     847771	FORWARD:          0	MERGED:          0	TO_CACHE:     847757
LLC WQ	ACCESS:     140942	FORWARD:         14	MERGED:          0	TO_CACHE:     140942
LLC PQ	ACCESS:      20178	FORWARD:          0	MERGED:          0	TO_CACHE:      20178

LLC Dense regions hint to LLC: 0

RAW hits: 192422
Loads Generated: 5958075
Loads sent to L1D: 5765651
Stores Generated: 3430196
Stores sent to L1D: 3430198
Major fault: 0 Minor fault: 45010
Allocated PAGES: 45010
Degree: 2

DRAM Statistics
 CHANNEL 0
 RQ ROW_BUFFER_HIT:      42797  ROW_BUFFER_MISS:     269239
 DBUS_CONGESTED:        111
 WQ ROW_BUFFER_HIT:      33460  ROW_BUFFER_MISS:      75080  FULL:          0

 AVG_CONGESTED_CYCLE: 4
 All warmup complete: 2
Channel 0 Bank busy for read cycles: 0
Channel 0 Bank busy for write cycles: 0
Channel 0
Rank 0
0banks busy for read cycles: 54064240
0banks busy for write cycles: 45526
1banks busy for read cycles: 23348259
1banks busy for write cycles: 7832848
2banks busy for read cycles: 5555148
2banks busy for write cycles: 3070399
3banks busy for read cycles: 1387575
3banks busy for write cycles: 1381189
4banks busy for read cycles: 461511
4banks busy for write cycles: 691288
5banks busy for read cycles: 175315
5banks busy for write cycles: 379765
6banks busy for read cycles: 82735
6banks busy for write cycles: 224689
7banks busy for read cycles: 30276
7banks busy for write cycles: 133519
8banks busy for read cycles: 59732
8banks busy for write cycles: 117003

CPU 0 Branch Prediction Accuracy: 96.8224% MPKI: 6.31212 Average ROB Occupancy at Mispredict: 12.4129
Branch types
NOT_BRANCH: 20033560 80.1342%
BRANCH_DIRECT_JUMP: 382447 1.52979%
BRANCH_INDIRECT: 26284 0.105136%
BRANCH_CONDITIONAL: 4011162 16.0446%
BRANCH_DIRECT_CALL: 241009 0.964036%
BRANCH_INDIRECT_CALL: 31642 0.126568%
BRANCH_RETURN: 273154 1.09262%
BRANCH_OTHER: 420 0.00168%

DRAM PAGES: 1048576
Allocated PAGES: 45010
