
*** ChampSim Multicore Out-of-Order Simulator ***

Warmup Instructions: 25000000
Simulation Instructions: 25000000
Number of CPUs: 1
LLC sets: 2048
LLC ways: 16
Off-chip DRAM Size: 4096 MB Channels: 1 Width: 64-bit Data Rate: 6400 MT/s
CPU 0 runs ../traces/Trace3.gz
.gz
BTB has LRU replacement policy
ITLB has LRU replacement policy
DTLB has LRU replacement policy
STLB has LRU replacement policy
L1I has LRU replacement policy
------------------------------------------------
        Stride Pattern Prefetcher (SPP)         
------------------------------------------------
L1D has LRU replacement policy
Initialize IRRIP state for L2C
LLC has LRU replacement policy
Heartbeat CPU 0 instructions: 10000000 cycles: 3015775 heartbeat IPC: 3.3159 cumulative IPC: 3.3159 (Simulation time: 0 hr 0 min 16 sec) 
Heartbeat CPU 0 instructions: 20000000 cycles: 6013109 heartbeat IPC: 3.3363 cumulative IPC: 3.32607 (Simulation time: 0 hr 0 min 33 sec) 

Warmup complete CPU 0 instructions: 25000002 cycles: 7507783 (Simulation time: 0 hr 0 min 42 sec) 

Heartbeat CPU 0 instructions: 30000000 cycles: 22005442 heartbeat IPC: 0.6253 cumulative IPC: 0.344883 (Simulation time: 0 hr 0 min 53 sec) 
Heartbeat CPU 0 instructions: 40000003 cycles: 47244010 heartbeat IPC: 0.396219 cumulative IPC: 0.377489 (Simulation time: 0 hr 1 min 15 sec) 
Heartbeat CPU 0 instructions: 50000000 cycles: 71651530 heartbeat IPC: 0.40971 cumulative IPC: 0.38975 (Simulation time: 0 hr 1 min 36 sec) 
Finished CPU 0 instructions: 25000001 cycles: 64143748 cumulative IPC: 0.38975 (Simulation time: 0 hr 1 min 36 sec) 

ChampSim completed all CPUs

Region of Interest Statistics

CPU 0 cumulative IPC: 0.38975 instructions: 25000001 cycles: 64143748
ITLB TOTAL     ACCESS:    3878653  HIT:    3874615  MISS:       4038  HIT %:    99.8959  MISS %:   0.104108   MPKI: 0.16152
ITLB LOAD TRANSLATION ACCESS:    3878653  HIT:    3874615  MISS:       4038  HIT %:    99.8959  MISS %:   0.104108   MPKI: 0.16152
ITLB PREFETCH  REQUESTED:          0  ISSUED:          0  USEFUL:          0  USELESS:          0
ITLB USEFUL LOAD PREFETCHES:          0 PREFETCH ISSUED TO LOWER LEVEL:          0  ACCURACY: -nan
ITLB TIMELY PREFETCHES:          0 LATE PREFETCHES: 0 DROPPED PREFETCHES: 0
ITLB PREFETCHES SAME FILL-ORIGIN LEVEL: 0 DIFFERENT FILL-ORIGIN LEVEL: 0
ITLB AVERAGE MISS LATENCY: 56.3512 cycles
ITLB RQ	ACCESS:    4679411	FORWARD:          0	MERGED:     800109	TO_CACHE:    3879302

DTLB TOTAL     ACCESS:    6761529  HIT:    6679399  MISS:      82130  HIT %:    98.7853  MISS %:    1.21467   MPKI: 3.2852
DTLB LOAD TRANSLATION ACCESS:    6761529  HIT:    6679399  MISS:      82130  HIT %:    98.7853  MISS %:    1.21467   MPKI: 3.2852
DTLB PREFETCH  REQUESTED:          0  ISSUED:          0  USEFUL:          0  USELESS:          0
DTLB USEFUL LOAD PREFETCHES:          0 PREFETCH ISSUED TO LOWER LEVEL:          0  ACCURACY: -nan
DTLB TIMELY PREFETCHES:          0 LATE PREFETCHES: 0 DROPPED PREFETCHES: 0
DTLB PREFETCHES SAME FILL-ORIGIN LEVEL: 0 DIFFERENT FILL-ORIGIN LEVEL: 0
DTLB AVERAGE MISS LATENCY: 61.4615 cycles
DTLB RQ	ACCESS:    8239064	FORWARD:          0	MERGED:    1446798	TO_CACHE:    6792266

STLB TOTAL     ACCESS:     269820  HIT:     246473  MISS:      23347  HIT %:    91.3472  MISS %:    8.65281   MPKI: 0.93388
STLB LOAD TRANSLATION ACCESS:      86168  HIT:      62821  MISS:      23347  HIT %:    72.9053  MISS %:    27.0947   MPKI: 0.93388
STLB TRANSLATION FROM L1D PREFETCHER ACCESS:     183652  HIT:     183652  MISS:          0  HIT %:        100  MISS %:          0   MPKI: 0
STLB PREFETCH  REQUESTED:          0  ISSUED:          0  USEFUL:          0  USELESS:          0
STLB USEFUL LOAD PREFETCHES:          0 PREFETCH ISSUED TO LOWER LEVEL:          0  ACCURACY: -nan
STLB TIMELY PREFETCHES:          0 LATE PREFETCHES: 0 DROPPED PREFETCHES: 0
STLB PREFETCHES SAME FILL-ORIGIN LEVEL: 0 DIFFERENT FILL-ORIGIN LEVEL: 0
STLB AVERAGE MISS LATENCY: 192.17 cycles
STLB RQ	ACCESS:     658059	FORWARD:          0	MERGED:     388239	TO_CACHE:     269820

STLB Hit, L1D data hit: 0
STLB Hit, L2C data hit: 0
STLB Hit, LLC data hit: 0
STLB Hit, LLC data miss: 0
STLB STLB hints to L2: 0
L1D TOTAL     ACCESS:    8669584  HIT:    8531629  MISS:     137955  HIT %:    98.4087  MISS %:    1.59125   MPKI: 5.5182
L1D LOAD      ACCESS:    5099196  HIT:    5028599  MISS:      70597  HIT %:    98.6155  MISS %:    1.38447   MPKI: 2.82388
L1D RFO       ACCESS:    3017755  HIT:    2976833  MISS:      40922  HIT %:     98.644  MISS %:    1.35604   MPKI: 1.63688
L1D PREFETCH  ACCESS:     552633  HIT:     526197  MISS:      26436  HIT %:    95.2164  MISS %:    4.78364   MPKI: 1.05744
AGUS PREFETCH L1 MISS: 0
L1D PREFETCH  REQUESTED:    1171788  ISSUED:    1171703  USEFUL:      15449  USELESS:      10943
L1D USEFUL LOAD PREFETCHES:      15449 PREFETCH ISSUED TO LOWER LEVEL:      30855  ACCURACY: 50.0697
L1D TIMELY PREFETCHES:      15449 LATE PREFETCHES: 4414 DROPPED PREFETCHES: 0
L1D PREFETCHES SAME FILL-ORIGIN LEVEL: 30855 DIFFERENT FILL-ORIGIN LEVEL: 0
L1D AVERAGE MISS LATENCY: 831805 cycles
L1D RQ	ACCESS:    7162197	FORWARD:          0	MERGED:    1921732	TO_CACHE:    5110225
L1D WQ	ACCESS:    3226976	FORWARD:     130307	MERGED:      98137	TO_CACHE:    3128839
L1D PQ	ACCESS:     599812	FORWARD:          0	MERGED:      27854	TO_CACHE:     571891

L1D UNIQUE REGIONS ACCESSED: 0
L1D REGIONS CONFLICTS: 0
L1D Cross Page Prefetch Requests: 0
L1D Same Page Prefetch Requests: 1200373
L1D ROI Sum of L1D PQ occupancy: 7857041
L1D PREFETCHES PUSHED FROM L2C: 0
L1I TOTAL     ACCESS:    4657768  HIT:    4604638  MISS:      53130  HIT %:    98.8593  MISS %:    1.14068   MPKI: 2.1252
L1I LOAD      ACCESS:    4657768  HIT:    4604638  MISS:      53130  HIT %:    98.8593  MISS %:    1.14068   MPKI: 2.1252
L1I PREFETCH  REQUESTED:          0  ISSUED:          0  USEFUL:          0  USELESS:          0
L1I USEFUL LOAD PREFETCHES:          0 PREFETCH ISSUED TO LOWER LEVEL:          0  ACCURACY: -nan
L1I TIMELY PREFETCHES:          0 LATE PREFETCHES: 0 DROPPED PREFETCHES: 0
L1I PREFETCHES SAME FILL-ORIGIN LEVEL: 0 DIFFERENT FILL-ORIGIN LEVEL: 0
L1I AVERAGE MISS LATENCY: 78.3797 cycles
L1I RQ	ACCESS:    6565822	FORWARD:          0	MERGED:    1886411	TO_CACHE:    4679411

BTB TOTAL     ACCESS:    3429096  HIT:    3275942  MISS:     153154  HIT %:    95.5337  MISS %:    4.46631   MPKI: 6.12616
BTB BRANCH_DIRECT_JUMP	ACCESS:     487279  HIT:     484673  MISS:       2606
BTB BRANCH_INDIRECT	ACCESS:      19539  HIT:       3769  MISS:      15770
BTB BRANCH_CONDITIONAL	ACCESS:    2395393  HIT:    2389650  MISS:       5743
BTB BRANCH_DIRECT_CALL	ACCESS:     107379  HIT:     103734  MISS:       3645
BTB BRANCH_INDIRECT_CALL	ACCESS:     156045  HIT:      76949  MISS:      79096
BTB BRANCH_RETURN	ACCESS:     263460  HIT:     217167  MISS:      46293
BTB BRANCH_OTHER ACCESS:          1  HIT:          0  MISS:          1

L2C TOTAL     ACCESS:     301319  HIT:     131670  MISS:     169649  HIT %:    43.6979  MISS %:    56.3021   MPKI: 6.78596
L2C LOAD      ACCESS:     119312  HIT:      37567  MISS:      81745  HIT %:    31.4864  MISS %:    68.5136   MPKI: 3.2698
L2C DATA LOAD MPKI: 2.12688
L2C INSTRUCTION LOAD MPKI: 1.14292
L2C RFO       ACCESS:      40917  HIT:       4658  MISS:      36259  HIT %:     11.384  MISS %:     88.616   MPKI: 1.45036
L2C PREFETCH  ACCESS:      30855  HIT:       1849  MISS:      29006  HIT %:    5.99255  MISS %:    94.0075   MPKI: 1.16024
AGUS PREFETCH L1 MISS: 0
L2C DATA PREFETCH MPKI: 1.16024
L2C INSTRUCTION PREFETCH MPKI: 0
L2C WRITEBACK ACCESS:      72201  HIT:      67664  MISS:       4537  HIT %:    93.7162  MISS %:    6.28385   MPKI: 0.18148
L2C LOAD TRANSLATION ACCESS:      38034  HIT:      19932  MISS:      18102  HIT %:    52.4057  MISS %:    47.5943   MPKI: 0.72408
L2C PREFETCH  REQUESTED:          0  ISSUED:          0  USEFUL:        803  USELESS:      25411
L2C USEFUL LOAD PREFETCHES:        803 PREFETCH ISSUED TO LOWER LEVEL:      29006  ACCURACY: 2.76839
L2C TIMELY PREFETCHES:        803 LATE PREFETCHES: 0 DROPPED PREFETCHES: 0
L2C PREFETCHES SAME FILL-ORIGIN LEVEL: 0 DIFFERENT FILL-ORIGIN LEVEL: 0
L2C AVERAGE MISS LATENCY: 153.535 cycles
L2C RQ	ACCESS:     198264	FORWARD:          0	MERGED:          0	TO_CACHE:     198263
L2C WQ	ACCESS:      72201	FORWARD:          1	MERGED:          0	TO_CACHE:      72201
L2C PQ	ACCESS:      30855	FORWARD:          0	MERGED:          0	TO_CACHE:      30855

L2C Instructions Evicting Data 17179
L2C Translations Evicting Data 12800
L2C Data Evicting Data 85560
L2C Instructions Evicting Instructions 8405
L2C Translations Evicting Instructions 3209
L2C Data Evicting Instructions 19816
L2C Instructions Evicting Translations 2989
L2C Translations Evicting Translations 2093
L2C Data Evicting Translations 13061
L2C Dense regions hint from L2: 0
PSCL5 TOTAL     ACCESS:      23347  HIT:      23347  MISS:          0  HIT %:        100  MISS %:          0   MPKI: 0
PSCL5 LOAD TRANSLATION ACCESS:      23347  HIT:      23347  MISS:          0  HIT %:        100  MISS %:          0   MPKI: 0
PSCL5 PREFETCH  REQUESTED:          0  ISSUED:          0  USEFUL:          0  USELESS:          0
PSCL5 USEFUL LOAD PREFETCHES:          0 PREFETCH ISSUED TO LOWER LEVEL:          0  ACCURACY: -nan
PSCL5 TIMELY PREFETCHES:          0 LATE PREFETCHES: 0 DROPPED PREFETCHES: 0
PSCL5 PREFETCHES SAME FILL-ORIGIN LEVEL: 0 DIFFERENT FILL-ORIGIN LEVEL: 0

PSCL4 TOTAL     ACCESS:      21726  HIT:      21646  MISS:         80  HIT %:    99.6318  MISS %:   0.368222   MPKI: 0.0032
PSCL4 LOAD TRANSLATION ACCESS:      21726  HIT:      21646  MISS:         80  HIT %:    99.6318  MISS %:   0.368222   MPKI: 0.0032
PSCL4 PREFETCH  REQUESTED:          0  ISSUED:          0  USEFUL:          0  USELESS:          0
PSCL4 USEFUL LOAD PREFETCHES:          0 PREFETCH ISSUED TO LOWER LEVEL:          0  ACCURACY: -nan
PSCL4 TIMELY PREFETCHES:          0 LATE PREFETCHES: 0 DROPPED PREFETCHES: 0
PSCL4 PREFETCHES SAME FILL-ORIGIN LEVEL: 0 DIFFERENT FILL-ORIGIN LEVEL: 0

PSCL3 TOTAL     ACCESS:      23139  HIT:      22620  MISS:        519  HIT %:     97.757  MISS %:    2.24297   MPKI: 0.02076
PSCL3 LOAD TRANSLATION ACCESS:      23139  HIT:      22620  MISS:        519  HIT %:     97.757  MISS %:    2.24297   MPKI: 0.02076
PSCL3 PREFETCH  REQUESTED:          0  ISSUED:          0  USEFUL:          0  USELESS:          0
PSCL3 USEFUL LOAD PREFETCHES:          0 PREFETCH ISSUED TO LOWER LEVEL:          0  ACCURACY: -nan
PSCL3 TIMELY PREFETCHES:          0 LATE PREFETCHES: 0 DROPPED PREFETCHES: 0
PSCL3 PREFETCHES SAME FILL-ORIGIN LEVEL: 0 DIFFERENT FILL-ORIGIN LEVEL: 0

PSCL2 TOTAL     ACCESS:      23347  HIT:       9180  MISS:      14167  HIT %:    39.3198  MISS %:    60.6802   MPKI: 0.56668
PSCL2 LOAD TRANSLATION ACCESS:      23347  HIT:       9180  MISS:      14167  HIT %:    39.3198  MISS %:    60.6802   MPKI: 0.56668
PSCL2 PREFETCH  REQUESTED:          0  ISSUED:          0  USEFUL:          0  USELESS:          0
PSCL2 USEFUL LOAD PREFETCHES:          0 PREFETCH ISSUED TO LOWER LEVEL:          0  ACCURACY: -nan
PSCL2 TIMELY PREFETCHES:          0 LATE PREFETCHES: 0 DROPPED PREFETCHES: 0
PSCL2 PREFETCHES SAME FILL-ORIGIN LEVEL: 0 DIFFERENT FILL-ORIGIN LEVEL: 0

LLC TOTAL     ACCESS:     227138  HIT:      91512  MISS:     135626  HIT %:    40.2892  MISS %:    59.7108   MPKI: 5.42504
LLC LOAD      ACCESS:      81745  HIT:      20104  MISS:      61641  HIT %:    24.5936  MISS %:    75.4064   MPKI: 2.46564
LLC RFO       ACCESS:      36259  HIT:       1737  MISS:      34522  HIT %:    4.79053  MISS %:    95.2095   MPKI: 1.38088
LLC PREFETCH  ACCESS:      29006  HIT:       1433  MISS:      27573  HIT %:    4.94036  MISS %:    95.0596   MPKI: 1.10292
AGUS PREFETCH L1 MISS: 0
LLC WRITEBACK ACCESS:      62026  HIT:      61863  MISS:        163  HIT %:    99.7372  MISS %:   0.262793   MPKI: 0.00652
LLC LOAD TRANSLATION ACCESS:      18102  HIT:       6375  MISS:      11727  HIT %:    35.2171  MISS %:    64.7829   MPKI: 0.46908
LLC PREFETCH  REQUESTED:          0  ISSUED:          0  USEFUL:        576  USELESS:      19991
LLC USEFUL LOAD PREFETCHES:        576 PREFETCH ISSUED TO LOWER LEVEL:      27573  ACCURACY: 2.089
LLC TIMELY PREFETCHES:        576 LATE PREFETCHES: 0 DROPPED PREFETCHES: 0
LLC PREFETCHES SAME FILL-ORIGIN LEVEL: 0 DIFFERENT FILL-ORIGIN LEVEL: 0
LLC AVERAGE MISS LATENCY: 154.665 cycles
LLC RQ	ACCESS:     136106	FORWARD:          0	MERGED:          0	TO_CACHE:     136106
LLC WQ	ACCESS:      62026	FORWARD:          0	MERGED:          0	TO_CACHE:      62026
LLC PQ	ACCESS:      29006	FORWARD:          0	MERGED:          0	TO_CACHE:      29006

LLC Dense regions hint to LLC: 0

RAW hits: 412923
Loads Generated: 7575120
Loads sent to L1D: 7162197
Stores Generated: 3226960
Stores sent to L1D: 3226976
Major fault: 0 Minor fault: 42448
Allocated PAGES: 42448
Degree: 6

DRAM Statistics
 CHANNEL 0
 RQ ROW_BUFFER_HIT:      31133  ROW_BUFFER_MISS:     104330
 DBUS_CONGESTED:        102
 WQ ROW_BUFFER_HIT:      12881  ROW_BUFFER_MISS:      40851  FULL:          0

 AVG_CONGESTED_CYCLE: 5
 All warmup complete: 2
Channel 0 Bank busy for read cycles: 0
Channel 0 Bank busy for write cycles: 0
Channel 0
Rank 0
0banks busy for read cycles: 48736746
0banks busy for write cycles: 16020
1banks busy for read cycles: 6770323
1banks busy for write cycles: 2514452
2banks busy for read cycles: 2085316
2banks busy for write cycles: 1037823
3banks busy for read cycles: 592175
3banks busy for write cycles: 536619
4banks busy for read cycles: 246086
4banks busy for write cycles: 324741
5banks busy for read cycles: 174669
5banks busy for write cycles: 222057
6banks busy for read cycles: 124737
6banks busy for write cycles: 182704
7banks busy for read cycles: 104855
7banks busy for write cycles: 166299
8banks busy for read cycles: 143657
8banks busy for write cycles: 164470

CPU 0 Branch Prediction Accuracy: 96.6781% MPKI: 7.22532 Average ROB Occupancy at Mispredict: 37.1931
Branch types
NOT_BRANCH: 19561996 78.248%
BRANCH_DIRECT_JUMP: 487279 1.94912%
BRANCH_INDIRECT: 19539 0.078156%
BRANCH_CONDITIONAL: 4403958 17.6158%
BRANCH_DIRECT_CALL: 107379 0.429516%
BRANCH_INDIRECT_CALL: 156045 0.62418%
BRANCH_RETURN: 263460 1.05384%
BRANCH_OTHER: 1 4e-06%

DRAM PAGES: 1048576
Allocated PAGES: 42448
