
*** ChampSim Multicore Out-of-Order Simulator ***

Warmup Instructions: 25000000
Simulation Instructions: 25000000
Number of CPUs: 1
LLC sets: 2048
LLC ways: 16
Off-chip DRAM Size: 4096 MB Channels: 1 Width: 64-bit Data Rate: 6400 MT/s
CPU 0 runs ../traces/Trace1.gz
.gz
BTB has LRU replacement policy
ITLB has LRU replacement policy
DTLB has LRU replacement policy
STLB has LRU replacement policy
L1I has LRU replacement policy
------------------------------------------------
        Stride Pattern Prefetcher (SPP)         
------------------------------------------------
L1D has LRU replacement policy
Initialize IRRIP state for L2C
LLC has LRU replacement policy
Heartbeat CPU 0 instructions: 10000002 cycles: 2952556 heartbeat IPC: 3.3869 cumulative IPC: 3.3869 (Simulation time: 0 hr 0 min 16 sec) 
Heartbeat CPU 0 instructions: 20000001 cycles: 5913643 heartbeat IPC: 3.37714 cumulative IPC: 3.38201 (Simulation time: 0 hr 0 min 32 sec) 

Warmup complete CPU 0 instructions: 25000004 cycles: 7347787 (Simulation time: 0 hr 0 min 40 sec) 

Heartbeat CPU 0 instructions: 30000003 cycles: 31204388 heartbeat IPC: 0.395402 cumulative IPC: 0.209586 (Simulation time: 0 hr 0 min 52 sec) 
Heartbeat CPU 0 instructions: 40000002 cycles: 71387625 heartbeat IPC: 0.24886 cumulative IPC: 0.234229 (Simulation time: 0 hr 1 min 16 sec) 
Heartbeat CPU 0 instructions: 50000000 cycles: 114119756 heartbeat IPC: 0.234016 cumulative IPC: 0.234144 (Simulation time: 0 hr 1 min 40 sec) 
Finished CPU 0 instructions: 25000000 cycles: 106771973 cumulative IPC: 0.234144 (Simulation time: 0 hr 1 min 40 sec) 

ChampSim completed all CPUs

Region of Interest Statistics

CPU 0 cumulative IPC: 0.234144 instructions: 25000000 cycles: 106771973
ITLB TOTAL     ACCESS:    3637060  HIT:    3615651  MISS:      21409  HIT %:    99.4114  MISS %:   0.588635   MPKI: 0.85636
ITLB LOAD TRANSLATION ACCESS:    3637060  HIT:    3615651  MISS:      21409  HIT %:    99.4114  MISS %:   0.588635   MPKI: 0.85636
ITLB PREFETCH  REQUESTED:          0  ISSUED:          0  USEFUL:          0  USELESS:          0
ITLB USEFUL LOAD PREFETCHES:          0 PREFETCH ISSUED TO LOWER LEVEL:          0  ACCURACY: -nan
ITLB TIMELY PREFETCHES:          0 LATE PREFETCHES: 0 DROPPED PREFETCHES: 0
ITLB PREFETCHES SAME FILL-ORIGIN LEVEL: 0 DIFFERENT FILL-ORIGIN LEVEL: 0
ITLB AVERAGE MISS LATENCY: 43.2118 cycles
ITLB RQ	ACCESS:    4548466	FORWARD:          0	MERGED:     908262	TO_CACHE:    3640204

DTLB TOTAL     ACCESS:    5933334  HIT:    5740361  MISS:     192973  HIT %:    96.7476  MISS %:    3.25235   MPKI: 7.71892
DTLB LOAD TRANSLATION ACCESS:    5933334  HIT:    5740361  MISS:     192973  HIT %:    96.7476  MISS %:    3.25235   MPKI: 7.71892
DTLB PREFETCH  REQUESTED:          0  ISSUED:          0  USEFUL:          0  USELESS:          0
DTLB USEFUL LOAD PREFETCHES:          0 PREFETCH ISSUED TO LOWER LEVEL:          0  ACCURACY: -nan
DTLB TIMELY PREFETCHES:          0 LATE PREFETCHES: 0 DROPPED PREFETCHES: 0
DTLB PREFETCHES SAME FILL-ORIGIN LEVEL: 0 DIFFERENT FILL-ORIGIN LEVEL: 0
DTLB AVERAGE MISS LATENCY: 81.5965 cycles
DTLB RQ	ACCESS:    7334527	FORWARD:          0	MERGED:    1363607	TO_CACHE:    5970920

STLB TOTAL     ACCESS:     379578  HIT:     308210  MISS:      71368  HIT %:    81.1981  MISS %:    18.8019   MPKI: 2.85472
STLB LOAD TRANSLATION ACCESS:     214382  HIT:     143014  MISS:      71368  HIT %:    66.7099  MISS %:    33.2901   MPKI: 2.85472
STLB TRANSLATION FROM L1D PREFETCHER ACCESS:     165196  HIT:     165196  MISS:          0  HIT %:        100  MISS %:          0   MPKI: 0
STLB PREFETCH  REQUESTED:          0  ISSUED:          0  USEFUL:          0  USELESS:          0
STLB USEFUL LOAD PREFETCHES:          0 PREFETCH ISSUED TO LOWER LEVEL:          0  ACCURACY: -nan
STLB TIMELY PREFETCHES:          0 LATE PREFETCHES: 0 DROPPED PREFETCHES: 0
STLB PREFETCHES SAME FILL-ORIGIN LEVEL: 0 DIFFERENT FILL-ORIGIN LEVEL: 0
STLB AVERAGE MISS LATENCY: 206.141 cycles
STLB RQ	ACCESS:     639590	FORWARD:          0	MERGED:     260011	TO_CACHE:     379579

STLB Hit, L1D data hit: 0
STLB Hit, L2C data hit: 0
STLB Hit, LLC data hit: 0
STLB Hit, LLC data miss: 0
STLB STLB hints to L2: 0
L1D TOTAL     ACCESS:    7475599  HIT:    7066659  MISS:     408940  HIT %:    94.5297  MISS %:    5.47033   MPKI: 16.3576
L1D LOAD      ACCESS:    4298533  HIT:    4059669  MISS:     238864  HIT %:    94.4431  MISS %:    5.55687   MPKI: 9.55456
L1D RFO       ACCESS:    2775616  HIT:    2669324  MISS:     106292  HIT %:    96.1705  MISS %:    3.82949   MPKI: 4.25168
L1D PREFETCH  ACCESS:     401450  HIT:     337666  MISS:      63784  HIT %:    84.1116  MISS %:    15.8884   MPKI: 2.55136
AGUS PREFETCH L1 MISS: 0
L1D PREFETCH  REQUESTED:     902467  ISSUED:     902263  USEFUL:      38328  USELESS:      25426
L1D USEFUL LOAD PREFETCHES:      38328 PREFETCH ISSUED TO LOWER LEVEL:      68651  ACCURACY: 55.8302
L1D TIMELY PREFETCHES:      38328 LATE PREFETCHES: 4497 DROPPED PREFETCHES: 0
L1D PREFETCHES SAME FILL-ORIGIN LEVEL: 68651 DIFFERENT FILL-ORIGIN LEVEL: 0
L1D AVERAGE MISS LATENCY: 727040 cycles
L1D RQ	ACCESS:    5850620	FORWARD:          0	MERGED:    1445076	TO_CACHE:    4328121
L1D WQ	ACCESS:    3047623	FORWARD:      77601	MERGED:      41217	TO_CACHE:    3006406
L1D PQ	ACCESS:     477055	FORWARD:          0	MERGED:      51669	TO_CACHE:     425208

L1D UNIQUE REGIONS ACCESSED: 0
L1D REGIONS CONFLICTS: 0
L1D Cross Page Prefetch Requests: 0
L1D Same Page Prefetch Requests: 1245267
L1D ROI Sum of L1D PQ occupancy: 5779879
L1D PREFETCHES PUSHED FROM L2C: 0
L1I TOTAL     ACCESS:    4395957  HIT:    4033847  MISS:     362110  HIT %:    91.7627  MISS %:    8.23734   MPKI: 14.4844
L1I LOAD      ACCESS:    4395957  HIT:    4033847  MISS:     362110  HIT %:    91.7627  MISS %:    8.23734   MPKI: 14.4844
L1I PREFETCH  REQUESTED:          0  ISSUED:          0  USEFUL:          0  USELESS:          0
L1I USEFUL LOAD PREFETCHES:          0 PREFETCH ISSUED TO LOWER LEVEL:          0  ACCURACY: -nan
L1I TIMELY PREFETCHES:          0 LATE PREFETCHES: 0 DROPPED PREFETCHES: 0
L1I PREFETCHES SAME FILL-ORIGIN LEVEL: 0 DIFFERENT FILL-ORIGIN LEVEL: 0
L1I AVERAGE MISS LATENCY: 111.087 cycles
L1I RQ	ACCESS:    6251326	FORWARD:          0	MERGED:    1702860	TO_CACHE:    4548466

BTB TOTAL     ACCESS:    2029937  HIT:    1730538  MISS:     299399  HIT %:    85.2508  MISS %:    14.7492   MPKI: 11.976
BTB BRANCH_DIRECT_JUMP	ACCESS:     126163  HIT:     102446  MISS:      23717
BTB BRANCH_INDIRECT	ACCESS:      45810  HIT:      28349  MISS:      17461
BTB BRANCH_CONDITIONAL	ACCESS:    1410836  HIT:    1350768  MISS:      60068
BTB BRANCH_DIRECT_CALL	ACCESS:     192147  HIT:     136830  MISS:      55317
BTB BRANCH_INDIRECT_CALL	ACCESS:      31367  HIT:      17496  MISS:      13871
BTB BRANCH_RETURN	ACCESS:     223607  HIT:      94649  MISS:     128958
BTB BRANCH_OTHER ACCESS:          7  HIT:          0  MISS:          7

L2C TOTAL     ACCESS:    1044872  HIT:     411480  MISS:     633392  HIT %:    39.3809  MISS %:    60.6191   MPKI: 25.3357
L2C LOAD      ACCESS:     596475  HIT:     180242  MISS:     416233  HIT %:    30.2179  MISS %:    69.7821   MPKI: 16.6493
L2C DATA LOAD MPKI: 6.53704
L2C INSTRUCTION LOAD MPKI: 10.1123
L2C RFO       ACCESS:     105921  HIT:      17236  MISS:      88685  HIT %:    16.2725  MISS %:    83.7275   MPKI: 3.5474
L2C PREFETCH  ACCESS:      68650  HIT:      17795  MISS:      50855  HIT %:    25.9213  MISS %:    74.0787   MPKI: 2.0342
AGUS PREFETCH L1 MISS: 0
L2C DATA PREFETCH MPKI: 2.0342
L2C INSTRUCTION PREFETCH MPKI: 0
L2C WRITEBACK ACCESS:     156239  HIT:     136656  MISS:      19583  HIT %:     87.466  MISS %:     12.534   MPKI: 0.78332
L2C LOAD TRANSLATION ACCESS:     117587  HIT:      59551  MISS:      58036  HIT %:    50.6442  MISS %:    49.3558   MPKI: 2.32144
L2C PREFETCH  REQUESTED:          0  ISSUED:          0  USEFUL:       2160  USELESS:      48471
L2C USEFUL LOAD PREFETCHES:       2160 PREFETCH ISSUED TO LOWER LEVEL:      50855  ACCURACY: 4.24737
L2C TIMELY PREFETCHES:       2160 LATE PREFETCHES: 0 DROPPED PREFETCHES: 0
L2C PREFETCHES SAME FILL-ORIGIN LEVEL: 0 DIFFERENT FILL-ORIGIN LEVEL: 0
L2C AVERAGE MISS LATENCY: 138.908 cycles
L2C RQ	ACCESS:     819986	FORWARD:          0	MERGED:          0	TO_CACHE:     819983
L2C WQ	ACCESS:     156239	FORWARD:          4	MERGED:          0	TO_CACHE:     156239
L2C PQ	ACCESS:      68651	FORWARD:          0	MERGED:          0	TO_CACHE:      68650

L2C Instructions Evicting Data 128340
L2C Translations Evicting Data 29408
L2C Data Evicting Data 154720
L2C Instructions Evicting Instructions 101925
L2C Translations Evicting Instructions 23265
L2C Data Evicting Instructions 119714
L2C Instructions Evicting Translations 22542
L2C Translations Evicting Translations 5363
L2C Data Evicting Translations 28532
L2C Dense regions hint from L2: 0
PSCL5 TOTAL     ACCESS:      71368  HIT:      71368  MISS:          0  HIT %:        100  MISS %:          0   MPKI: 0
PSCL5 LOAD TRANSLATION ACCESS:      71368  HIT:      71368  MISS:          0  HIT %:        100  MISS %:          0   MPKI: 0
PSCL5 PREFETCH  REQUESTED:          0  ISSUED:          0  USEFUL:          0  USELESS:          0
PSCL5 USEFUL LOAD PREFETCHES:          0 PREFETCH ISSUED TO LOWER LEVEL:          0  ACCURACY: -nan
PSCL5 TIMELY PREFETCHES:          0 LATE PREFETCHES: 0 DROPPED PREFETCHES: 0
PSCL5 PREFETCHES SAME FILL-ORIGIN LEVEL: 0 DIFFERENT FILL-ORIGIN LEVEL: 0

PSCL4 TOTAL     ACCESS:      70568  HIT:      70367  MISS:        201  HIT %:    99.7152  MISS %:   0.284832   MPKI: 0.00804
PSCL4 LOAD TRANSLATION ACCESS:      70568  HIT:      70367  MISS:        201  HIT %:    99.7152  MISS %:   0.284832   MPKI: 0.00804
PSCL4 PREFETCH  REQUESTED:          0  ISSUED:          0  USEFUL:          0  USELESS:          0
PSCL4 USEFUL LOAD PREFETCHES:          0 PREFETCH ISSUED TO LOWER LEVEL:          0  ACCURACY: -nan
PSCL4 TIMELY PREFETCHES:          0 LATE PREFETCHES: 0 DROPPED PREFETCHES: 0
PSCL4 PREFETCHES SAME FILL-ORIGIN LEVEL: 0 DIFFERENT FILL-ORIGIN LEVEL: 0

PSCL3 TOTAL     ACCESS:      69935  HIT:      65857  MISS:       4078  HIT %:    94.1689  MISS %:    5.83113   MPKI: 0.16312
PSCL3 LOAD TRANSLATION ACCESS:      69935  HIT:      65857  MISS:       4078  HIT %:    94.1689  MISS %:    5.83113   MPKI: 0.16312
PSCL3 PREFETCH  REQUESTED:          0  ISSUED:          0  USEFUL:          0  USELESS:          0
PSCL3 USEFUL LOAD PREFETCHES:          0 PREFETCH ISSUED TO LOWER LEVEL:          0  ACCURACY: -nan
PSCL3 TIMELY PREFETCHES:          0 LATE PREFETCHES: 0 DROPPED PREFETCHES: 0
PSCL3 PREFETCHES SAME FILL-ORIGIN LEVEL: 0 DIFFERENT FILL-ORIGIN LEVEL: 0

PSCL2 TOTAL     ACCESS:      71368  HIT:      29160  MISS:      42208  HIT %:    40.8586  MISS %:    59.1414   MPKI: 1.68832
PSCL2 LOAD TRANSLATION ACCESS:      71368  HIT:      29160  MISS:      42208  HIT %:    40.8586  MISS %:    59.1414   MPKI: 1.68832
PSCL2 PREFETCH  REQUESTED:          0  ISSUED:          0  USEFUL:          0  USELESS:          0
PSCL2 USEFUL LOAD PREFETCHES:          0 PREFETCH ISSUED TO LOWER LEVEL:          0  ACCURACY: -nan
PSCL2 TIMELY PREFETCHES:          0 LATE PREFETCHES: 0 DROPPED PREFETCHES: 0
PSCL2 PREFETCHES SAME FILL-ORIGIN LEVEL: 0 DIFFERENT FILL-ORIGIN LEVEL: 0

LLC TOTAL     ACCESS:     740850  HIT:     288380  MISS:     452470  HIT %:    38.9256  MISS %:    61.0744   MPKI: 18.0988
LLC LOAD      ACCESS:     416231  HIT:     121826  MISS:     294405  HIT %:    29.2688  MISS %:    70.7312   MPKI: 11.7762
LLC RFO       ACCESS:      88684  HIT:       6593  MISS:      82091  HIT %:    7.43426  MISS %:    92.5657   MPKI: 3.28364
LLC PREFETCH  ACCESS:      50855  HIT:      10691  MISS:      40164  HIT %:    21.0225  MISS %:    78.9775   MPKI: 1.60656
AGUS PREFETCH L1 MISS: 0
LLC WRITEBACK ACCESS:     127044  HIT:     126152  MISS:        892  HIT %:    99.2979  MISS %:   0.702119   MPKI: 0.03568
LLC LOAD TRANSLATION ACCESS:      58036  HIT:      23118  MISS:      34918  HIT %:    39.8339  MISS %:    60.1661   MPKI: 1.39672
LLC PREFETCH  REQUESTED:          0  ISSUED:          0  USEFUL:       2097  USELESS:      38313
LLC USEFUL LOAD PREFETCHES:       2097 PREFETCH ISSUED TO LOWER LEVEL:      40164  ACCURACY: 5.22109
LLC TIMELY PREFETCHES:       2097 LATE PREFETCHES: 0 DROPPED PREFETCHES: 0
LLC PREFETCHES SAME FILL-ORIGIN LEVEL: 0 DIFFERENT FILL-ORIGIN LEVEL: 0
LLC AVERAGE MISS LATENCY: 153.081 cycles
LLC RQ	ACCESS:     562954	FORWARD:          0	MERGED:          0	TO_CACHE:     562951
LLC WQ	ACCESS:     127044	FORWARD:          3	MERGED:          0	TO_CACHE:     127044
LLC PQ	ACCESS:      50855	FORWARD:          0	MERGED:          0	TO_CACHE:      50855

LLC Dense regions hint to LLC: 0

RAW hits: 192281
Loads Generated: 6042902
Loads sent to L1D: 5850620
Stores Generated: 3047659
Stores sent to L1D: 3047660
Major fault: 0 Minor fault: 45579
Allocated PAGES: 45579
Degree: 2

DRAM Statistics
 CHANNEL 0
 RQ ROW_BUFFER_HIT:     101242  ROW_BUFFER_MISS:     350336
 DBUS_CONGESTED:        241
 WQ ROW_BUFFER_HIT:      42033  ROW_BUFFER_MISS:      71520  FULL:          0

 AVG_CONGESTED_CYCLE: 4
 All warmup complete: 2
Channel 0 Bank busy for read cycles: 0
Channel 0 Bank busy for write cycles: 0
Channel 0
Rank 0
0banks busy for read cycles: 47386314
0banks busy for write cycles: 50824
1banks busy for read cycles: 32816106
1banks busy for write cycles: 9713526
2banks busy for read cycles: 7197063
2banks busy for write cycles: 3614136
3banks busy for read cycles: 1409832
3banks busy for write cycles: 1568818
4banks busy for read cycles: 492772
4banks busy for write cycles: 783604
5banks busy for read cycles: 260588
5banks busy for write cycles: 419572
6banks busy for read cycles: 170838
6banks busy for write cycles: 248933
7banks busy for read cycles: 99165
7banks busy for write cycles: 172533
8banks busy for read cycles: 147815
8banks busy for write cycles: 219535

CPU 0 Branch Prediction Accuracy: 91.1975% MPKI: 16.1264 Average ROB Occupancy at Mispredict: 13.6612
Branch types
NOT_BRANCH: 20419575 81.6783%
BRANCH_DIRECT_JUMP: 126163 0.504652%
BRANCH_INDIRECT: 45810 0.18324%
BRANCH_CONDITIONAL: 3960982 15.8439%
BRANCH_DIRECT_CALL: 192147 0.768588%
BRANCH_INDIRECT_CALL: 31367 0.125468%
BRANCH_RETURN: 223607 0.894428%
BRANCH_OTHER: 7 2.8e-05%

DRAM PAGES: 1048576
Allocated PAGES: 45579
