
*** ChampSim Multicore Out-of-Order Simulator ***

Warmup Instructions: 25000000
Simulation Instructions: 25000000
Number of CPUs: 1
LLC sets: 2048
LLC ways: 16
Off-chip DRAM Size: 4096 MB Channels: 1 Width: 64-bit Data Rate: 6400 MT/s
CPU 0 runs ../traces/Trace3.gz
.gz
BTB has LRU replacement policy
ITLB has LRU replacement policy
DTLB has LRU replacement policy
STLB has LRU replacement policy
L1I has LRU replacement policy
------------------------------------------------
        Stride Pattern Prefetcher (SPP)         
------------------------------------------------
L1D has LRU replacement policy
L2C has LRU replacement policy
LLC has LRU replacement policy
Heartbeat CPU 0 instructions: 10000000 cycles: 3015643 heartbeat IPC: 3.31604 cumulative IPC: 3.31604 (Simulation time: 0 hr 0 min 17 sec) 
Heartbeat CPU 0 instructions: 20000000 cycles: 6012908 heartbeat IPC: 3.33637 cumulative IPC: 3.32618 (Simulation time: 0 hr 0 min 34 sec) 

Warmup complete CPU 0 instructions: 25000002 cycles: 7507185 (Simulation time: 0 hr 0 min 42 sec) 

Heartbeat CPU 0 instructions: 30000000 cycles: 21991663 heartbeat IPC: 0.625831 cumulative IPC: 0.345197 (Simulation time: 0 hr 0 min 52 sec) 
Heartbeat CPU 0 instructions: 40000003 cycles: 47229250 heartbeat IPC: 0.396235 cumulative IPC: 0.377624 (Simulation time: 0 hr 1 min 14 sec) 
Heartbeat CPU 0 instructions: 50000000 cycles: 71623010 heartbeat IPC: 0.409941 cumulative IPC: 0.389919 (Simulation time: 0 hr 1 min 34 sec) 
Finished CPU 0 instructions: 25000001 cycles: 64115826 cumulative IPC: 0.389919 (Simulation time: 0 hr 1 min 34 sec) 

ChampSim completed all CPUs

Region of Interest Statistics

CPU 0 cumulative IPC: 0.389919 instructions: 25000001 cycles: 64115826
ITLB TOTAL     ACCESS:    3878634  HIT:    3874596  MISS:       4038  HIT %:    99.8959  MISS %:   0.104109   MPKI: 0.16152
ITLB LOAD TRANSLATION ACCESS:    3878634  HIT:    3874596  MISS:       4038  HIT %:    99.8959  MISS %:   0.104109   MPKI: 0.16152
ITLB PREFETCH  REQUESTED:          0  ISSUED:          0  USEFUL:          0  USELESS:          0
ITLB USEFUL LOAD PREFETCHES:          0 PREFETCH ISSUED TO LOWER LEVEL:          0  ACCURACY: -nan
ITLB TIMELY PREFETCHES:          0 LATE PREFETCHES: 0 DROPPED PREFETCHES: 0
ITLB PREFETCHES SAME FILL-ORIGIN LEVEL: 0 DIFFERENT FILL-ORIGIN LEVEL: 0
ITLB AVERAGE MISS LATENCY: 55.9844 cycles
ITLB RQ	ACCESS:    4679392	FORWARD:          0	MERGED:     800108	TO_CACHE:    3879284

DTLB TOTAL     ACCESS:    6761696  HIT:    6679565  MISS:      82131  HIT %:    98.7853  MISS %:    1.21465   MPKI: 3.28524
DTLB LOAD TRANSLATION ACCESS:    6761696  HIT:    6679565  MISS:      82131  HIT %:    98.7853  MISS %:    1.21465   MPKI: 3.28524
DTLB PREFETCH  REQUESTED:          0  ISSUED:          0  USEFUL:          0  USELESS:          0
DTLB USEFUL LOAD PREFETCHES:          0 PREFETCH ISSUED TO LOWER LEVEL:          0  ACCURACY: -nan
DTLB TIMELY PREFETCHES:          0 LATE PREFETCHES: 0 DROPPED PREFETCHES: 0
DTLB PREFETCHES SAME FILL-ORIGIN LEVEL: 0 DIFFERENT FILL-ORIGIN LEVEL: 0
DTLB AVERAGE MISS LATENCY: 61.3736 cycles
DTLB RQ	ACCESS:    8239234	FORWARD:          0	MERGED:    1446899	TO_CACHE:    6792335

STLB TOTAL     ACCESS:     270062  HIT:     246715  MISS:      23347  HIT %:    91.3549  MISS %:    8.64505   MPKI: 0.93388
STLB LOAD TRANSLATION ACCESS:      86169  HIT:      62822  MISS:      23347  HIT %:    72.9056  MISS %:    27.0944   MPKI: 0.93388
STLB TRANSLATION FROM L1D PREFETCHER ACCESS:     183893  HIT:     183893  MISS:          0  HIT %:        100  MISS %:          0   MPKI: 0
STLB PREFETCH  REQUESTED:          0  ISSUED:          0  USEFUL:          0  USELESS:          0
STLB USEFUL LOAD PREFETCHES:          0 PREFETCH ISSUED TO LOWER LEVEL:          0  ACCURACY: -nan
STLB TIMELY PREFETCHES:          0 LATE PREFETCHES: 0 DROPPED PREFETCHES: 0
STLB PREFETCHES SAME FILL-ORIGIN LEVEL: 0 DIFFERENT FILL-ORIGIN LEVEL: 0
STLB AVERAGE MISS LATENCY: 191.827 cycles
STLB RQ	ACCESS:     658301	FORWARD:          0	MERGED:     388239	TO_CACHE:     270062

STLB Hit, L1D data hit: 0
STLB Hit, L2C data hit: 0
STLB Hit, LLC data hit: 0
STLB Hit, LLC data miss: 0
STLB STLB hints to L2: 0
L1D TOTAL     ACCESS:    8669710  HIT:    8531754  MISS:     137956  HIT %:    98.4088  MISS %:    1.59124   MPKI: 5.51824
L1D LOAD      ACCESS:    5099194  HIT:    5028828  MISS:      70366  HIT %:    98.6201  MISS %:    1.37994   MPKI: 2.81464
L1D RFO       ACCESS:    3017741  HIT:    2976803  MISS:      40938  HIT %:    98.6434  MISS %:    1.35658   MPKI: 1.63752
L1D PREFETCH  ACCESS:     552775  HIT:     526123  MISS:      26652  HIT %:    95.1785  MISS %:    4.82149   MPKI: 1.06608
AGUS PREFETCH L1 MISS: 0
L1D PREFETCH  REQUESTED:    1171044  ISSUED:    1170961  USEFUL:      15631  USELESS:      10953
L1D USEFUL LOAD PREFETCHES:      15631 PREFETCH ISSUED TO LOWER LEVEL:      31032  ACCURACY: 50.3706
L1D TIMELY PREFETCHES:      15631 LATE PREFETCHES: 4375 DROPPED PREFETCHES: 0
L1D PREFETCHES SAME FILL-ORIGIN LEVEL: 31032 DIFFERENT FILL-ORIGIN LEVEL: 0
L1D AVERAGE MISS LATENCY: 831256 cycles
L1D RQ	ACCESS:    7162121	FORWARD:          0	MERGED:    1921545	TO_CACHE:    5110286
L1D WQ	ACCESS:    3226976	FORWARD:     130349	MERGED:      98028	TO_CACHE:    3128948
L1D PQ	ACCESS:     598829	FORWARD:          0	MERGED:      26638	TO_CACHE:     572132

L1D UNIQUE REGIONS ACCESSED: 0
L1D REGIONS CONFLICTS: 0
L1D Cross Page Prefetch Requests: 0
L1D Same Page Prefetch Requests: 1210784
L1D ROI Sum of L1D PQ occupancy: 7862233
L1D PREFETCHES PUSHED FROM L2C: 0
L1I TOTAL     ACCESS:    4657767  HIT:    4604637  MISS:      53130  HIT %:    98.8593  MISS %:    1.14068   MPKI: 2.1252
L1I LOAD      ACCESS:    4657767  HIT:    4604637  MISS:      53130  HIT %:    98.8593  MISS %:    1.14068   MPKI: 2.1252
L1I PREFETCH  REQUESTED:          0  ISSUED:          0  USEFUL:          0  USELESS:          0
L1I USEFUL LOAD PREFETCHES:          0 PREFETCH ISSUED TO LOWER LEVEL:          0  ACCURACY: -nan
L1I TIMELY PREFETCHES:          0 LATE PREFETCHES: 0 DROPPED PREFETCHES: 0
L1I PREFETCHES SAME FILL-ORIGIN LEVEL: 0 DIFFERENT FILL-ORIGIN LEVEL: 0
L1I AVERAGE MISS LATENCY: 77.8758 cycles
L1I RQ	ACCESS:    6565739	FORWARD:          0	MERGED:    1886347	TO_CACHE:    4679392

BTB TOTAL     ACCESS:    3429096  HIT:    3275942  MISS:     153154  HIT %:    95.5337  MISS %:    4.46631   MPKI: 6.12616
BTB BRANCH_DIRECT_JUMP	ACCESS:     487279  HIT:     484673  MISS:       2606
BTB BRANCH_INDIRECT	ACCESS:      19539  HIT:       3769  MISS:      15770
BTB BRANCH_CONDITIONAL	ACCESS:    2395393  HIT:    2389650  MISS:       5743
BTB BRANCH_DIRECT_CALL	ACCESS:     107379  HIT:     103734  MISS:       3645
BTB BRANCH_INDIRECT_CALL	ACCESS:     156045  HIT:      76949  MISS:      79096
BTB BRANCH_RETURN	ACCESS:     263460  HIT:     217167  MISS:      46293
BTB BRANCH_OTHER ACCESS:          1  HIT:          0  MISS:          1

L2C TOTAL     ACCESS:     301335  HIT:     137437  MISS:     163898  HIT %:    45.6094  MISS %:    54.3906   MPKI: 6.55592
L2C LOAD      ACCESS:     119120  HIT:      38499  MISS:      80621  HIT %:    32.3195  MISS %:    67.6805   MPKI: 3.22484
L2C DATA LOAD MPKI: 2.08488
L2C INSTRUCTION LOAD MPKI: 1.13996
L2C RFO       ACCESS:      40933  HIT:       4718  MISS:      36215  HIT %:    11.5262  MISS %:    88.4738   MPKI: 1.4486
L2C PREFETCH  ACCESS:      31032  HIT:       1848  MISS:      29184  HIT %:    5.95514  MISS %:    94.0449   MPKI: 1.16736
AGUS PREFETCH L1 MISS: 0
L2C DATA PREFETCH MPKI: 1.16736
L2C INSTRUCTION PREFETCH MPKI: 0
L2C WRITEBACK ACCESS:      72217  HIT:      71915  MISS:        302  HIT %:    99.5818  MISS %:   0.418184   MPKI: 0.01208
L2C LOAD TRANSLATION ACCESS:      38033  HIT:      20457  MISS:      17576  HIT %:    53.7875  MISS %:    46.2125   MPKI: 0.70304
L2C PREFETCH  REQUESTED:          0  ISSUED:          0  USEFUL:       1051  USELESS:      24924
L2C USEFUL LOAD PREFETCHES:       1051 PREFETCH ISSUED TO LOWER LEVEL:      29184  ACCURACY: 3.60129
L2C TIMELY PREFETCHES:       1051 LATE PREFETCHES: 0 DROPPED PREFETCHES: 0
L2C PREFETCHES SAME FILL-ORIGIN LEVEL: 0 DIFFERENT FILL-ORIGIN LEVEL: 0
L2C AVERAGE MISS LATENCY: 158.583 cycles
L2C RQ	ACCESS:     198087	FORWARD:          0	MERGED:          0	TO_CACHE:     198086
L2C WQ	ACCESS:      72217	FORWARD:          1	MERGED:          0	TO_CACHE:      72217
L2C PQ	ACCESS:      31032	FORWARD:          0	MERGED:          0	TO_CACHE:      31032

L2C Instructions Evicting Data 17240
L2C Translations Evicting Data 12505
L2C Data Evicting Data 84563
L2C Instructions Evicting Instructions 8094
L2C Translations Evicting Instructions 3150
L2C Data Evicting Instructions 19887
L2C Instructions Evicting Translations 3165
L2C Translations Evicting Translations 1921
L2C Data Evicting Translations 13071
L2C Dense regions hint from L2: 0
PSCL5 TOTAL     ACCESS:      23347  HIT:      23347  MISS:          0  HIT %:        100  MISS %:          0   MPKI: 0
PSCL5 LOAD TRANSLATION ACCESS:      23347  HIT:      23347  MISS:          0  HIT %:        100  MISS %:          0   MPKI: 0
PSCL5 PREFETCH  REQUESTED:          0  ISSUED:          0  USEFUL:          0  USELESS:          0
PSCL5 USEFUL LOAD PREFETCHES:          0 PREFETCH ISSUED TO LOWER LEVEL:          0  ACCURACY: -nan
PSCL5 TIMELY PREFETCHES:          0 LATE PREFETCHES: 0 DROPPED PREFETCHES: 0
PSCL5 PREFETCHES SAME FILL-ORIGIN LEVEL: 0 DIFFERENT FILL-ORIGIN LEVEL: 0

PSCL4 TOTAL     ACCESS:      21726  HIT:      21646  MISS:         80  HIT %:    99.6318  MISS %:   0.368222   MPKI: 0.0032
PSCL4 LOAD TRANSLATION ACCESS:      21726  HIT:      21646  MISS:         80  HIT %:    99.6318  MISS %:   0.368222   MPKI: 0.0032
PSCL4 PREFETCH  REQUESTED:          0  ISSUED:          0  USEFUL:          0  USELESS:          0
PSCL4 USEFUL LOAD PREFETCHES:          0 PREFETCH ISSUED TO LOWER LEVEL:          0  ACCURACY: -nan
PSCL4 TIMELY PREFETCHES:          0 LATE PREFETCHES: 0 DROPPED PREFETCHES: 0
PSCL4 PREFETCHES SAME FILL-ORIGIN LEVEL: 0 DIFFERENT FILL-ORIGIN LEVEL: 0

PSCL3 TOTAL     ACCESS:      23139  HIT:      22620  MISS:        519  HIT %:     97.757  MISS %:    2.24297   MPKI: 0.02076
PSCL3 LOAD TRANSLATION ACCESS:      23139  HIT:      22620  MISS:        519  HIT %:     97.757  MISS %:    2.24297   MPKI: 0.02076
PSCL3 PREFETCH  REQUESTED:          0  ISSUED:          0  USEFUL:          0  USELESS:          0
PSCL3 USEFUL LOAD PREFETCHES:          0 PREFETCH ISSUED TO LOWER LEVEL:          0  ACCURACY: -nan
PSCL3 TIMELY PREFETCHES:          0 LATE PREFETCHES: 0 DROPPED PREFETCHES: 0
PSCL3 PREFETCHES SAME FILL-ORIGIN LEVEL: 0 DIFFERENT FILL-ORIGIN LEVEL: 0

PSCL2 TOTAL     ACCESS:      23347  HIT:       9181  MISS:      14166  HIT %:    39.3241  MISS %:    60.6759   MPKI: 0.56664
PSCL2 LOAD TRANSLATION ACCESS:      23347  HIT:       9181  MISS:      14166  HIT %:    39.3241  MISS %:    60.6759   MPKI: 0.56664
PSCL2 PREFETCH  REQUESTED:          0  ISSUED:          0  USEFUL:          0  USELESS:          0
PSCL2 USEFUL LOAD PREFETCHES:          0 PREFETCH ISSUED TO LOWER LEVEL:          0  ACCURACY: -nan
PSCL2 TIMELY PREFETCHES:          0 LATE PREFETCHES: 0 DROPPED PREFETCHES: 0
PSCL2 PREFETCHES SAME FILL-ORIGIN LEVEL: 0 DIFFERENT FILL-ORIGIN LEVEL: 0

LLC TOTAL     ACCESS:     228000  HIT:      92619  MISS:     135381  HIT %:    40.6224  MISS %:    59.3776   MPKI: 5.41524
LLC LOAD      ACCESS:      80621  HIT:      19302  MISS:      61319  HIT %:    23.9417  MISS %:    76.0583   MPKI: 2.45276
LLC RFO       ACCESS:      36215  HIT:       1698  MISS:      34517  HIT %:    4.68866  MISS %:    95.3113   MPKI: 1.38068
LLC PREFETCH  ACCESS:      29184  HIT:       1470  MISS:      27714  HIT %:    5.03701  MISS %:     94.963   MPKI: 1.10856
AGUS PREFETCH L1 MISS: 0
LLC WRITEBACK ACCESS:      64404  HIT:      64336  MISS:         68  HIT %:    99.8944  MISS %:   0.105584   MPKI: 0.00272
LLC LOAD TRANSLATION ACCESS:      17576  HIT:       5813  MISS:      11763  HIT %:    33.0735  MISS %:    66.9265   MPKI: 0.47052
LLC PREFETCH  REQUESTED:          0  ISSUED:          0  USEFUL:        493  USELESS:      20181
LLC USEFUL LOAD PREFETCHES:        493 PREFETCH ISSUED TO LOWER LEVEL:      27714  ACCURACY: 1.77888
LLC TIMELY PREFETCHES:        493 LATE PREFETCHES: 0 DROPPED PREFETCHES: 0
LLC PREFETCHES SAME FILL-ORIGIN LEVEL: 0 DIFFERENT FILL-ORIGIN LEVEL: 0
LLC AVERAGE MISS LATENCY: 154.874 cycles
LLC RQ	ACCESS:     134412	FORWARD:          0	MERGED:          0	TO_CACHE:     134412
LLC WQ	ACCESS:      64404	FORWARD:          0	MERGED:          0	TO_CACHE:      64404
LLC PQ	ACCESS:      29184	FORWARD:          0	MERGED:          0	TO_CACHE:      29184

LLC Dense regions hint to LLC: 0

RAW hits: 412999
Loads Generated: 7575120
Loads sent to L1D: 7162121
Stores Generated: 3226960
Stores sent to L1D: 3226976
Major fault: 0 Minor fault: 42448
Allocated PAGES: 42448
Degree: 6

DRAM Statistics
 CHANNEL 0
 RQ ROW_BUFFER_HIT:      31117  ROW_BUFFER_MISS:     104196
 DBUS_CONGESTED:         80
 WQ ROW_BUFFER_HIT:      12897  ROW_BUFFER_MISS:      40785  FULL:          0

 AVG_CONGESTED_CYCLE: 4
 All warmup complete: 2
Channel 0 Bank busy for read cycles: 0
Channel 0 Bank busy for write cycles: 0
Channel 0
Rank 0
0banks busy for read cycles: 48741058
0banks busy for write cycles: 15975
1banks busy for read cycles: 6765549
1banks busy for write cycles: 2505454
2banks busy for read cycles: 2079524
2banks busy for write cycles: 1029514
3banks busy for read cycles: 583789
3banks busy for write cycles: 539781
4banks busy for read cycles: 245371
4banks busy for write cycles: 321940
5banks busy for read cycles: 172462
5banks busy for write cycles: 222587
6banks busy for read cycles: 130131
6banks busy for write cycles: 173986
7banks busy for read cycles: 106033
7banks busy for write cycles: 166609
8banks busy for read cycles: 142877
8banks busy for write cycles: 173187

CPU 0 Branch Prediction Accuracy: 96.6781% MPKI: 7.22532 Average ROB Occupancy at Mispredict: 37.1725
Branch types
NOT_BRANCH: 19561996 78.248%
BRANCH_DIRECT_JUMP: 487279 1.94912%
BRANCH_INDIRECT: 19539 0.078156%
BRANCH_CONDITIONAL: 4403958 17.6158%
BRANCH_DIRECT_CALL: 107379 0.429516%
BRANCH_INDIRECT_CALL: 156045 0.62418%
BRANCH_RETURN: 263460 1.05384%
BRANCH_OTHER: 1 4e-06%

DRAM PAGES: 1048576
Allocated PAGES: 42448
