
*** ChampSim Multicore Out-of-Order Simulator ***

Warmup Instructions: 25000000
Simulation Instructions: 25000000
Number of CPUs: 1
LLC sets: 2048
LLC ways: 16
Off-chip DRAM Size: 4096 MB Channels: 1 Width: 64-bit Data Rate: 6400 MT/s
CPU 0 runs ../traces/Trace3.gz
.gz
BTB has LRU replacement policy
ITLB has LRU replacement policy
DTLB has LRU replacement policy
STLB has LRU replacement policy
L1I has LRU replacement policy
------------------------------------------------
        Stride Pattern Prefetcher (SPP)         
------------------------------------------------
L1D has LRU replacement policy
Initialize IRRIP state for L2C
LLC has LRU replacement policy
Heartbeat CPU 0 instructions: 10000000 cycles: 3015766 heartbeat IPC: 3.31591 cumulative IPC: 3.31591 (Simulation time: 0 hr 0 min 17 sec) 
Heartbeat CPU 0 instructions: 20000000 cycles: 6012921 heartbeat IPC: 3.3365 cumulative IPC: 3.32617 (Simulation time: 0 hr 0 min 34 sec) 

Warmup complete CPU 0 instructions: 25000002 cycles: 7507590 (Simulation time: 0 hr 0 min 42 sec) 

Heartbeat CPU 0 instructions: 30000000 cycles: 22012323 heartbeat IPC: 0.625023 cumulative IPC: 0.344715 (Simulation time: 0 hr 0 min 53 sec) 
Heartbeat CPU 0 instructions: 40000003 cycles: 47233953 heartbeat IPC: 0.396485 cumulative IPC: 0.377583 (Simulation time: 0 hr 1 min 14 sec) 
Heartbeat CPU 0 instructions: 50000000 cycles: 71637862 heartbeat IPC: 0.40977 cumulative IPC: 0.389831 (Simulation time: 0 hr 1 min 35 sec) 
Finished CPU 0 instructions: 25000001 cycles: 64130273 cumulative IPC: 0.389831 (Simulation time: 0 hr 1 min 35 sec) 

ChampSim completed all CPUs

Region of Interest Statistics

CPU 0 cumulative IPC: 0.389831 instructions: 25000001 cycles: 64130273
ITLB TOTAL     ACCESS:    3878681  HIT:    3874643  MISS:       4038  HIT %:    99.8959  MISS %:   0.104108   MPKI: 0.16152
ITLB LOAD TRANSLATION ACCESS:    3878681  HIT:    3874643  MISS:       4038  HIT %:    99.8959  MISS %:   0.104108   MPKI: 0.16152
ITLB PREFETCH  REQUESTED:          0  ISSUED:          0  USEFUL:          0  USELESS:          0
ITLB USEFUL LOAD PREFETCHES:          0 PREFETCH ISSUED TO LOWER LEVEL:          0  ACCURACY: -nan
ITLB TIMELY PREFETCHES:          0 LATE PREFETCHES: 0 DROPPED PREFETCHES: 0
ITLB PREFETCHES SAME FILL-ORIGIN LEVEL: 0 DIFFERENT FILL-ORIGIN LEVEL: 0
ITLB AVERAGE MISS LATENCY: 56.7699 cycles
ITLB RQ	ACCESS:    4679450	FORWARD:          0	MERGED:     800120	TO_CACHE:    3879330

DTLB TOTAL     ACCESS:    6761263  HIT:    6679135  MISS:      82128  HIT %:    98.7853  MISS %:    1.21468   MPKI: 3.28512
DTLB LOAD TRANSLATION ACCESS:    6761263  HIT:    6679135  MISS:      82128  HIT %:    98.7853  MISS %:    1.21468   MPKI: 3.28512
DTLB PREFETCH  REQUESTED:          0  ISSUED:          0  USEFUL:          0  USELESS:          0
DTLB USEFUL LOAD PREFETCHES:          0 PREFETCH ISSUED TO LOWER LEVEL:          0  ACCURACY: -nan
DTLB TIMELY PREFETCHES:          0 LATE PREFETCHES: 0 DROPPED PREFETCHES: 0
DTLB PREFETCHES SAME FILL-ORIGIN LEVEL: 0 DIFFERENT FILL-ORIGIN LEVEL: 0
DTLB AVERAGE MISS LATENCY: 61.4885 cycles
DTLB RQ	ACCESS:    8238924	FORWARD:          0	MERGED:    1446902	TO_CACHE:    6792022

STLB TOTAL     ACCESS:     270025  HIT:     246678  MISS:      23347  HIT %:    91.3538  MISS %:    8.64624   MPKI: 0.93388
STLB LOAD TRANSLATION ACCESS:      86166  HIT:      62819  MISS:      23347  HIT %:    72.9046  MISS %:    27.0954   MPKI: 0.93388
STLB TRANSLATION FROM L1D PREFETCHER ACCESS:     183859  HIT:     183859  MISS:          0  HIT %:        100  MISS %:          0   MPKI: 0
STLB PREFETCH  REQUESTED:          0  ISSUED:          0  USEFUL:          0  USELESS:          0
STLB USEFUL LOAD PREFETCHES:          0 PREFETCH ISSUED TO LOWER LEVEL:          0  ACCURACY: -nan
STLB TIMELY PREFETCHES:          0 LATE PREFETCHES: 0 DROPPED PREFETCHES: 0
STLB PREFETCHES SAME FILL-ORIGIN LEVEL: 0 DIFFERENT FILL-ORIGIN LEVEL: 0
STLB AVERAGE MISS LATENCY: 192.342 cycles
STLB RQ	ACCESS:     662732	FORWARD:          0	MERGED:     392707	TO_CACHE:     270025

STLB Hit, L1D data hit: 0
STLB Hit, L2C data hit: 0
STLB Hit, LLC data hit: 0
STLB Hit, LLC data miss: 0
STLB STLB hints to L2: 0
L1D TOTAL     ACCESS:    8673389  HIT:    8535382  MISS:     138007  HIT %:    98.4088  MISS %:    1.59115   MPKI: 5.52028
L1D LOAD      ACCESS:    5099041  HIT:    5028524  MISS:      70517  HIT %:    98.6171  MISS %:    1.38295   MPKI: 2.82068
L1D RFO       ACCESS:    3017610  HIT:    2976679  MISS:      40931  HIT %:    98.6436  MISS %:     1.3564   MPKI: 1.63724
L1D PREFETCH  ACCESS:     556738  HIT:     530179  MISS:      26559  HIT %:    95.2295  MISS %:    4.77047   MPKI: 1.06236
AGUS PREFETCH L1 MISS: 0
L1D PREFETCH  REQUESTED:    1180523  ISSUED:    1180440  USEFUL:      15484  USELESS:      11010
L1D USEFUL LOAD PREFETCHES:      15484 PREFETCH ISSUED TO LOWER LEVEL:      30995  ACCURACY: 49.9564
L1D TIMELY PREFETCHES:      15484 LATE PREFETCHES: 4432 DROPPED PREFETCHES: 0
L1D PREFETCHES SAME FILL-ORIGIN LEVEL: 30995 DIFFERENT FILL-ORIGIN LEVEL: 0
L1D AVERAGE MISS LATENCY: 838792 cycles
L1D RQ	ACCESS:    7162150	FORWARD:          0	MERGED:    1921802	TO_CACHE:    5110052
L1D WQ	ACCESS:    3226976	FORWARD:     130364	MERGED:      98104	TO_CACHE:    3128872
L1D PQ	ACCESS:     603874	FORWARD:          0	MERGED:      27240	TO_CACHE:     576566

L1D UNIQUE REGIONS ACCESSED: 0
L1D REGIONS CONFLICTS: 0
L1D Cross Page Prefetch Requests: 0
L1D Same Page Prefetch Requests: 1221408
L1D ROI Sum of L1D PQ occupancy: 7922450
L1D PREFETCHES PUSHED FROM L2C: 0
L1I TOTAL     ACCESS:    4657808  HIT:    4604678  MISS:      53130  HIT %:    98.8593  MISS %:    1.14067   MPKI: 2.1252
L1I LOAD      ACCESS:    4657808  HIT:    4604678  MISS:      53130  HIT %:    98.8593  MISS %:    1.14067   MPKI: 2.1252
L1I PREFETCH  REQUESTED:          0  ISSUED:          0  USEFUL:          0  USELESS:          0
L1I USEFUL LOAD PREFETCHES:          0 PREFETCH ISSUED TO LOWER LEVEL:          0  ACCURACY: -nan
L1I TIMELY PREFETCHES:          0 LATE PREFETCHES: 0 DROPPED PREFETCHES: 0
L1I PREFETCHES SAME FILL-ORIGIN LEVEL: 0 DIFFERENT FILL-ORIGIN LEVEL: 0
L1I AVERAGE MISS LATENCY: 77.6358 cycles
L1I RQ	ACCESS:    6565823	FORWARD:          0	MERGED:    1886373	TO_CACHE:    4679450

BTB TOTAL     ACCESS:    3429096  HIT:    3275942  MISS:     153154  HIT %:    95.5337  MISS %:    4.46631   MPKI: 6.12616
BTB BRANCH_DIRECT_JUMP	ACCESS:     487279  HIT:     484673  MISS:       2606
BTB BRANCH_INDIRECT	ACCESS:      19539  HIT:       3769  MISS:      15770
BTB BRANCH_CONDITIONAL	ACCESS:    2395393  HIT:    2389650  MISS:       5743
BTB BRANCH_DIRECT_CALL	ACCESS:     107379  HIT:     103734  MISS:       3645
BTB BRANCH_INDIRECT_CALL	ACCESS:     156045  HIT:      76949  MISS:      79096
BTB BRANCH_RETURN	ACCESS:     263460  HIT:     217167  MISS:      46293
BTB BRANCH_OTHER ACCESS:          1  HIT:          0  MISS:          1

L2C TOTAL     ACCESS:     301384  HIT:     128032  MISS:     173352  HIT %:    42.4814  MISS %:    57.5186   MPKI: 6.93408
L2C LOAD      ACCESS:     119214  HIT:      39333  MISS:      79881  HIT %:    32.9936  MISS %:    67.0064   MPKI: 3.19524
L2C DATA LOAD MPKI: 2.12316
L2C INSTRUCTION LOAD MPKI: 1.07208
L2C RFO       ACCESS:      40927  HIT:       4515  MISS:      36412  HIT %:    11.0318  MISS %:    88.9682   MPKI: 1.45648
L2C PREFETCH  ACCESS:      30995  HIT:       1461  MISS:      29534  HIT %:    4.71366  MISS %:    95.2863   MPKI: 1.18136
AGUS PREFETCH L1 MISS: 0
L2C DATA PREFETCH MPKI: 1.18136
L2C INSTRUCTION PREFETCH MPKI: 0
L2C WRITEBACK ACCESS:      72215  HIT:      62740  MISS:       9475  HIT %:    86.8795  MISS %:    13.1205   MPKI: 0.379
L2C LOAD TRANSLATION ACCESS:      38033  HIT:      19983  MISS:      18050  HIT %:    52.5412  MISS %:    47.4588   MPKI: 0.722
L2C PREFETCH  REQUESTED:          0  ISSUED:          0  USEFUL:        363  USELESS:      28325
L2C USEFUL LOAD PREFETCHES:        363 PREFETCH ISSUED TO LOWER LEVEL:      29534  ACCURACY: 1.22909
L2C TIMELY PREFETCHES:        363 LATE PREFETCHES: 0 DROPPED PREFETCHES: 0
L2C PREFETCHES SAME FILL-ORIGIN LEVEL: 0 DIFFERENT FILL-ORIGIN LEVEL: 0
L2C AVERAGE MISS LATENCY: 150.23 cycles
L2C RQ	ACCESS:     198175	FORWARD:          0	MERGED:          0	TO_CACHE:     198174
L2C WQ	ACCESS:      72215	FORWARD:          1	MERGED:          0	TO_CACHE:      72215
L2C PQ	ACCESS:      30995	FORWARD:          0	MERGED:          0	TO_CACHE:      30995

L2C Instructions Evicting Data 16361
L2C Translations Evicting Data 12730
L2C Data Evicting Data 88837
L2C Instructions Evicting Instructions 7535
L2C Translations Evicting Instructions 3208
L2C Data Evicting Instructions 17670
L2C Instructions Evicting Translations 2906
L2C Translations Evicting Translations 2112
L2C Data Evicting Translations 12518
L2C Dense regions hint from L2: 0
PSCL5 TOTAL     ACCESS:      23347  HIT:      23347  MISS:          0  HIT %:        100  MISS %:          0   MPKI: 0
PSCL5 LOAD TRANSLATION ACCESS:      23347  HIT:      23347  MISS:          0  HIT %:        100  MISS %:          0   MPKI: 0
PSCL5 PREFETCH  REQUESTED:          0  ISSUED:          0  USEFUL:          0  USELESS:          0
PSCL5 USEFUL LOAD PREFETCHES:          0 PREFETCH ISSUED TO LOWER LEVEL:          0  ACCURACY: -nan
PSCL5 TIMELY PREFETCHES:          0 LATE PREFETCHES: 0 DROPPED PREFETCHES: 0
PSCL5 PREFETCHES SAME FILL-ORIGIN LEVEL: 0 DIFFERENT FILL-ORIGIN LEVEL: 0

PSCL4 TOTAL     ACCESS:      21726  HIT:      21646  MISS:         80  HIT %:    99.6318  MISS %:   0.368222   MPKI: 0.0032
PSCL4 LOAD TRANSLATION ACCESS:      21726  HIT:      21646  MISS:         80  HIT %:    99.6318  MISS %:   0.368222   MPKI: 0.0032
PSCL4 PREFETCH  REQUESTED:          0  ISSUED:          0  USEFUL:          0  USELESS:          0
PSCL4 USEFUL LOAD PREFETCHES:          0 PREFETCH ISSUED TO LOWER LEVEL:          0  ACCURACY: -nan
PSCL4 TIMELY PREFETCHES:          0 LATE PREFETCHES: 0 DROPPED PREFETCHES: 0
PSCL4 PREFETCHES SAME FILL-ORIGIN LEVEL: 0 DIFFERENT FILL-ORIGIN LEVEL: 0

PSCL3 TOTAL     ACCESS:      23139  HIT:      22620  MISS:        519  HIT %:     97.757  MISS %:    2.24297   MPKI: 0.02076
PSCL3 LOAD TRANSLATION ACCESS:      23139  HIT:      22620  MISS:        519  HIT %:     97.757  MISS %:    2.24297   MPKI: 0.02076
PSCL3 PREFETCH  REQUESTED:          0  ISSUED:          0  USEFUL:          0  USELESS:          0
PSCL3 USEFUL LOAD PREFETCHES:          0 PREFETCH ISSUED TO LOWER LEVEL:          0  ACCURACY: -nan
PSCL3 TIMELY PREFETCHES:          0 LATE PREFETCHES: 0 DROPPED PREFETCHES: 0
PSCL3 PREFETCHES SAME FILL-ORIGIN LEVEL: 0 DIFFERENT FILL-ORIGIN LEVEL: 0

PSCL2 TOTAL     ACCESS:      23347  HIT:       9181  MISS:      14166  HIT %:    39.3241  MISS %:    60.6759   MPKI: 0.56664
PSCL2 LOAD TRANSLATION ACCESS:      23347  HIT:       9181  MISS:      14166  HIT %:    39.3241  MISS %:    60.6759   MPKI: 0.56664
PSCL2 PREFETCH  REQUESTED:          0  ISSUED:          0  USEFUL:          0  USELESS:          0
PSCL2 USEFUL LOAD PREFETCHES:          0 PREFETCH ISSUED TO LOWER LEVEL:          0  ACCURACY: -nan
PSCL2 TIMELY PREFETCHES:          0 LATE PREFETCHES: 0 DROPPED PREFETCHES: 0
PSCL2 PREFETCHES SAME FILL-ORIGIN LEVEL: 0 DIFFERENT FILL-ORIGIN LEVEL: 0

LLC TOTAL     ACCESS:     225561  HIT:      89783  MISS:     135778  HIT %:    39.8043  MISS %:    60.1957   MPKI: 5.43112
LLC LOAD      ACCESS:      79881  HIT:      18240  MISS:      61641  HIT %:     22.834  MISS %:     77.166   MPKI: 2.46564
LLC RFO       ACCESS:      36412  HIT:       1882  MISS:      34530  HIT %:    5.16863  MISS %:    94.8314   MPKI: 1.3812
LLC PREFETCH  ACCESS:      29534  HIT:       1835  MISS:      27699  HIT %:    6.21318  MISS %:    93.7868   MPKI: 1.10796
AGUS PREFETCH L1 MISS: 0
LLC WRITEBACK ACCESS:      61684  HIT:      61501  MISS:        183  HIT %:    99.7033  MISS %:   0.296673   MPKI: 0.00732
LLC LOAD TRANSLATION ACCESS:      18050  HIT:       6325  MISS:      11725  HIT %:    35.0416  MISS %:    64.9584   MPKI: 0.469
LLC PREFETCH  REQUESTED:          0  ISSUED:          0  USEFUL:        755  USELESS:      19953
LLC USEFUL LOAD PREFETCHES:        755 PREFETCH ISSUED TO LOWER LEVEL:      27699  ACCURACY: 2.72573
LLC TIMELY PREFETCHES:        755 LATE PREFETCHES: 0 DROPPED PREFETCHES: 0
LLC PREFETCHES SAME FILL-ORIGIN LEVEL: 0 DIFFERENT FILL-ORIGIN LEVEL: 0
LLC AVERAGE MISS LATENCY: 154.716 cycles
LLC RQ	ACCESS:     134343	FORWARD:          0	MERGED:          0	TO_CACHE:     134343
LLC WQ	ACCESS:      61684	FORWARD:          0	MERGED:          0	TO_CACHE:      61684
LLC PQ	ACCESS:      29534	FORWARD:          0	MERGED:          0	TO_CACHE:      29534

LLC Dense regions hint to LLC: 0

RAW hits: 412970
Loads Generated: 7575120
Loads sent to L1D: 7162150
Stores Generated: 3226960
Stores sent to L1D: 3226976
Major fault: 0 Minor fault: 42448
Allocated PAGES: 42448
Degree: 6

DRAM Statistics
 CHANNEL 0
 RQ ROW_BUFFER_HIT:      31052  ROW_BUFFER_MISS:     104543
 DBUS_CONGESTED:         80
 WQ ROW_BUFFER_HIT:      12881  ROW_BUFFER_MISS:      40876  FULL:          0

 AVG_CONGESTED_CYCLE: 5
 All warmup complete: 2
Channel 0 Bank busy for read cycles: 0
Channel 0 Bank busy for write cycles: 0
Channel 0
Rank 0
0banks busy for read cycles: 48719539
0banks busy for write cycles: 15947
1banks busy for read cycles: 6786464
1banks busy for write cycles: 2493801
2banks busy for read cycles: 2091023
2banks busy for write cycles: 1032115
3banks busy for read cycles: 585856
3banks busy for write cycles: 536437
4banks busy for read cycles: 250321
4banks busy for write cycles: 326228
5banks busy for read cycles: 171974
5banks busy for write cycles: 223764
6banks busy for read cycles: 127381
6banks busy for write cycles: 191053
7banks busy for read cycles: 106154
7banks busy for write cycles: 166847
8banks busy for read cycles: 142531
8banks busy for write cycles: 162839

CPU 0 Branch Prediction Accuracy: 96.6781% MPKI: 7.22532 Average ROB Occupancy at Mispredict: 37.1993
Branch types
NOT_BRANCH: 19561996 78.248%
BRANCH_DIRECT_JUMP: 487279 1.94912%
BRANCH_INDIRECT: 19539 0.078156%
BRANCH_CONDITIONAL: 4403958 17.6158%
BRANCH_DIRECT_CALL: 107379 0.429516%
BRANCH_INDIRECT_CALL: 156045 0.62418%
BRANCH_RETURN: 263460 1.05384%
BRANCH_OTHER: 1 4e-06%

DRAM PAGES: 1048576
Allocated PAGES: 42448
