
*** ChampSim Multicore Out-of-Order Simulator ***

Warmup Instructions: 25000000
Simulation Instructions: 25000000
Number of CPUs: 1
LLC sets: 2048
LLC ways: 16
Off-chip DRAM Size: 4096 MB Channels: 1 Width: 64-bit Data Rate: 6400 MT/s
CPU 0 runs ../traces/Trace2.gz
.gz
BTB has LRU replacement policy
ITLB has LRU replacement policy
DTLB has LRU replacement policy
STLB has LRU replacement policy
L1I has LRU replacement policy
------------------------------------------------
        Stride Pattern Prefetcher (SPP)         
------------------------------------------------
L1D has LRU replacement policy
Initialize IRRIP state for L2C
LLC has LRU replacement policy
Heartbeat CPU 0 instructions: 10000000 cycles: 2974854 heartbeat IPC: 3.36151 cumulative IPC: 3.36151 (Simulation time: 0 hr 0 min 16 sec) 
Heartbeat CPU 0 instructions: 20000001 cycles: 5829963 heartbeat IPC: 3.50249 cumulative IPC: 3.43055 (Simulation time: 0 hr 0 min 33 sec) 

Warmup complete CPU 0 instructions: 25000002 cycles: 7248968 (Simulation time: 0 hr 0 min 41 sec) 

Heartbeat CPU 0 instructions: 30000000 cycles: 25644408 heartbeat IPC: 0.504682 cumulative IPC: 0.271806 (Simulation time: 0 hr 0 min 52 sec) 
Heartbeat CPU 0 instructions: 40000002 cycles: 59543889 heartbeat IPC: 0.29499 cumulative IPC: 0.286835 (Simulation time: 0 hr 1 min 15 sec) 
Heartbeat CPU 0 instructions: 50000000 cycles: 104488494 heartbeat IPC: 0.222496 cumulative IPC: 0.257097 (Simulation time: 0 hr 1 min 40 sec) 
Finished CPU 0 instructions: 25000001 cycles: 97239527 cumulative IPC: 0.257097 (Simulation time: 0 hr 1 min 40 sec) 

ChampSim completed all CPUs

Region of Interest Statistics

CPU 0 cumulative IPC: 0.257097 instructions: 25000001 cycles: 97239527
ITLB TOTAL     ACCESS:    3950938  HIT:    3878915  MISS:      72023  HIT %:    98.1771  MISS %:    1.82293   MPKI: 2.88092
ITLB LOAD TRANSLATION ACCESS:    3950938  HIT:    3878915  MISS:      72023  HIT %:    98.1771  MISS %:    1.82293   MPKI: 2.88092
ITLB PREFETCH  REQUESTED:          0  ISSUED:          0  USEFUL:          0  USELESS:          0
ITLB USEFUL LOAD PREFETCHES:          0 PREFETCH ISSUED TO LOWER LEVEL:          0  ACCURACY: -nan
ITLB TIMELY PREFETCHES:          0 LATE PREFETCHES: 0 DROPPED PREFETCHES: 0
ITLB PREFETCHES SAME FILL-ORIGIN LEVEL: 0 DIFFERENT FILL-ORIGIN LEVEL: 0
ITLB AVERAGE MISS LATENCY: 24.177 cycles
ITLB RQ	ACCESS:    4832377	FORWARD:          0	MERGED:     868982	TO_CACHE:    3963395

DTLB TOTAL     ACCESS:    6265639  HIT:    5943629  MISS:     322010  HIT %:    94.8607  MISS %:     5.1393   MPKI: 12.8804
DTLB LOAD TRANSLATION ACCESS:    6265639  HIT:    5943629  MISS:     322010  HIT %:    94.8607  MISS %:     5.1393   MPKI: 12.8804
DTLB PREFETCH  REQUESTED:          0  ISSUED:          0  USEFUL:          0  USELESS:          0
DTLB USEFUL LOAD PREFETCHES:          0 PREFETCH ISSUED TO LOWER LEVEL:          0  ACCURACY: -nan
DTLB TIMELY PREFETCHES:          0 LATE PREFETCHES: 0 DROPPED PREFETCHES: 0
DTLB PREFETCHES SAME FILL-ORIGIN LEVEL: 0 DIFFERENT FILL-ORIGIN LEVEL: 0
DTLB AVERAGE MISS LATENCY: 42.2167 cycles
DTLB RQ	ACCESS:    7719424	FORWARD:          0	MERGED:    1411017	TO_CACHE:    6308407

STLB TOTAL     ACCESS:     503758  HIT:     435602  MISS:      68156  HIT %:    86.4705  MISS %:    13.5295   MPKI: 2.72624
STLB LOAD TRANSLATION ACCESS:     394033  HIT:     325878  MISS:      68155  HIT %:    82.7032  MISS %:    17.2968   MPKI: 2.7262
STLB TRANSLATION FROM L1D PREFETCHER ACCESS:     109725  HIT:     109724  MISS:          1  HIT %:    99.9991  MISS %: 0.000911369   MPKI: 4e-05
STLB PREFETCH  REQUESTED:          0  ISSUED:          0  USEFUL:          1  USELESS:          0
STLB USEFUL LOAD PREFETCHES:          1 PREFETCH ISSUED TO LOWER LEVEL:          0  ACCURACY: inf
STLB TIMELY PREFETCHES:          1 LATE PREFETCHES: 0 DROPPED PREFETCHES: 0
STLB PREFETCHES SAME FILL-ORIGIN LEVEL: 0 DIFFERENT FILL-ORIGIN LEVEL: 0
STLB AVERAGE MISS LATENCY: 172.266 cycles
STLB RQ	ACCESS:     648438	FORWARD:          0	MERGED:     144680	TO_CACHE:     503758

STLB Hit, L1D data hit: 0
STLB Hit, L2C data hit: 0
STLB Hit, LLC data hit: 0
STLB Hit, LLC data miss: 0
STLB STLB hints to L2: 0
L1D TOTAL     ACCESS:    7642795  HIT:    7159989  MISS:     482806  HIT %:    93.6829  MISS %:    6.31714   MPKI: 19.3122
L1D LOAD      ACCESS:    4300302  HIT:    3972865  MISS:     327437  HIT %:    92.3857  MISS %:    7.61428   MPKI: 13.0975
L1D RFO       ACCESS:    3100045  HIT:    2970918  MISS:     129127  HIT %:    95.8347  MISS %:    4.16533   MPKI: 5.16508
L1D PREFETCH  ACCESS:     242448  HIT:     216206  MISS:      26242  HIT %:    89.1762  MISS %:    10.8238   MPKI: 1.04968
AGUS PREFETCH L1 MISS: 0
L1D PREFETCH  REQUESTED:     564662  ISSUED:     564353  USEFUL:      14137  USELESS:      12091
L1D USEFUL LOAD PREFETCHES:      14137 PREFETCH ISSUED TO LOWER LEVEL:      27431  ACCURACY: 51.5366
L1D TIMELY PREFETCHES:      14137 LATE PREFETCHES: 1176 DROPPED PREFETCHES: 0
L1D PREFETCHES SAME FILL-ORIGIN LEVEL: 27431 DIFFERENT FILL-ORIGIN LEVEL: 0
L1D AVERAGE MISS LATENCY: 116631 cycles
L1D RQ	ACCESS:    5757383	FORWARD:          0	MERGED:    1311485	TO_CACHE:    4338669
L1D WQ	ACCESS:    3430198	FORWARD:     107254	MERGED:      49443	TO_CACHE:    3380755
L1D PQ	ACCESS:     309948	FORWARD:          0	MERGED:      55518	TO_CACHE:     254405

L1D UNIQUE REGIONS ACCESSED: 0
L1D REGIONS CONFLICTS: 0
L1D Cross Page Prefetch Requests: 0
L1D Same Page Prefetch Requests: 677194
L1D ROI Sum of L1D PQ occupancy: 3372943
L1D PREFETCHES PUSHED FROM L2C: 0
L1I TOTAL     ACCESS:    4379569  HIT:    3378983  MISS:    1000586  HIT %:    77.1533  MISS %:    22.8467   MPKI: 40.0234
L1I LOAD      ACCESS:    4379569  HIT:    3378983  MISS:    1000586  HIT %:    77.1533  MISS %:    22.8467   MPKI: 40.0234
L1I PREFETCH  REQUESTED:          0  ISSUED:          0  USEFUL:          0  USELESS:          0
L1I USEFUL LOAD PREFETCHES:          0 PREFETCH ISSUED TO LOWER LEVEL:          0  ACCURACY: -nan
L1I TIMELY PREFETCHES:          0 LATE PREFETCHES: 0 DROPPED PREFETCHES: 0
L1I PREFETCHES SAME FILL-ORIGIN LEVEL: 0 DIFFERENT FILL-ORIGIN LEVEL: 0
L1I AVERAGE MISS LATENCY: 38.2237 cycles
L1I RQ	ACCESS:    6615689	FORWARD:          0	MERGED:    1783312	TO_CACHE:    4832377

BTB TOTAL     ACCESS:    2374453  HIT:    1885269  MISS:     489184  HIT %:     79.398  MISS %:     20.602   MPKI: 19.5674
BTB BRANCH_DIRECT_JUMP	ACCESS:     382447  HIT:     266751  MISS:     115696
BTB BRANCH_INDIRECT	ACCESS:      26284  HIT:      15034  MISS:      11250
BTB BRANCH_CONDITIONAL	ACCESS:    1419497  HIT:    1339647  MISS:      79850
BTB BRANCH_DIRECT_CALL	ACCESS:     241009  HIT:     172489  MISS:      68520
BTB BRANCH_INDIRECT_CALL	ACCESS:      31642  HIT:      19335  MISS:      12307
BTB BRANCH_RETURN	ACCESS:     273154  HIT:      71753  MISS:     201401
BTB BRANCH_OTHER ACCESS:        420  HIT:        260  MISS:        160

L2C TOTAL     ACCESS:    1804000  HIT:    1009060  MISS:     794940  HIT %:    55.9346  MISS %:    44.0654   MPKI: 31.7976
L2C LOAD      ACCESS:    1326845  HIT:     733705  MISS:     593140  HIT %:     55.297  MISS %:     44.703   MPKI: 23.7256
L2C DATA LOAD MPKI: 8.50476
L2C INSTRUCTION LOAD MPKI: 15.2208
L2C RFO       ACCESS:     129114  HIT:      48618  MISS:      80496  HIT %:    37.6551  MISS %:    62.3449   MPKI: 3.21984
L2C PREFETCH  ACCESS:      27431  HIT:       5037  MISS:      22394  HIT %:    18.3624  MISS %:    81.6376   MPKI: 0.89576
AGUS PREFETCH L1 MISS: 0
L2C DATA PREFETCH MPKI: 0.89576
L2C INSTRUCTION PREFETCH MPKI: 0
L2C WRITEBACK ACCESS:     207100  HIT:     167396  MISS:      39704  HIT %:    80.8286  MISS %:    19.1714   MPKI: 1.58816
L2C LOAD TRANSLATION ACCESS:     113507  HIT:      54303  MISS:      59204  HIT %:    47.8411  MISS %:    52.1589   MPKI: 2.36816
L2C TRANSLATION FROM L1D PREFETCHER ACCESS:          3  HIT:          1  MISS:          2  HIT %:    33.3333  MISS %:    66.6667   MPKI: 8e-05
L2C PREFETCH  REQUESTED:          0  ISSUED:          0  USEFUL:        283  USELESS:      22336
L2C USEFUL LOAD PREFETCHES:        283 PREFETCH ISSUED TO LOWER LEVEL:      22394  ACCURACY: 1.26373
L2C TIMELY PREFETCHES:        283 LATE PREFETCHES: 0 DROPPED PREFETCHES: 0
L2C PREFETCHES SAME FILL-ORIGIN LEVEL: 0 DIFFERENT FILL-ORIGIN LEVEL: 0
L2C AVERAGE MISS LATENCY: 93.2401 cycles
L2C RQ	ACCESS:    1569471	FORWARD:          0	MERGED:          0	TO_CACHE:    1569469
L2C WQ	ACCESS:     207100	FORWARD:          2	MERGED:          0	TO_CACHE:     207100
L2C PQ	ACCESS:      27431	FORWARD:          0	MERGED:          0	TO_CACHE:      27431

L2C Instructions Evicting Data 141313
L2C Translations Evicting Data 28686
L2C Data Evicting Data 174544
L2C Instructions Evicting Instructions 213220
L2C Translations Evicting Instructions 25443
L2C Data Evicting Instructions 115992
L2C Instructions Evicting Translations 25988
L2C Translations Evicting Translations 5077
L2C Data Evicting Translations 24973
L2C Dense regions hint from L2: 0
PSCL5 TOTAL     ACCESS:      68156  HIT:      68156  MISS:          0  HIT %:        100  MISS %:          0   MPKI: 0
PSCL5 LOAD TRANSLATION ACCESS:      68155  HIT:      68155  MISS:          0  HIT %:        100  MISS %:          0   MPKI: 0
PSCL5 TRANSLATION FROM L1D PREFETCHER ACCESS:          1  HIT:          1  MISS:          0  HIT %:        100  MISS %:          0   MPKI: 0
PSCL5 PREFETCH  REQUESTED:          0  ISSUED:          0  USEFUL:          0  USELESS:          0
PSCL5 USEFUL LOAD PREFETCHES:          0 PREFETCH ISSUED TO LOWER LEVEL:          0  ACCURACY: -nan
PSCL5 TIMELY PREFETCHES:          0 LATE PREFETCHES: 0 DROPPED PREFETCHES: 0
PSCL5 PREFETCHES SAME FILL-ORIGIN LEVEL: 0 DIFFERENT FILL-ORIGIN LEVEL: 0

PSCL4 TOTAL     ACCESS:      54653  HIT:      54275  MISS:        378  HIT %:    99.3084  MISS %:   0.691636   MPKI: 0.01512
PSCL4 LOAD TRANSLATION ACCESS:      54652  HIT:      54274  MISS:        378  HIT %:    99.3084  MISS %:   0.691649   MPKI: 0.01512
PSCL4 TRANSLATION FROM L1D PREFETCHER ACCESS:          1  HIT:          1  MISS:          0  HIT %:        100  MISS %:          0   MPKI: 0
PSCL4 PREFETCH  REQUESTED:          0  ISSUED:          0  USEFUL:          0  USELESS:          0
PSCL4 USEFUL LOAD PREFETCHES:          0 PREFETCH ISSUED TO LOWER LEVEL:          0  ACCURACY: -nan
PSCL4 TIMELY PREFETCHES:          0 LATE PREFETCHES: 0 DROPPED PREFETCHES: 0
PSCL4 PREFETCHES SAME FILL-ORIGIN LEVEL: 0 DIFFERENT FILL-ORIGIN LEVEL: 0

PSCL3 TOTAL     ACCESS:      67926  HIT:      66548  MISS:       1378  HIT %:    97.9713  MISS %:    2.02868   MPKI: 0.05512
PSCL3 LOAD TRANSLATION ACCESS:      67926  HIT:      66548  MISS:       1378  HIT %:    97.9713  MISS %:    2.02868   MPKI: 0.05512
PSCL3 PREFETCH  REQUESTED:          0  ISSUED:          0  USEFUL:          0  USELESS:          0
PSCL3 USEFUL LOAD PREFETCHES:          0 PREFETCH ISSUED TO LOWER LEVEL:          0  ACCURACY: -nan
PSCL3 TIMELY PREFETCHES:          0 LATE PREFETCHES: 0 DROPPED PREFETCHES: 0
PSCL3 PREFETCHES SAME FILL-ORIGIN LEVEL: 0 DIFFERENT FILL-ORIGIN LEVEL: 0

PSCL2 TOTAL     ACCESS:      68156  HIT:      24209  MISS:      43947  HIT %:      35.52  MISS %:      64.48   MPKI: 1.75788
PSCL2 LOAD TRANSLATION ACCESS:      68156  HIT:      24209  MISS:      43947  HIT %:      35.52  MISS %:      64.48   MPKI: 1.75788
PSCL2 PREFETCH  REQUESTED:          0  ISSUED:          0  USEFUL:          0  USELESS:          0
PSCL2 USEFUL LOAD PREFETCHES:          0 PREFETCH ISSUED TO LOWER LEVEL:          0  ACCURACY: -nan
PSCL2 TIMELY PREFETCHES:          0 LATE PREFETCHES: 0 DROPPED PREFETCHES: 0
PSCL2 PREFETCHES SAME FILL-ORIGIN LEVEL: 0 DIFFERENT FILL-ORIGIN LEVEL: 0

LLC TOTAL     ACCESS:     885593  HIT:     569225  MISS:     316368  HIT %:    64.2761  MISS %:    35.7239   MPKI: 12.6547
LLC LOAD      ACCESS:     593139  HIT:     394595  MISS:     198544  HIT %:    66.5266  MISS %:    33.4734   MPKI: 7.94176
LLC RFO       ACCESS:      80496  HIT:      10665  MISS:      69831  HIT %:    13.2491  MISS %:    86.7509   MPKI: 2.79324
LLC PREFETCH  ACCESS:      22394  HIT:       5168  MISS:      17226  HIT %:    23.0776  MISS %:    76.9224   MPKI: 0.68904
AGUS PREFETCH L1 MISS: 0
LLC WRITEBACK ACCESS:     130358  HIT:     129444  MISS:        914  HIT %:    99.2989  MISS %:   0.701146   MPKI: 0.03656
LLC LOAD TRANSLATION ACCESS:      59204  HIT:      29351  MISS:      29853  HIT %:     49.576  MISS %:     50.424   MPKI: 1.19412
LLC TRANSLATION FROM L1D PREFETCHER ACCESS:          2  HIT:          2  MISS:          0  HIT %:        100  MISS %:          0   MPKI: 0
LLC PREFETCH  REQUESTED:          0  ISSUED:          0  USEFUL:        859  USELESS:      21448
LLC USEFUL LOAD PREFETCHES:        859 PREFETCH ISSUED TO LOWER LEVEL:      17226  ACCURACY: 4.98665
LLC TIMELY PREFETCHES:        859 LATE PREFETCHES: 0 DROPPED PREFETCHES: 0
LLC PREFETCHES SAME FILL-ORIGIN LEVEL: 0 DIFFERENT FILL-ORIGIN LEVEL: 0
LLC AVERAGE MISS LATENCY: 161.807 cycles
LLC RQ	ACCESS:     732842	FORWARD:          0	MERGED:          0	TO_CACHE:     732841
LLC WQ	ACCESS:     130358	FORWARD:          1	MERGED:          0	TO_CACHE:     130358
LLC PQ	ACCESS:      22394	FORWARD:          0	MERGED:          0	TO_CACHE:      22394

LLC Dense regions hint to LLC: 0

RAW hits: 200690
Loads Generated: 5958075
Loads sent to L1D: 5757383
Stores Generated: 3430196
Stores sent to L1D: 3430198
Major fault: 0 Minor fault: 45010
Allocated PAGES: 45010
Degree: 2

DRAM Statistics
 CHANNEL 0
 RQ ROW_BUFFER_HIT:      43201  ROW_BUFFER_MISS:     272253
 DBUS_CONGESTED:        120
 WQ ROW_BUFFER_HIT:      33890  ROW_BUFFER_MISS:      75029  FULL:          0

 AVG_CONGESTED_CYCLE: 4
 All warmup complete: 2
Channel 0 Bank busy for read cycles: 0
Channel 0 Bank busy for write cycles: 0
Channel 0
Rank 0
0banks busy for read cycles: 51833306
0banks busy for write cycles: 46205
1banks busy for read cycles: 23591355
1banks busy for write cycles: 7959434
2banks busy for read cycles: 5596763
2banks busy for write cycles: 3069499
3banks busy for read cycles: 1396671
3banks busy for write cycles: 1380451
4banks busy for read cycles: 470171
4banks busy for write cycles: 681550
5banks busy for read cycles: 184208
5banks busy for write cycles: 378937
6banks busy for read cycles: 84418
6banks busy for write cycles: 222869
7banks busy for read cycles: 33261
7banks busy for write cycles: 133928
8banks busy for read cycles: 60804
8banks busy for write cycles: 115698

CPU 0 Branch Prediction Accuracy: 96.8224% MPKI: 6.31212 Average ROB Occupancy at Mispredict: 12.5749
Branch types
NOT_BRANCH: 20033560 80.1342%
BRANCH_DIRECT_JUMP: 382447 1.52979%
BRANCH_INDIRECT: 26284 0.105136%
BRANCH_CONDITIONAL: 4011162 16.0446%
BRANCH_DIRECT_CALL: 241009 0.964036%
BRANCH_INDIRECT_CALL: 31642 0.126568%
BRANCH_RETURN: 273154 1.09262%
BRANCH_OTHER: 420 0.00168%

DRAM PAGES: 1048576
Allocated PAGES: 45010
