
*** ChampSim Multicore Out-of-Order Simulator ***

Warmup Instructions: 25000000
Simulation Instructions: 25000000
Number of CPUs: 1
LLC sets: 2048
LLC ways: 16
Off-chip DRAM Size: 4096 MB Channels: 1 Width: 64-bit Data Rate: 6400 MT/s
CPU 0 runs ../traces/Trace1.gz
.gz
BTB has LRU replacement policy
ITLB has LRU replacement policy
DTLB has LRU replacement policy
STLB has LRU replacement policy
L1I has LRU replacement policy
------------------------------------------------
        Stride Pattern Prefetcher (SPP)         
------------------------------------------------
L1D has LRU replacement policy
Initialize IRRIP state for L2C
LLC has LRU replacement policy
Heartbeat CPU 0 instructions: 10000002 cycles: 2952682 heartbeat IPC: 3.38675 cumulative IPC: 3.38675 (Simulation time: 0 hr 0 min 16 sec) 
Heartbeat CPU 0 instructions: 20000001 cycles: 5913708 heartbeat IPC: 3.37721 cumulative IPC: 3.38197 (Simulation time: 0 hr 0 min 33 sec) 

Warmup complete CPU 0 instructions: 25000004 cycles: 7347871 (Simulation time: 0 hr 0 min 41 sec) 

Heartbeat CPU 0 instructions: 30000003 cycles: 31213017 heartbeat IPC: 0.395268 cumulative IPC: 0.209511 (Simulation time: 0 hr 0 min 53 sec) 
Heartbeat CPU 0 instructions: 40000002 cycles: 71406777 heartbeat IPC: 0.248795 cumulative IPC: 0.234159 (Simulation time: 0 hr 1 min 15 sec) 
Heartbeat CPU 0 instructions: 50000000 cycles: 114106217 heartbeat IPC: 0.234195 cumulative IPC: 0.234174 (Simulation time: 0 hr 1 min 40 sec) 
Finished CPU 0 instructions: 25000000 cycles: 106758350 cumulative IPC: 0.234174 (Simulation time: 0 hr 1 min 40 sec) 

ChampSim completed all CPUs

Region of Interest Statistics

CPU 0 cumulative IPC: 0.234174 instructions: 25000000 cycles: 106758350
ITLB TOTAL     ACCESS:    3637055  HIT:    3615646  MISS:      21409  HIT %:    99.4114  MISS %:   0.588636   MPKI: 0.85636
ITLB LOAD TRANSLATION ACCESS:    3637055  HIT:    3615646  MISS:      21409  HIT %:    99.4114  MISS %:   0.588636   MPKI: 0.85636
ITLB PREFETCH  REQUESTED:          0  ISSUED:          0  USEFUL:          0  USELESS:          0
ITLB USEFUL LOAD PREFETCHES:          0 PREFETCH ISSUED TO LOWER LEVEL:          0  ACCURACY: -nan
ITLB TIMELY PREFETCHES:          0 LATE PREFETCHES: 0 DROPPED PREFETCHES: 0
ITLB PREFETCHES SAME FILL-ORIGIN LEVEL: 0 DIFFERENT FILL-ORIGIN LEVEL: 0
ITLB AVERAGE MISS LATENCY: 42.8215 cycles
ITLB RQ	ACCESS:    4548460	FORWARD:          0	MERGED:     908263	TO_CACHE:    3640197

DTLB TOTAL     ACCESS:    5933319  HIT:    5740330  MISS:     192989  HIT %:    96.7474  MISS %:    3.25263   MPKI: 7.71956
DTLB LOAD TRANSLATION ACCESS:    5933319  HIT:    5740330  MISS:     192989  HIT %:    96.7474  MISS %:    3.25263   MPKI: 7.71956
DTLB PREFETCH  REQUESTED:          0  ISSUED:          0  USEFUL:          0  USELESS:          0
DTLB USEFUL LOAD PREFETCHES:          0 PREFETCH ISSUED TO LOWER LEVEL:          0  ACCURACY: -nan
DTLB TIMELY PREFETCHES:          0 LATE PREFETCHES: 0 DROPPED PREFETCHES: 0
DTLB PREFETCHES SAME FILL-ORIGIN LEVEL: 0 DIFFERENT FILL-ORIGIN LEVEL: 0
DTLB AVERAGE MISS LATENCY: 81.5581 cycles
DTLB RQ	ACCESS:    7334413	FORWARD:          0	MERGED:    1363492	TO_CACHE:    5970921

STLB TOTAL     ACCESS:     379761  HIT:     308392  MISS:      71369  HIT %:    81.2069  MISS %:    18.7931   MPKI: 2.85476
STLB LOAD TRANSLATION ACCESS:     214398  HIT:     143029  MISS:      71369  HIT %:    66.7119  MISS %:    33.2881   MPKI: 2.85476
STLB TRANSLATION FROM L1D PREFETCHER ACCESS:     165363  HIT:     165363  MISS:          0  HIT %:        100  MISS %:          0   MPKI: 0
STLB PREFETCH  REQUESTED:          0  ISSUED:          0  USEFUL:          0  USELESS:          0
STLB USEFUL LOAD PREFETCHES:          0 PREFETCH ISSUED TO LOWER LEVEL:          0  ACCURACY: -nan
STLB TIMELY PREFETCHES:          0 LATE PREFETCHES: 0 DROPPED PREFETCHES: 0
STLB PREFETCHES SAME FILL-ORIGIN LEVEL: 0 DIFFERENT FILL-ORIGIN LEVEL: 0
STLB AVERAGE MISS LATENCY: 205.927 cycles
STLB RQ	ACCESS:     642097	FORWARD:          0	MERGED:     262335	TO_CACHE:     379762

STLB Hit, L1D data hit: 0
STLB Hit, L2C data hit: 0
STLB Hit, LLC data hit: 0
STLB Hit, LLC data miss: 0
STLB STLB hints to L2: 0
L1D TOTAL     ACCESS:    7476165  HIT:    7066847  MISS:     409318  HIT %:     94.525  MISS %:    5.47497   MPKI: 16.3727
L1D LOAD      ACCESS:    4298185  HIT:    4059416  MISS:     238769  HIT %:    94.4449  MISS %:    5.55511   MPKI: 9.55076
L1D RFO       ACCESS:    2774829  HIT:    2668325  MISS:     106504  HIT %:    96.1618  MISS %:    3.83822   MPKI: 4.26016
L1D PREFETCH  ACCESS:     403151  HIT:     339106  MISS:      64045  HIT %:    84.1139  MISS %:    15.8861   MPKI: 2.5618
AGUS PREFETCH L1 MISS: 0
L1D PREFETCH  REQUESTED:     910251  ISSUED:     909990  USEFUL:      38279  USELESS:      25736
L1D USEFUL LOAD PREFETCHES:      38279 PREFETCH ISSUED TO LOWER LEVEL:      68913  ACCURACY: 55.5468
L1D TIMELY PREFETCHES:      38279 LATE PREFETCHES: 4463 DROPPED PREFETCHES: 0
L1D PREFETCHES SAME FILL-ORIGIN LEVEL: 68913 DIFFERENT FILL-ORIGIN LEVEL: 0
L1D AVERAGE MISS LATENCY: 726312 cycles
L1D RQ	ACCESS:    5850460	FORWARD:          0	MERGED:    1445009	TO_CACHE:    4327963
L1D WQ	ACCESS:    3047625	FORWARD:      77663	MERGED:      41175	TO_CACHE:    3006450
L1D PQ	ACCESS:     482291	FORWARD:          0	MERGED:      54417	TO_CACHE:     427699

L1D UNIQUE REGIONS ACCESSED: 0
L1D REGIONS CONFLICTS: 0
L1D Cross Page Prefetch Requests: 0
L1D Same Page Prefetch Requests: 1339063
L1D ROI Sum of L1D PQ occupancy: 5815572
L1D PREFETCHES PUSHED FROM L2C: 0
L1I TOTAL     ACCESS:    4395822  HIT:    4033712  MISS:     362110  HIT %:    91.7624  MISS %:    8.23759   MPKI: 14.4844
L1I LOAD      ACCESS:    4395822  HIT:    4033712  MISS:     362110  HIT %:    91.7624  MISS %:    8.23759   MPKI: 14.4844
L1I PREFETCH  REQUESTED:          0  ISSUED:          0  USEFUL:          0  USELESS:          0
L1I USEFUL LOAD PREFETCHES:          0 PREFETCH ISSUED TO LOWER LEVEL:          0  ACCURACY: -nan
L1I TIMELY PREFETCHES:          0 LATE PREFETCHES: 0 DROPPED PREFETCHES: 0
L1I PREFETCHES SAME FILL-ORIGIN LEVEL: 0 DIFFERENT FILL-ORIGIN LEVEL: 0
L1I AVERAGE MISS LATENCY: 110.988 cycles
L1I RQ	ACCESS:    6251296	FORWARD:          0	MERGED:    1702836	TO_CACHE:    4548460

BTB TOTAL     ACCESS:    2029937  HIT:    1730538  MISS:     299399  HIT %:    85.2508  MISS %:    14.7492   MPKI: 11.976
BTB BRANCH_DIRECT_JUMP	ACCESS:     126163  HIT:     102446  MISS:      23717
BTB BRANCH_INDIRECT	ACCESS:      45810  HIT:      28349  MISS:      17461
BTB BRANCH_CONDITIONAL	ACCESS:    1410836  HIT:    1350768  MISS:      60068
BTB BRANCH_DIRECT_CALL	ACCESS:     192147  HIT:     136830  MISS:      55317
BTB BRANCH_INDIRECT_CALL	ACCESS:      31367  HIT:      17496  MISS:      13871
BTB BRANCH_RETURN	ACCESS:     223607  HIT:      94649  MISS:     128958
BTB BRANCH_OTHER ACCESS:          7  HIT:          0  MISS:          7

L2C TOTAL     ACCESS:    1045234  HIT:     405058  MISS:     640176  HIT %:    38.7529  MISS %:    61.2471   MPKI: 25.607
L2C LOAD      ACCESS:     596414  HIT:     182186  MISS:     414228  HIT %:    30.5469  MISS %:    69.4531   MPKI: 16.5691
L2C DATA LOAD MPKI: 6.52616
L2C INSTRUCTION LOAD MPKI: 10.043
L2C RFO       ACCESS:     106098  HIT:      17215  MISS:      88883  HIT %:    16.2256  MISS %:    83.7744   MPKI: 3.55532
L2C PREFETCH  ACCESS:      68912  HIT:      14457  MISS:      54455  HIT %:    20.9789  MISS %:    79.0211   MPKI: 2.1782
AGUS PREFETCH L1 MISS: 0
L2C DATA PREFETCH MPKI: 2.1782
L2C INSTRUCTION PREFETCH MPKI: 0
L2C WRITEBACK ACCESS:     156224  HIT:     131135  MISS:      25089  HIT %:    83.9404  MISS %:    16.0596   MPKI: 1.00356
L2C LOAD TRANSLATION ACCESS:     117586  HIT:      60065  MISS:      57521  HIT %:    51.0818  MISS %:    48.9182   MPKI: 2.30084
L2C PREFETCH  REQUESTED:          0  ISSUED:          0  USEFUL:        831  USELESS:      53433
L2C USEFUL LOAD PREFETCHES:        831 PREFETCH ISSUED TO LOWER LEVEL:      54455  ACCURACY: 1.52603
L2C TIMELY PREFETCHES:        831 LATE PREFETCHES: 0 DROPPED PREFETCHES: 0
L2C PREFETCHES SAME FILL-ORIGIN LEVEL: 0 DIFFERENT FILL-ORIGIN LEVEL: 0
L2C AVERAGE MISS LATENCY: 137.619 cycles
L2C RQ	ACCESS:     820101	FORWARD:          0	MERGED:          0	TO_CACHE:     820098
L2C WQ	ACCESS:     156224	FORWARD:          4	MERGED:          0	TO_CACHE:     156224
L2C PQ	ACCESS:      68913	FORWARD:          0	MERGED:          0	TO_CACHE:      68912

L2C Instructions Evicting Data 128520
L2C Translations Evicting Data 29929
L2C Data Evicting Data 159556
L2C Instructions Evicting Instructions 100301
L2C Translations Evicting Instructions 22329
L2C Data Evicting Instructions 118938
L2C Instructions Evicting Translations 22253
L2C Translations Evicting Translations 5263
L2C Data Evicting Translations 27998
L2C Dense regions hint from L2: 0
PSCL5 TOTAL     ACCESS:      71369  HIT:      71369  MISS:          0  HIT %:        100  MISS %:          0   MPKI: 0
PSCL5 LOAD TRANSLATION ACCESS:      71369  HIT:      71369  MISS:          0  HIT %:        100  MISS %:          0   MPKI: 0
PSCL5 PREFETCH  REQUESTED:          0  ISSUED:          0  USEFUL:          0  USELESS:          0
PSCL5 USEFUL LOAD PREFETCHES:          0 PREFETCH ISSUED TO LOWER LEVEL:          0  ACCURACY: -nan
PSCL5 TIMELY PREFETCHES:          0 LATE PREFETCHES: 0 DROPPED PREFETCHES: 0
PSCL5 PREFETCHES SAME FILL-ORIGIN LEVEL: 0 DIFFERENT FILL-ORIGIN LEVEL: 0

PSCL4 TOTAL     ACCESS:      70569  HIT:      70368  MISS:        201  HIT %:    99.7152  MISS %:   0.284828   MPKI: 0.00804
PSCL4 LOAD TRANSLATION ACCESS:      70569  HIT:      70368  MISS:        201  HIT %:    99.7152  MISS %:   0.284828   MPKI: 0.00804
PSCL4 PREFETCH  REQUESTED:          0  ISSUED:          0  USEFUL:          0  USELESS:          0
PSCL4 USEFUL LOAD PREFETCHES:          0 PREFETCH ISSUED TO LOWER LEVEL:          0  ACCURACY: -nan
PSCL4 TIMELY PREFETCHES:          0 LATE PREFETCHES: 0 DROPPED PREFETCHES: 0
PSCL4 PREFETCHES SAME FILL-ORIGIN LEVEL: 0 DIFFERENT FILL-ORIGIN LEVEL: 0

PSCL3 TOTAL     ACCESS:      69937  HIT:      65861  MISS:       4076  HIT %:    94.1719  MISS %:     5.8281   MPKI: 0.16304
PSCL3 LOAD TRANSLATION ACCESS:      69937  HIT:      65861  MISS:       4076  HIT %:    94.1719  MISS %:     5.8281   MPKI: 0.16304
PSCL3 PREFETCH  REQUESTED:          0  ISSUED:          0  USEFUL:          0  USELESS:          0
PSCL3 USEFUL LOAD PREFETCHES:          0 PREFETCH ISSUED TO LOWER LEVEL:          0  ACCURACY: -nan
PSCL3 TIMELY PREFETCHES:          0 LATE PREFETCHES: 0 DROPPED PREFETCHES: 0
PSCL3 PREFETCHES SAME FILL-ORIGIN LEVEL: 0 DIFFERENT FILL-ORIGIN LEVEL: 0

PSCL2 TOTAL     ACCESS:      71369  HIT:      29161  MISS:      42208  HIT %:    40.8595  MISS %:    59.1405   MPKI: 1.68832
PSCL2 LOAD TRANSLATION ACCESS:      71369  HIT:      29161  MISS:      42208  HIT %:    40.8595  MISS %:    59.1405   MPKI: 1.68832
PSCL2 PREFETCH  REQUESTED:          0  ISSUED:          0  USEFUL:          0  USELESS:          0
PSCL2 USEFUL LOAD PREFETCHES:          0 PREFETCH ISSUED TO LOWER LEVEL:          0  ACCURACY: -nan
PSCL2 TIMELY PREFETCHES:          0 LATE PREFETCHES: 0 DROPPED PREFETCHES: 0
PSCL2 PREFETCHES SAME FILL-ORIGIN LEVEL: 0 DIFFERENT FILL-ORIGIN LEVEL: 0

LLC TOTAL     ACCESS:     741960  HIT:     288943  MISS:     453017  HIT %:    38.9432  MISS %:    61.0568   MPKI: 18.1207
LLC LOAD      ACCESS:     414228  HIT:     119735  MISS:     294493  HIT %:    28.9056  MISS %:    71.0944   MPKI: 11.7797
LLC RFO       ACCESS:      88883  HIT:       6575  MISS:      82308  HIT %:    7.39737  MISS %:    92.6026   MPKI: 3.29232
LLC PREFETCH  ACCESS:      54455  HIT:      14206  MISS:      40249  HIT %:    26.0876  MISS %:    73.9124   MPKI: 1.60996
AGUS PREFETCH L1 MISS: 0
LLC WRITEBACK ACCESS:     126873  HIT:     125853  MISS:       1020  HIT %:     99.196  MISS %:   0.803954   MPKI: 0.0408
LLC LOAD TRANSLATION ACCESS:      57521  HIT:      22574  MISS:      34947  HIT %:    39.2448  MISS %:    60.7552   MPKI: 1.39788
LLC PREFETCH  REQUESTED:          0  ISSUED:          0  USEFUL:       2736  USELESS:      37670
LLC USEFUL LOAD PREFETCHES:       2736 PREFETCH ISSUED TO LOWER LEVEL:      40249  ACCURACY: 6.79768
LLC TIMELY PREFETCHES:       2736 LATE PREFETCHES: 0 DROPPED PREFETCHES: 0
LLC PREFETCHES SAME FILL-ORIGIN LEVEL: 0 DIFFERENT FILL-ORIGIN LEVEL: 0
LLC AVERAGE MISS LATENCY: 153.064 cycles
LLC RQ	ACCESS:     560632	FORWARD:          0	MERGED:          0	TO_CACHE:     560632
LLC WQ	ACCESS:     126873	FORWARD:          0	MERGED:          0	TO_CACHE:     126873
LLC PQ	ACCESS:      54455	FORWARD:          0	MERGED:          0	TO_CACHE:      54455

LLC Dense regions hint to LLC: 0

RAW hits: 192441
Loads Generated: 6042902
Loads sent to L1D: 5850460
Stores Generated: 3047659
Stores sent to L1D: 3047660
Major fault: 0 Minor fault: 45579
Allocated PAGES: 45579
Degree: 2

DRAM Statistics
 CHANNEL 0
 RQ ROW_BUFFER_HIT:     101148  ROW_BUFFER_MISS:     350848
 DBUS_CONGESTED:        243
 WQ ROW_BUFFER_HIT:      41737  ROW_BUFFER_MISS:      71830  FULL:          0

 AVG_CONGESTED_CYCLE: 4
 All warmup complete: 2
Channel 0 Bank busy for read cycles: 0
Channel 0 Bank busy for write cycles: 0
Channel 0
Rank 0
0banks busy for read cycles: 47328404
0banks busy for write cycles: 50728
1banks busy for read cycles: 32850197
1banks busy for write cycles: 9679972
2banks busy for read cycles: 7193583
2banks busy for write cycles: 3611852
3banks busy for read cycles: 1414250
3banks busy for write cycles: 1590596
4banks busy for read cycles: 496055
4banks busy for write cycles: 774752
5banks busy for read cycles: 262873
5banks busy for write cycles: 428913
6banks busy for read cycles: 173087
6banks busy for write cycles: 259197
7banks busy for read cycles: 97488
7banks busy for write cycles: 191413
8banks busy for read cycles: 148519
8banks busy for write cycles: 206472

CPU 0 Branch Prediction Accuracy: 91.1975% MPKI: 16.1264 Average ROB Occupancy at Mispredict: 13.6778
Branch types
NOT_BRANCH: 20419575 81.6783%
BRANCH_DIRECT_JUMP: 126163 0.504652%
BRANCH_INDIRECT: 45810 0.18324%
BRANCH_CONDITIONAL: 3960982 15.8439%
BRANCH_DIRECT_CALL: 192147 0.768588%
BRANCH_INDIRECT_CALL: 31367 0.125468%
BRANCH_RETURN: 223607 0.894428%
BRANCH_OTHER: 7 2.8e-05%

DRAM PAGES: 1048576
Allocated PAGES: 45579
